Archive member included to satisfy reference by file (symbol)

C:\Users\jains\SimplicityStudio\v4_workspace\I2C\platform\radio\rail_lib\autogen\librail_release\librail_efr32xg13_gcc_release.a(rail_pti.o)
                              ./pti.o (RAIL_ConfigPti)
C:\Users\jains\SimplicityStudio\v4_workspace\I2C\platform\radio\rail_lib\autogen\librail_release\librail_efr32xg13_gcc_release.a(rail_rf_hal.o)
                              C:\Users\jains\SimplicityStudio\v4_workspace\I2C\platform\radio\rail_lib\autogen\librail_release\librail_efr32xg13_gcc_release.a(rail_pti.o) (RFHAL_ConfigPti)
C:\Users\jains\SimplicityStudio\v4_workspace\I2C\platform\radio\rail_lib\autogen\librail_release\librail_efr32xg13_gcc_release.a(rail_ieee802154_rf_hal.o)
                              C:\Users\jains\SimplicityStudio\v4_workspace\I2C\platform\radio\rail_lib\autogen\librail_release\librail_efr32xg13_gcc_release.a(rail_rf_hal.o) (RFHAL_IEEE802154IsEnabled)
C:\Users\jains\SimplicityStudio\v4_workspace\I2C\platform\radio\rail_lib\autogen\librail_release\librail_efr32xg13_gcc_release.a(ieee802154_efr32xg13_configurator_out.o)
                              C:\Users\jains\SimplicityStudio\v4_workspace\I2C\platform\radio\rail_lib\autogen\librail_release\librail_efr32xg13_gcc_release.a(rail_ieee802154_rf_hal.o) (ieee802154_coherent_min)
C:\Users\jains\SimplicityStudio\v4_workspace\I2C\platform\radio\rail_lib\autogen\librail_release\librail_efr32xg13_gcc_release.a(ieee802154_gb868_efr32xg13_configurator_out.o)
                              C:\Users\jains\SimplicityStudio\v4_workspace\I2C\platform\radio\rail_lib\autogen\librail_release\librail_efr32xg13_gcc_release.a(rail_ieee802154_rf_hal.o) (ieee802154_gb868_config_915_min)
C:\Users\jains\SimplicityStudio\v4_workspace\I2C\platform\radio\rail_lib\autogen\librail_release\librail_efr32xg13_gcc_release.a(rail_ble_rf_hal.o)
                              C:\Users\jains\SimplicityStudio\v4_workspace\I2C\platform\radio\rail_lib\autogen\librail_release\librail_efr32xg13_gcc_release.a(rail_rf_hal.o) (RFHAL_IsBleLongRangeEnabled)
C:\Users\jains\SimplicityStudio\v4_workspace\I2C\platform\radio\rail_lib\autogen\librail_release\librail_efr32xg13_gcc_release.a(ble_efr32xg13_configurator_out.o)
                              C:\Users\jains\SimplicityStudio\v4_workspace\I2C\platform\radio\rail_lib\autogen\librail_release\librail_efr32xg13_gcc_release.a(rail_ble_rf_hal.o) (ble_viterbi2M_min)
C:\Users\jains\SimplicityStudio\v4_workspace\I2C\platform\radio\rail_lib\autogen\librail_release\librail_efr32xg13_gcc_release.a(rail_singleprotocol.o)
                              C:\Users\jains\SimplicityStudio\v4_workspace\I2C\platform\radio\rail_lib\autogen\librail_release\librail_efr32xg13_gcc_release.a(rail_rf_hal.o) (RAIL_ActiveHandle)
C:\Users\jains\SimplicityStudio\v4_workspace\I2C\platform\radio\rail_lib\autogen\librail_release\librail_efr32xg13_gcc_release.a(rail_rf.o)
                              C:\Users\jains\SimplicityStudio\v4_workspace\I2C\platform\radio\rail_lib\autogen\librail_release\librail_efr32xg13_gcc_release.a(rail_singleprotocol.o) (RAILCore_Init)
C:\Users\jains\SimplicityStudio\v4_workspace\I2C\platform\radio\rail_lib\autogen\librail_release\librail_efr32xg13_gcc_release.a(rail_rx.o)
                              C:\Users\jains\SimplicityStudio\v4_workspace\I2C\platform\radio\rail_lib\autogen\librail_release\librail_efr32xg13_gcc_release.a(rail_rf_hal.o) (RAILCore_StartRx)
C:\Users\jains\SimplicityStudio\v4_workspace\I2C\platform\radio\rail_lib\autogen\librail_release\librail_efr32xg13_gcc_release.a(rail_tx.o)
                              C:\Users\jains\SimplicityStudio\v4_workspace\I2C\platform\radio\rail_lib\autogen\librail_release\librail_efr32xg13_gcc_release.a(rail_singleprotocol.o) (RAILCore_StartTxStream)
C:\Users\jains\SimplicityStudio\v4_workspace\I2C\platform\radio\rail_lib\autogen\librail_release\librail_efr32xg13_gcc_release.a(rail_calibration.o)
                              C:\Users\jains\SimplicityStudio\v4_workspace\I2C\platform\radio\rail_lib\autogen\librail_release\librail_efr32xg13_gcc_release.a(rail_rf_hal.o) (RAILInt_PendCal)
C:\Users\jains\SimplicityStudio\v4_workspace\I2C\platform\radio\rail_lib\autogen\librail_release\librail_efr32xg13_gcc_release.a(rail_data.o)
                              C:\Users\jains\SimplicityStudio\v4_workspace\I2C\platform\radio\rail_lib\autogen\librail_release\librail_efr32xg13_gcc_release.a(rail_rf_hal.o) (RAILCb_SetupRxFifo)
C:\Users\jains\SimplicityStudio\v4_workspace\I2C\platform\radio\rail_lib\autogen\librail_release\librail_efr32xg13_gcc_release.a(rail_assert.o)
                              C:\Users\jains\SimplicityStudio\v4_workspace\I2C\platform\radio\rail_lib\autogen\librail_release\librail_efr32xg13_gcc_release.a(rail_rf.o) (RAILInt_Assert)
C:\Users\jains\SimplicityStudio\v4_workspace\I2C\platform\radio\rail_lib\autogen\librail_release\librail_efr32xg13_gcc_release.a(rail_rssi.o)
[...]
Memory Configuration

Name             Origin             Length             Attributes
FLASH_BOOTLOADER 0x0fe10000         0x00004000         xr
FLASH            0x00000000         0x0007f000         xr
RAM              0x20000000         0x00010000         xrw
*default*        0x00000000         0xffffffff

Linker script and memory map

LOAD c:/siliconlabs/simplicitystudio/v4/developer/toolchains/gnu_arm/7.2_2017q4/bin/../lib/gcc/arm-none-eabi/7.2.1/thumb/v7e-m/fpv4-sp/softfp/crti.o
LOAD c:/siliconlabs/simplicitystudio/v4/developer/toolchains/gnu_arm/7.2_2017q4/bin/../lib/gcc/arm-none-eabi/7.2.1/thumb/v7e-m/fpv4-sp/softfp/crtbegin.o
LOAD c:/siliconlabs/simplicitystudio/v4/developer/toolchains/gnu_arm/7.2_2017q4/bin/../lib/gcc/arm-none-eabi/7.2.1/../../../../arm-none-eabi/lib/thumb/v7e-m/fpv4-sp/softfp/crt0.o
START GROUP
LOAD ./application_properties.o
LOAD ./gatt_db.o
LOAD ./init_app.o
LOAD ./init_board.o
LOAD ./init_mcu.o
LOAD ./main.o
LOAD ./pti.o
LOAD ./hardware/kit/common/bsp/bsp_stk.o
LOAD ./hardware/kit/common/drivers/i2cspm.o
LOAD ./hardware/kit/common/drivers/mx25flash_spi.o
LOAD ./hardware/kit/common/drivers/si7013.o
LOAD ./hardware/kit/common/drivers/tempsens.o
LOAD ./hardware/kit/common/drivers/udelay.o
LOAD ./platform/Device/SiliconLabs/EFR32BG13P/Source/GCC/startup_efr32bg13p.o
LOAD ./platform/Device/SiliconLabs/EFR32BG13P/Source/system_efr32bg13p.o
LOAD ./platform/emdrv/sleep/src/sleep.o
LOAD ./platform/emlib/src/em_acmp.o
LOAD ./platform/emlib/src/em_adc.o
LOAD ./platform/emlib/src/em_aes.o
LOAD ./platform/emlib/src/em_assert.o
LOAD ./platform/emlib/src/em_burtc.o
LOAD ./platform/emlib/src/em_can.o
LOAD ./platform/emlib/src/em_cmu.o
LOAD ./platform/emlib/src/em_core.o
LOAD ./platform/emlib/src/em_cryotimer.o
LOAD ./platform/emlib/src/em_crypto.o
LOAD ./platform/emlib/src/em_csen.o
LOAD ./platform/emlib/src/em_dac.o
LOAD ./platform/emlib/src/em_dbg.o
LOAD ./platform/emlib/src/em_dma.o
LOAD ./platform/emlib/src/em_ebi.o
LOAD ./platform/emlib/src/em_emu.o
LOAD ./platform/emlib/src/em_gpcrc.o
LOAD ./platform/emlib/src/em_gpio.o
LOAD ./platform/emlib/src/em_i2c.o
LOAD ./platform/emlib/src/em_idac.o
LOAD ./platform/emlib/src/em_int.o
LOAD ./platform/emlib/src/em_lcd.o
LOAD ./platform/emlib/src/em_ldma.o
LOAD ./platform/emlib/src/em_lesense.o
LOAD ./platform/emlib/src/em_letimer.o
LOAD ./platform/emlib/src/em_leuart.o
LOAD ./platform/emlib/src/em_mpu.o
LOAD ./platform/emlib/src/em_msc.o
LOAD ./platform/emlib/src/em_opamp.o
LOAD ./platform/emlib/src/em_pcnt.o
LOAD ./platform/emlib/src/em_prs.o
LOAD ./platform/emlib/src/em_qspi.o
LOAD ./platform/emlib/src/em_rmu.o
LOAD ./platform/emlib/src/em_rtc.o
LOAD ./platform/emlib/src/em_rtcc.o
LOAD ./platform/emlib/src/em_system.o
LOAD ./platform/emlib/src/em_timer.o
LOAD ./platform/emlib/src/em_usart.o
LOAD ./platform/emlib/src/em_vcmp.o
LOAD ./platform/emlib/src/em_vdac.o
LOAD ./platform/emlib/src/em_wdog.o
LOAD ./src/cmu.o
LOAD ./src/gpio.o
LOAD ./src/i2c0_tempsense.o
LOAD ./src/letimer0.o
LOAD ./src/sleepy.o
LOAD C:\Users\jains\SimplicityStudio\v4_workspace\I2C\platform\radio\rail_lib\autogen\librail_release\librail_efr32xg13_gcc_release.a
LOAD C:\Users\jains\SimplicityStudio\v4_workspace\I2C\protocol\bluetooth\lib\EFR32BG13P\GCC\binapploader.o
LOAD C:\Users\jains\SimplicityStudio\v4_workspace\I2C\protocol\bluetooth\lib\EFR32BG13P\GCC\libbluetooth.a
LOAD C:\Users\jains\SimplicityStudio\v4_workspace\I2C\protocol\bluetooth\lib\EFR32BG13P\GCC\libpsstore.a
LOAD C:\Users\jains\SimplicityStudio\v4_workspace\I2C\protocol\bluetooth\lib\EFR32BG13P\GCC\libmbedtls.a
LOAD c:/siliconlabs/simplicitystudio/v4/developer/toolchains/gnu_arm/7.2_2017q4/bin/../lib/gcc/arm-none-eabi/7.2.1/../../../../arm-none-eabi/lib/thumb/v7e-m/fpv4-sp/softfp\libm.a
END GROUP
START GROUP
LOAD c:/siliconlabs/simplicitystudio/v4/developer/toolchains/gnu_arm/7.2_2017q4/bin/../lib/gcc/arm-none-eabi/7.2.1/thumb/v7e-m/fpv4-sp/softfp\libgcc.a
LOAD c:/siliconlabs/simplicitystudio/v4/developer/toolchains/gnu_arm/7.2_2017q4/bin/../lib/gcc/arm-none-eabi/7.2.1/../../../../arm-none-eabi/lib/thumb/v7e-m/fpv4-sp/softfp\libc_nano.a
LOAD c:/siliconlabs/simplicitystudio/v4/developer/toolchains/gnu_arm/7.2_2017q4/bin/../lib/gcc/arm-none-eabi/7.2.1/../../../../arm-none-eabi/lib/thumb/v7e-m/fpv4-sp/softfp\libnosys.a
END GROUP
START GROUP
LOAD c:/siliconlabs/simplicitystudio/v4/developer/toolchains/gnu_arm/7.2_2017q4/bin/../lib/gcc/arm-none-eabi/7.2.1/thumb/v7e-m/fpv4-sp/softfp\libgcc.a
LOAD c:/siliconlabs/simplicitystudio/v4/developer/toolchains/gnu_arm/7.2_2017q4/bin/../lib/gcc/arm-none-eabi/7.2.1/../../../../arm-none-eabi/lib/thumb/v7e-m/fpv4-sp/softfp\libg_nano.a
LOAD c:/siliconlabs/simplicitystudio/v4/developer/toolchains/gnu_arm/7.2_2017q4/bin/../lib/gcc/arm-none-eabi/7.2.1/../../../../arm-none-eabi/lib/thumb/v7e-m/fpv4-sp/softfp\libc_nano.a
END GROUP
START GROUP
LOAD c:/siliconlabs/simplicitystudio/v4/developer/toolchains/gnu_arm/7.2_2017q4/bin/../lib/gcc/arm-none-eabi/7.2.1/thumb/v7e-m/fpv4-sp/softfp\libgcc.a
LOAD c:/siliconlabs/simplicitystudio/v4/developer/toolchains/gnu_arm/7.2_2017q4/bin/../lib/gcc/arm-none-eabi/7.2.1/../../../../arm-none-eabi/lib/thumb/v7e-m/fpv4-sp/softfp\libc_nano.a
END GROUP
LOAD c:/siliconlabs/simplicitystudio/v4/developer/toolchains/gnu_arm/7.2_2017q4/bin/../lib/gcc/arm-none-eabi/7.2.1/thumb/v7e-m/fpv4-sp/softfp/crtend.o
LOAD c:/siliconlabs/simplicitystudio/v4/developer/toolchains/gnu_arm/7.2_2017q4/bin/../lib/gcc/arm-none-eabi/7.2.1/thumb/v7e-m/fpv4-sp/softfp/crtn.o

.text_bootloader
                0x0fe10000        0x0
 *(.binbootloader*)
                0x0fe10000                . = ALIGN (0x4000)

.text_apploader
                0x00000000     0x8fc0
 *(.binapploader*)
 .binapploader  0x00000000     0x8fc0 C:\Users\jains\SimplicityStudio\v4_workspace\I2C\protocol\bluetooth\lib\EFR32BG13P\GCC\binapploader.o

.text_signature
                0x00008fc0       0x40
                0x00009000                . = ALIGN (0x800)
 *fill*         0x00008fc0       0x40 
                0x00009000                __text_start__ = .

.text_application
                0x00009000    0x21fe0
 *(.vectors)
 .vectors       0x00009000       0xfc ./platform/Device/SiliconLabs/EFR32BG13P/Source/GCC/startup_efr32bg13p.o
                0x00009000                __Vectors
                0x000090fc                __Vectors_End = .
                0x000000fc                __Vectors_Size = (__Vectors_End - __Vectors)
                0x000090fc                __end__ = .
 *(.application_properties)
 .application_properties
                0x000090fc       0x38 ./application_properties.o
                0x000090fc                applicationProperties
 *(.gecko_configuration)
 *(.xo_configuration)
 *(.gatt_header)
 .gatt_header   0x00009134       0x34 ./gatt_db.o
                0x00009134                bg_gattdb_data
 *(.gatt_data)
 .gatt_data     0x00009168      0x1c5 ./gatt_db.o
                0x00009168                bg_gattdb_data_uuidtable_16_map
                0x00009184                bg_gattdb_data_uuidtable_128_map
                0x000091a4                bg_gattdb_data_attribute_field_18
                0x000091ac                bg_gattdb_data_attribute_field_17
                0x000091c4                bg_gattdb_data_attribute_field_16
                0x000091d8                bg_gattdb_data_attribute_field_14
                0x000091e0                bg_gattdb_data_attribute_field_13
                0x000091e8                bg_gattdb_data_attribute_field_12
                0x000091ec                bg_gattdb_data_attribute_field_11
                0x000091fc                bg_gattdb_data_attribute_field_10
                0x00009204                bg_gattdb_data_attribute_field_9
                0x00009208                bg_gattdb_data_attribute_field_8
                0x0000920c                bg_gattdb_data_attribute_field_7
                0x00009214                bg_gattdb_data_attribute_field_6
                0x0000921c                bg_gattdb_data_attribute_field_5
                0x00009224                bg_gattdb_data_attribute_field_4
                0x00009228                bg_gattdb_data_attribute_field_2
                0x00009230                bg_gattdb_data_attribute_field_1
                0x00009238                bg_gattdb_data_attribute_field_0
                0x0000923c                bg_gattdb_data_attributes_map
                0x00009320                bg_gattdb_data_attributes_dynamic_mapping_map
                0x00009328                bg_gattdb_data_adv_uuid16_map
                0x0000932c                bg_gattdb_data_adv_uuid128_map
 *(.text*)
 *fill*         0x0000932d        0x3 
 .text          0x00009330       0x40 c:/siliconlabs/simplicitystudio/v4/developer/toolchains/gnu_arm/7.2_2017q4/bin/../lib/gcc/arm-none-eabi/7.2.1/thumb/v7e-m/fpv4-sp/softfp/crtbegin.o
 .text          0x00009370       0x74 c:/siliconlabs/simplicitystudio/v4/developer/toolchains/gnu_arm/7.2_2017q4/bin/../lib/gcc/arm-none-eabi/7.2.1/../../../../arm-none-eabi/lib/thumb/v7e-m/fpv4-sp/softfp/crt0.o
                0x00009370                _start
                0x00009370                _mainCRTStartup
 .text.initBoard
                0x000093e4       0x4c ./init_board.o
                0x000093e4                initBoard
 .text.CHIP_Init
                0x00009430       0x20 ./init_mcu.o
 .text.initMcu  0x00009450       0x8c ./init_mcu.o
                0x00009450                initMcu
 .text.initMcu_clocks
                0x000094dc       0xac ./init_mcu.o
 .text.gecko_initCoexHAL
                0x00009588        0xe ./main.o
 .text.gecko_init
                0x00009596       0x46 ./main.o
 .text.main     0x000095dc       0x6c ./main.o
                0x000095dc                main
 .text.BUS_RegMaskedSet
                0x00009648       0x24 ./hardware/kit/common/drivers/mx25flash_spi.o
 .text.BUS_RegMaskedClear
                0x0000966c       0x24 ./hardware/kit/common/drivers/mx25flash_spi.o
 .text.GPIO_PinOutClear
                0x00009690       0x5a ./hardware/kit/common/drivers/mx25flash_spi.o
 .text.GPIO_PinOutSet
                0x000096ea       0x5a ./hardware/kit/common/drivers/mx25flash_spi.o
 .text.MX25_init
                0x00009744       0x9c ./hardware/kit/common/drivers/mx25flash_spi.o
                0x00009744                MX25_init
 .text.Wait_Flash_WarmUp
                0x000097e0       0x26 ./hardware/kit/common/drivers/mx25flash_spi.o
                0x000097e0                Wait_Flash_WarmUp
 .text.Initial_Spi
                0x00009806        0xc ./hardware/kit/common/drivers/mx25flash_spi.o
                0x00009806                Initial_Spi
 .text.CS_Low   0x00009812       0x10 ./hardware/kit/common/drivers/mx25flash_spi.o
                0x00009812                CS_Low
 .text.CS_High  0x00009822       0x10 ./hardware/kit/common/drivers/mx25flash_spi.o
                0x00009822                CS_High
 *fill*         0x00009832        0x2 
 .text.InsertDummyCycle
                0x00009834       0x38 ./hardware/kit/common/drivers/mx25flash_spi.o
                0x00009834                InsertDummyCycle
 .text.SendByte
                0x0000986c       0x40 ./hardware/kit/common/drivers/mx25flash_spi.o
                0x0000986c                SendByte
 .text.MX25_DP  0x000098ac       0x34 ./hardware/kit/common/drivers/mx25flash_spi.o
                0x000098ac                MX25_DP
 .text.Reset_Handler
                0x000098e0       0x4c ./platform/Device/SiliconLabs/EFR32BG13P/Source/GCC/startup_efr32bg13p.o
                0x000098e0                Reset_Handler
 .text.Default_Handler
                0x0000992c        0x6 ./platform/Device/SiliconLabs/EFR32BG13P/Source/GCC/startup_efr32bg13p.o
                0x0000992c                DebugMon_Handler
                0x0000992c                USART0_TX_IRQHandler
                0x0000992c                I2C0_IRQHandler
                0x0000992c                HardFault_Handler
                0x0000992c                SysTick_Handler
                0x0000992c                USART1_RX_IRQHandler
                0x0000992c                PendSV_Handler
                0x0000992c                NMI_Handler
                0x0000992c                I2C1_IRQHandler
                0x0000992c                WTIMER0_IRQHandler
                0x0000992c                CRYPTO0_IRQHandler
                0x0000992c                WDOG0_IRQHandler
                0x0000992c                USART1_TX_IRQHandler
                0x0000992c                SMU_IRQHandler
                0x0000992c                MSC_IRQHandler
                0x0000992c                ADC0_IRQHandler
                0x0000992c                UsageFault_Handler
                0x0000992c                WDOG1_IRQHandler
                0x0000992c                LEUART0_IRQHandler
                0x0000992c                FPUEH_IRQHandler
                0x0000992c                GPIO_EVEN_IRQHandler
                0x0000992c                VDAC0_IRQHandler
                0x0000992c                LDMA_IRQHandler
                0x0000992c                CSEN_IRQHandler
                0x0000992c                CRYPTO1_IRQHandler
                0x0000992c                TIMER0_IRQHandler
                0x0000992c                TIMER1_IRQHandler
                0x0000992c                TRNG0_IRQHandler
                0x0000992c                USART2_RX_IRQHandler
                0x0000992c                Default_Handler
                0x0000992c                EMU_IRQHandler
                0x0000992c                CRYOTIMER_IRQHandler
                0x0000992c                PCNT0_IRQHandler
                0x0000992c                ACMP0_IRQHandler
                0x0000992c                USART0_RX_IRQHandler
                0x0000992c                MemManage_Handler
                0x0000992c                SVC_Handler
                0x0000992c                RTCC_IRQHandler
                0x0000992c                CMU_IRQHandler
                0x0000992c                LESENSE_IRQHandler
                0x0000992c                GPIO_ODD_IRQHandler
                0x0000992c                BusFault_Handler
                0x0000992c                USART2_TX_IRQHandler
                0x0000992c                IDAC0_IRQHandler
 *fill*         0x00009932        0x2 
 .text.SystemCoreClockGet
                0x00009934       0x40 ./platform/Device/SiliconLabs/EFR32BG13P/Source/system_efr32bg13p.o
                0x00009934                SystemCoreClockGet
 .text.SystemMaxCoreClockGet
                0x00009974       0x14 ./platform/Device/SiliconLabs/EFR32BG13P/Source/system_efr32bg13p.o
                0x00009974                SystemMaxCoreClockGet
 .text.SystemHFClockGet
                0x00009988       0x70 ./platform/Device/SiliconLabs/EFR32BG13P/Source/system_efr32bg13p.o
                0x00009988                SystemHFClockGet
 .text.SystemHFXOClockGet
                0x000099f8       0x18 ./platform/Device/SiliconLabs/EFR32BG13P/Source/system_efr32bg13p.o
                0x000099f8                SystemHFXOClockGet
 .text.SystemHFXOClockSet
                0x00009a10       0x30 ./platform/Device/SiliconLabs/EFR32BG13P/Source/system_efr32bg13p.o
                0x00009a10                SystemHFXOClockSet
 .text.SystemInit
                0x00009a40       0x24 ./platform/Device/SiliconLabs/EFR32BG13P/Source/system_efr32bg13p.o
                0x00009a40                SystemInit
 .text.SystemLFRCOClockGet
                0x00009a64       0x12 ./platform/Device/SiliconLabs/EFR32BG13P/Source/system_efr32bg13p.o
                0x00009a64                SystemLFRCOClockGet
 .text.SystemULFRCOClockGet
                0x00009a76       0x12 ./platform/Device/SiliconLabs/EFR32BG13P/Source/system_efr32bg13p.o
                0x00009a76                SystemULFRCOClockGet
 .text.SystemLFXOClockGet
                0x00009a88       0x18 ./platform/Device/SiliconLabs/EFR32BG13P/Source/system_efr32bg13p.o
                0x00009a88                SystemLFXOClockGet
 .text.SystemLFXOClockSet
                0x00009aa0       0x30 ./platform/Device/SiliconLabs/EFR32BG13P/Source/system_efr32bg13p.o
                0x00009aa0                SystemLFXOClockSet
 .text.BUS_RegBitWrite
                0x00009ad0       0x2e ./platform/emdrv/sleep/src/sleep.o
 *fill*         0x00009afe        0x2 
 .text.EMU_EM2Block
                0x00009b00       0x18 ./platform/emdrv/sleep/src/sleep.o
 .text.sleepCallbackWrapper
                0x00009b18       0x2c ./platform/emdrv/sleep/src/sleep.o
 .text.SLEEP_Init
                0x00009b44       0x64 ./platform/emdrv/sleep/src/sleep.o
                0x00009b44                SLEEP_Init
 .text.SLEEP_SleepBlockBegin
                0x00009ba8       0x48 ./platform/emdrv/sleep/src/sleep.o
                0x00009ba8                SLEEP_SleepBlockBegin
 .text.BUS_RegBitWrite
                0x00009bf0       0x2e ./platform/emlib/src/em_cmu.o
 .text.BUS_RegBitRead
                0x00009c1e       0x2a ./platform/emlib/src/em_cmu.o
 .text.BUS_RegMaskedSet
                0x00009c48       0x24 ./platform/emlib/src/em_cmu.o
 .text.BUS_RegMaskedClear
                0x00009c6c       0x24 ./platform/emlib/src/em_cmu.o
 .text.BUS_RegMaskedWrite
                0x00009c90       0x24 ./platform/emlib/src/em_cmu.o
 .text.CMU_Log2ToDiv
                0x00009cb4       0x1c ./platform/emlib/src/em_cmu.o
 .text.EMU_VScaleWait
                0x00009cd0       0x1c ./platform/emlib/src/em_cmu.o
 .text.EMU_VScaleGet
                0x00009cec       0x1c ./platform/emlib/src/em_cmu.o
 .text.setHfLeConfig
                0x00009d08       0x64 ./platform/emlib/src/em_cmu.o
 .text.auxClkGet
                0x00009d6c       0x20 ./platform/emlib/src/em_cmu.o
 .text.hfSrcClkGet
                0x00009d8c       0x2c ./platform/emlib/src/em_cmu.o
 .text.dbgClkGet
                0x00009db8       0x40 ./platform/emlib/src/em_cmu.o
 .text.adcAsyncClkGet
                0x00009df8       0x80 ./platform/emlib/src/em_cmu.o
 .text.flashWaitStateControl
                0x00009e78       0x8c ./platform/emlib/src/em_cmu.o
 .text.flashWaitStateMax
                0x00009f04       0x44 ./platform/emlib/src/em_cmu.o
 .text.CMU_UpdateWaitStates
                0x00009f48       0x40 ./platform/emlib/src/em_cmu.o
                0x00009f48                CMU_UpdateWaitStates
 .text.getRegIshUpperVal
                0x00009f88       0x36 ./platform/emlib/src/em_cmu.o
 *fill*         0x00009fbe        0x2 
 .text.getHfxoTuningMode
                0x00009fc0       0x1c ./platform/emlib/src/em_cmu.o
 .text.setHfxoTuningMode
                0x00009fdc       0x2c ./platform/emlib/src/em_cmu.o
 .text.lfClkGet
                0x0000a008       0xf4 ./platform/emlib/src/em_cmu.o
 .text.syncReg  0x0000a0fc       0x38 ./platform/emlib/src/em_cmu.o
 .text.hfperClkSafePrescaler
                0x0000a134        0xe ./platform/emlib/src/em_cmu.o
 .text.hfperClkOptimizedPrescaler
                0x0000a142        0xe ./platform/emlib/src/em_cmu.o
 .text.CMU_ClockEnable
                0x0000a150       0xcc ./platform/emlib/src/em_cmu.o
                0x0000a150                CMU_ClockEnable
 .text.CMU_ClockFreqGet
                0x0000a21c      0x1f4 ./platform/emlib/src/em_cmu.o
                0x0000a21c                CMU_ClockFreqGet
 .text.CMU_ClockSelectGet
                0x0000a410      0x19c ./platform/emlib/src/em_cmu.o
                0x0000a410                CMU_ClockSelectGet
 .text.CMU_ClockSelectSet
                0x0000a5ac      0x2d4 ./platform/emlib/src/em_cmu.o
                0x0000a5ac                CMU_ClockSelectSet
 .text.CMU_HFRCOBandGet
                0x0000a880       0x18 ./platform/emlib/src/em_cmu.o
                0x0000a880                CMU_HFRCOBandGet
 .text.CMU_HFXOAutostartEnable
                0x0000a898       0x8c ./platform/emlib/src/em_cmu.o
                0x0000a898                CMU_HFXOAutostartEnable
 .text.CMU_HFXOInit
                0x0000a924       0xe4 ./platform/emlib/src/em_cmu.o
                0x0000a924                CMU_HFXOInit
 .text.CMU_LFXOInit
                0x0000aa08       0x50 ./platform/emlib/src/em_cmu.o
                0x0000aa08                CMU_LFXOInit
 .text.CMU_OscillatorEnable
                0x0000aa58      0x17c ./platform/emlib/src/em_cmu.o
                0x0000aa58                CMU_OscillatorEnable
 .text.CMU_OscillatorTuningGet
                0x0000abd4       0x74 ./platform/emlib/src/em_cmu.o
                0x0000abd4                CMU_OscillatorTuningGet
 .text.CMU_OscillatorTuningSet
                0x0000ac48      0x100 ./platform/emlib/src/em_cmu.o
                0x0000ac48                CMU_OscillatorTuningSet
 .text.CMU_OscillatorTuningWait
                0x0000ad48       0x94 ./platform/emlib/src/em_cmu.o
                0x0000ad48                CMU_OscillatorTuningWait
 .text.CMU_OscillatorTuningOptimize
                0x0000addc       0x58 ./platform/emlib/src/em_cmu.o
                0x0000addc                CMU_OscillatorTuningOptimize
 .text.CORE_EnterCritical
                0x0000ae34       0x20 ./platform/emlib/src/em_core.o
                0x0000ae34                CORE_EnterCritical
 .text.CORE_ExitCritical
                0x0000ae54       0x1c ./platform/emlib/src/em_core.o
                0x0000ae54                CORE_ExitCritical
 .text.CORE_AtomicDisableIrq
                0x0000ae70       0x10 ./platform/emlib/src/em_core.o
                0x0000ae70                CORE_AtomicDisableIrq
 .text.CORE_AtomicEnableIrq
                0x0000ae80       0x10 ./platform/emlib/src/em_core.o
                0x0000ae80                CORE_AtomicEnableIrq
 .text.CORE_EnterAtomic
                0x0000ae90       0x20 ./platform/emlib/src/em_core.o
                0x0000ae90                CORE_EnterAtomic
 .text.CORE_ExitAtomic
                0x0000aeb0       0x1c ./platform/emlib/src/em_core.o
                0x0000aeb0                CORE_ExitAtomic
 .text.CORE_SetNvicRamTableHandler
                0x0000aecc       0x44 ./platform/emlib/src/em_core.o
                0x0000aecc                CORE_SetNvicRamTableHandler
 .text.CORE_InitNvicVectorTable
                0x0000af10       0xc8 ./platform/emlib/src/em_core.o
                0x0000af10                CORE_InitNvicVectorTable
 .text.CRYPTO_BurstFromCrypto
                0x0000afd8       0x3a ./platform/emlib/src/em_crypto.o
 *fill*         0x0000b012        0x2 
 .text.CRYPTO_ModulusSet
                0x0000b014       0x8c ./platform/emlib/src/em_crypto.o
                0x0000b014                CRYPTO_ModulusSet
 .text.CRYPTO_KeyRead
                0x0000b0a0       0x3a ./platform/emlib/src/em_crypto.o
                0x0000b0a0                CRYPTO_KeyRead
 .text.SystemCoreClockUpdate
                0x0000b0da        0xc ./platform/emlib/src/em_emu.o
 .text.BUS_RegBitWrite
                0x0000b0e6       0x2e ./platform/emlib/src/em_emu.o
 .text.BUS_RegBitRead
                0x0000b114       0x2a ./platform/emlib/src/em_emu.o
 *fill*         0x0000b13e        0x2 
 .text.EMU_VScaleWait
                0x0000b140       0x1c ./platform/emlib/src/em_emu.o
 .text.EMU_VScaleGet
                0x0000b15c       0x1c ./platform/emlib/src/em_emu.o
 .text.EMU_IntClear
                0x0000b178       0x20 ./platform/emlib/src/em_emu.o
 .text.EMU_IntGet
                0x0000b198       0x18 ./platform/emlib/src/em_emu.o
 .text.CMU_Lock
                0x0000b1b0       0x1c ./platform/emlib/src/em_emu.o
 .text.CMU_Unlock
                0x0000b1cc       0x1c ./platform/emlib/src/em_emu.o
 .text.vScaleEM01Cmd
                0x0000b1e8       0x22 ./platform/emlib/src/em_emu.o
 *fill*         0x0000b20a        0x2 
 .text.emState  0x0000b20c      0x150 ./platform/emlib/src/em_emu.o
 .text.vScaleDownEM23Setup
                0x0000b35c       0x50 ./platform/emlib/src/em_emu.o
 .text.vScaleAfterWakeup
                0x0000b3ac       0x48 ./platform/emlib/src/em_emu.o
 .text.EMU_EnterEM2
                0x0000b3f4       0x4c ./platform/emlib/src/em_emu.o
                0x0000b3f4                EMU_EnterEM2
 .text.EMU_EnterEM3
                0x0000b440       0x70 ./platform/emlib/src/em_emu.o
                0x0000b440                EMU_EnterEM3
 .text.EMU_VScaleEM01ByClock
                0x0000b4b0       0x70 ./platform/emlib/src/em_emu.o
                0x0000b4b0                EMU_VScaleEM01ByClock
 .text.EMU_VScaleEM01
                0x0000b520       0x88 ./platform/emlib/src/em_emu.o
                0x0000b520                EMU_VScaleEM01
 .text.EMU_EM01Init
                0x0000b5a8       0x24 ./platform/emlib/src/em_emu.o
                0x0000b5a8                EMU_EM01Init
 .text.EMU_EM23Init
                0x0000b5cc       0x2c ./platform/emlib/src/em_emu.o
                0x0000b5cc                EMU_EM23Init
 .text.dcdcConstCalibrationLoad
                0x0000b5f8       0x10 ./platform/emlib/src/em_emu.o
 .text.dcdcValidatedConfigSet
                0x0000b608       0x40 ./platform/emlib/src/em_emu.o
 .text.currentLimitersUpdate
                0x0000b648       0xe8 ./platform/emlib/src/em_emu.o
 .text.userCurrentLimitsSet
                0x0000b730       0x30 ./platform/emlib/src/em_emu.o
 .text.compCtrlSet
                0x0000b760       0x40 ./platform/emlib/src/em_emu.o
 .text.lpCmpHystCalibrationLoad
                0x0000b7a0       0xd0 ./platform/emlib/src/em_emu.o
 .text.lpGetDevinfoVrefLowHigh
                0x0000b870      0x158 ./platform/emlib/src/em_emu.o
 .text.EMU_DCDCModeSet
                0x0000b9c8       0xf0 ./platform/emlib/src/em_emu.o
                0x0000b9c8                EMU_DCDCModeSet
 .text.EMU_DCDCInit
                0x0000bab8      0x120 ./platform/emlib/src/em_emu.o
                0x0000bab8                EMU_DCDCInit
 .text.EMU_DCDCOutputVoltageSet
                0x0000bbd8      0x2ac ./platform/emlib/src/em_emu.o
                0x0000bbd8                EMU_DCDCOutputVoltageSet
 .text.EMU_DCDCOptimizeSlice
                0x0000be84       0xd8 ./platform/emlib/src/em_emu.o
                0x0000be84                EMU_DCDCOptimizeSlice
 .text.EMU_DCDCLnRcoBandSet
                0x0000bf5c       0x54 ./platform/emlib/src/em_emu.o
                0x0000bf5c                EMU_DCDCLnRcoBandSet
 .text.BUS_RegMaskedSet
                0x0000bfb0       0x24 ./platform/emlib/src/em_gpio.o
 .text.BUS_RegMaskedClear
                0x0000bfd4       0x24 ./platform/emlib/src/em_gpio.o
 .text.BUS_RegMaskedWrite
                0x0000bff8       0x24 ./platform/emlib/src/em_gpio.o
 .text.GPIO_PinOutClear
                0x0000c01c       0x5a ./platform/emlib/src/em_gpio.o
 .text.GPIO_PinOutSet
                0x0000c076       0x5a ./platform/emlib/src/em_gpio.o
 .text.GPIO_DriveStrengthSet
                0x0000c0d0       0x60 ./platform/emlib/src/em_gpio.o
                0x0000c0d0                GPIO_DriveStrengthSet
 .text.GPIO_PinModeSet
                0x0000c130      0x118 ./platform/emlib/src/em_gpio.o
                0x0000c130                GPIO_PinModeSet
 .text.BUS_RegBitWrite
                0x0000c248       0x2e ./platform/emlib/src/em_i2c.o
 .text.BUS_RegMaskedSet
                0x0000c276       0x24 ./platform/emlib/src/em_i2c.o
 .text.BUS_RegMaskedClear
                0x0000c29a       0x24 ./platform/emlib/src/em_i2c.o
 .text.BUS_RegMaskedWrite
                0x0000c2be       0x24 ./platform/emlib/src/em_i2c.o
 *fill*         0x0000c2e2        0x2 
 .text.I2C_BusFreqSet
                0x0000c2e4       0xf8 ./platform/emlib/src/em_i2c.o
                0x0000c2e4                I2C_BusFreqSet
 .text.I2C_Enable
                0x0000c3dc       0x38 ./platform/emlib/src/em_i2c.o
                0x0000c3dc                I2C_Enable
 .text.I2C_Init
                0x0000c414       0x70 ./platform/emlib/src/em_i2c.o
                0x0000c414                I2C_Init
 .text.LETIMER_CompareSet
                0x0000c484       0x54 ./platform/emlib/src/em_letimer.o
                0x0000c484                LETIMER_CompareSet
 .text.LETIMER_Init
                0x0000c4d8       0xd2 ./platform/emlib/src/em_letimer.o
                0x0000c4d8                LETIMER_Init
 *fill*         0x0000c5aa        0x2 
 .text.MSC_Init
                0x0000c5ac       0x34 ./platform/emlib/src/em_msc.o
                0x0000c5ac                MSC_Init
 .text.MSC_Deinit
                0x0000c5e0       0x24 ./platform/emlib/src/em_msc.o
                0x0000c5e0                MSC_Deinit
 .text.RMU_ResetCauseClear
                0x0000c604       0x18 ./platform/emlib/src/em_rmu.o
                0x0000c604                RMU_ResetCauseClear
 .text.RMU_ResetCauseGet
                0x0000c61c       0xb4 ./platform/emlib/src/em_rmu.o
                0x0000c61c                RMU_ResetCauseGet
 .text.RTCC_Init
                0x0000c6d0       0x98 ./platform/emlib/src/em_rtcc.o
                0x0000c6d0                RTCC_Init
 .text.SYSTEM_ChipRevisionGet
                0x0000c768       0x78 ./platform/emlib/src/em_system.o
                0x0000c768                SYSTEM_ChipRevisionGet
 .text.USART_BaudrateSyncSet
                0x0000c7e0       0x40 ./platform/emlib/src/em_usart.o
                0x0000c7e0                USART_BaudrateSyncSet
 .text.USART_InitSync
                0x0000c820       0xf8 ./platform/emlib/src/em_usart.o
                0x0000c820                USART_InitSync
 .text.USART_Reset
                0x0000c918       0xb0 ./platform/emlib/src/em_usart.o
                0x0000c918                USART_Reset
 .text.USART_SpiTransfer
                0x0000c9c8       0x40 ./platform/emlib/src/em_usart.o
                0x0000c9c8                USART_SpiTransfer
 .text.cmu_init
                0x0000ca08       0x74 ./src/cmu.o
                0x0000ca08                cmu_init
 .text.gpio_init
                0x0000ca7c       0x58 ./src/gpio.o
                0x0000ca7c                gpio_init
 .text.BUS_RegMaskedSet
                0x0000cad4       0x24 ./src/i2c0_tempsense.o
 .text.BUS_RegMaskedClear
                0x0000caf8       0x24 ./src/i2c0_tempsense.o
 .text.GPIO_PinOutClear
                0x0000cb1c       0x5a ./src/i2c0_tempsense.o
 .text.GPIO_PinOutSet
                0x0000cb76       0x5a ./src/i2c0_tempsense.o
 .text.i2c_init
                0x0000cbd0       0xd0 ./src/i2c0_tempsense.o
                0x0000cbd0                i2c_init
 .text.i2c_disable
                0x0000cca0       0x44 ./src/i2c0_tempsense.o
                0x0000cca0                i2c_disable
 .text.i2c_driver
                0x0000cce4       0xd4 ./src/i2c0_tempsense.o
                0x0000cce4                i2c_driver
 .text.compare_temp
                0x0000cdb8       0x80 ./src/i2c0_tempsense.o
                0x0000cdb8                compare_temp
 .text.NVIC_EnableIRQ
                0x0000ce38       0x34 ./src/letimer0.o
 .text.LETIMER_IntClear
                0x0000ce6c       0x1c ./src/letimer0.o
 .text.LETIMER_IntEnable
                0x0000ce88       0x22 ./src/letimer0.o
 .text.LETIMER_IntGet
                0x0000ceaa       0x18 ./src/letimer0.o
 *fill*         0x0000cec2        0x2 
 .text.letimer_setup
                0x0000cec4       0x88 ./src/letimer0.o
                0x0000cec4                letimer_setup
 .text.LETIMER0_IRQHandler
                0x0000cf4c       0x4c ./src/letimer0.o
                0x0000cf4c                LETIMER0_IRQHandler
 .text.EMU_EnterEM1
                0x0000cf98       0x20 ./src/sleepy.o
 .text.sleepy   0x0000cfb8       0x54 ./src/sleepy.o
                0x0000cfb8                sleepy
 .text.BlockSleep
                0x0000d00c       0x30 ./src/sleepy.o
                0x0000d00c                BlockSleep
 .text.UnblockSleep
                0x0000d03c       0x30 ./src/sleepy.o
                0x0000d03c                UnblockSleep
 .text.eventDefault
                0x0000d06c        0x2 C:\Users\jains\SimplicityStudio\v4_workspace\I2C\platform\radio\rail_lib\autogen\librail_release\librail_efr32xg13_gcc_release.a(rail_rf_hal.o)
 *fill*         0x0000d06e        0x2 
 .text.RFHAL_NotifyUserOfIrCal
                0x0000d070       0x78 C:\Users\jains\SimplicityStudio\v4_workspace\I2C\platform\radio\rail_lib\autogen\librail_release\librail_efr32xg13_gcc_release.a(rail_rf_hal.o)
 .text.GENERIC_PHY_EventCallback
                0x0000d0e8      0x194 C:\Users\jains\SimplicityStudio\v4_workspace\I2C\platform\radio\rail_lib\autogen\librail_release\librail_efr32xg13_gcc_release.a(rail_rf_hal.o)
                0x0000d0e8                GENERIC_PHY_EventCallback
 .text.RFHAL_IntEnable
                0x0000d27c       0x58 C:\Users\jains\SimplicityStudio\v4_workspace\I2C\platform\radio\rail_lib\autogen\librail_release\librail_efr32xg13_gcc_release.a(rail_rf_hal.o)
                0x0000d27c                RFHAL_IntEnable
 .text.RFHAL_SetEventCallback
                0x0000d2d4       0x18 C:\Users\jains\SimplicityStudio\v4_workspace\I2C\platform\radio\rail_lib\autogen\librail_release\librail_efr32xg13_gcc_release.a(rail_rf_hal.o)
                0x0000d2d4                RFHAL_SetEventCallback
 .text.RFHAL_SetPtiProtocol
                0x0000d2ec       0x20 C:\Users\jains\SimplicityStudio\v4_workspace\I2C\platform\radio\rail_lib\autogen\librail_release\librail_efr32xg13_gcc_release.a(rail_rf_hal.o)
                0x0000d2ec                RFHAL_SetPtiProtocol
 .text.RFHAL_Idle
                0x0000d30c       0x2a C:\Users\jains\SimplicityStudio\v4_workspace\I2C\platform\radio\rail_lib\autogen\librail_release\librail_efr32xg13_gcc_release.a(rail_rf_hal.o)
                0x0000d30c                RFHAL_Idle
 *fill*         0x0000d336        0x2 
 .text.RFHAL_GetRadioState
                0x0000d338       0x48 C:\Users\jains\SimplicityStudio\v4_workspace\I2C\platform\radio\rail_lib\autogen\librail_release\librail_efr32xg13_gcc_release.a(rail_rf_hal.o)
                0x0000d338                RFHAL_GetRadioState
 .text.RFHAL_OkToTransmit
                0x0000d380       0x18 C:\Users\jains\SimplicityStudio\v4_workspace\I2C\platform\radio\rail_lib\autogen\librail_release\librail_efr32xg13_gcc_release.a(rail_rf_hal.o)
                0x0000d380                RFHAL_OkToTransmit
 .text.RFHAL_ScheduleRx
                0x0000d398       0x5a C:\Users\jains\SimplicityStudio\v4_workspace\I2C\platform\radio\rail_lib\autogen\librail_release\librail_efr32xg13_gcc_release.a(rail_rf_hal.o)
                0x0000d398                RFHAL_ScheduleRx
 *fill*         0x0000d3f2        0x2 
 .text.RFHAL_EnableRxRawCapture
                0x0000d3f4       0x58 C:\Users\jains\SimplicityStudio\v4_workspace\I2C\platform\radio\rail_lib\autogen\librail_release\librail_efr32xg13_gcc_release.a(rail_rf_hal.o)
                0x0000d3f4                RFHAL_EnableRxRawCapture
 .text.RFHAL_DisableRxRawCapture
                0x0000d44c       0x50 C:\Users\jains\SimplicityStudio\v4_workspace\I2C\platform\radio\rail_lib\autogen\librail_release\librail_efr32xg13_gcc_release.a(rail_rf_hal.o)
                0x0000d44c                RFHAL_DisableRxRawCapture
 .text.RFHAL_AcceptCrcErrors
                0x0000d49c       0x18 C:\Users\jains\SimplicityStudio\v4_workspace\I2C\platform\radio\rail_lib\autogen\librail_release\librail_efr32xg13_gcc_release.a(rail_rf_hal.o)
                0x0000d49c                RFHAL_AcceptCrcErrors
 .text.RFHAL_ConfigRxOptions
                0x0000d4b4      0x124 C:\Users\jains\SimplicityStudio\v4_workspace\I2C\platform\radio\rail_lib\autogen\librail_release\librail_efr32xg13_gcc_release.a(rail_rf_hal.o)
                0x0000d4b4                RFHAL_ConfigRxOptions
 .text.RFHAL_GetTimer
                0x0000d5d8        0xc C:\Users\jains\SimplicityStudio\v4_workspace\I2C\platform\radio\rail_lib\autogen\librail_release\librail_efr32xg13_gcc_release.a(rail_rf_hal.o)
                0x0000d5d8                RFHAL_GetTimer
 .text.RFHAL_CancelTimer
                0x0000d5e4       0x28 C:\Users\jains\SimplicityStudio\v4_workspace\I2C\platform\radio\rail_lib\autogen\librail_release\librail_efr32xg13_gcc_release.a(rail_rf_hal.o)
                0x0000d5e4                RFHAL_CancelTimer
 .text.RFHAL_SetTimer
                0x0000d60c       0x7c C:\Users\jains\SimplicityStudio\v4_workspace\I2C\platform\radio\rail_lib\autogen\librail_release\librail_efr32xg13_gcc_release.a(rail_rf_hal.o)
                0x0000d60c                RFHAL_SetTimer
 .text.RFHAL_IsTimerExpired
                0x0000d688       0x1c C:\Users\jains\SimplicityStudio\v4_workspace\I2C\platform\radio\rail_lib\autogen\librail_release\librail_efr32xg13_gcc_release.a(rail_rf_hal.o)
                0x0000d688                RFHAL_IsTimerExpired
 .text.RFHAL_IsTimerRunning
                0x0000d6a4        0x6 C:\Users\jains\SimplicityStudio\v4_workspace\I2C\platform\radio\rail_lib\autogen\librail_release\librail_efr32xg13_gcc_release.a(rail_rf_hal.o)
                0x0000d6a4                RFHAL_IsTimerRunning
 *fill*         0x0000d6aa        0x2 
 .text.RFHAL_CalcBitRate
                0x0000d6ac        0xc C:\Users\jains\SimplicityStudio\v4_workspace\I2C\platform\radio\rail_lib\autogen\librail_release\librail_efr32xg13_gcc_release.a(rail_rf_hal.o)
                0x0000d6ac                RFHAL_CalcBitRate
 .text.RFHAL_GetBitRate
                0x0000d6b8       0x22 C:\Users\jains\SimplicityStudio\v4_workspace\I2C\platform\radio\rail_lib\autogen\librail_release\librail_efr32xg13_gcc_release.a(rail_rf_hal.o)
                0x0000d6b8                RFHAL_GetBitRate
 *fill*         0x0000d6da        0x2 
 .text.RFHAL_SetTxTransitions
                0x0000d6dc       0x1c C:\Users\jains\SimplicityStudio\v4_workspace\I2C\platform\radio\rail_lib\autogen\librail_release\librail_efr32xg13_gcc_release.a(rail_rf_hal.o)
                0x0000d6dc                RFHAL_SetTxTransitions
 .text.RFHAL_SetRxTransitions
                0x0000d6f8       0x1c C:\Users\jains\SimplicityStudio\v4_workspace\I2C\platform\radio\rail_lib\autogen\librail_release\librail_efr32xg13_gcc_release.a(rail_rf_hal.o)
                0x0000d6f8                RFHAL_SetRxTransitions
 .text.RFHAL_SetCRCInitVal
                0x0000d714        0x4 C:\Users\jains\SimplicityStudio\v4_workspace\I2C\platform\radio\rail_lib\autogen\librail_release\librail_efr32xg13_gcc_release.a(rail_rf_hal.o)
                0x0000d714                RFHAL_SetCRCInitVal
 .text.RFHAL_ConfigTxPower
                0x0000d718        0xc C:\Users\jains\SimplicityStudio\v4_workspace\I2C\platform\radio\rail_lib\autogen\librail_release\librail_efr32xg13_gcc_release.a(rail_rf_hal.o)
                0x0000d718                RFHAL_ConfigTxPower
 .text.RFHAL_SetTxPowerUnchecked
                0x0000d724       0x18 C:\Users\jains\SimplicityStudio\v4_workspace\I2C\platform\radio\rail_lib\autogen\librail_release\librail_efr32xg13_gcc_release.a(rail_rf_hal.o)
                0x0000d724                RFHAL_SetTxPowerUnchecked
 .text.RFHAL_SetTxPower
                0x0000d73c       0x40 C:\Users\jains\SimplicityStudio\v4_workspace\I2C\platform\radio\rail_lib\autogen\librail_release\librail_efr32xg13_gcc_release.a(rail_rf_hal.o)
                0x0000d73c                RFHAL_SetTxPower
 .text.RFHAL_GetTxPowerConfig
                0x0000d77c        0xc C:\Users\jains\SimplicityStudio\v4_workspace\I2C\platform\radio\rail_lib\autogen\librail_release\librail_efr32xg13_gcc_release.a(rail_rf_hal.o)
                0x0000d77c                RFHAL_GetTxPowerConfig
 .text.RFHAL_GetTxPower
                0x0000d788        0x4 C:\Users\jains\SimplicityStudio\v4_workspace\I2C\platform\radio\rail_lib\autogen\librail_release\librail_efr32xg13_gcc_release.a(rail_rf_hal.o)
                0x0000d788                RFHAL_GetTxPower
 .text.RFHAL_SetChannel
                0x0000d78c       0xc4 C:\Users\jains\SimplicityStudio\v4_workspace\I2C\platform\radio\rail_lib\autogen\librail_release\librail_efr32xg13_gcc_release.a(rail_rf_hal.o)
                0x0000d78c                RFHAL_SetChannel
 .text.RFHAL_IsAutoAckEnabled
                0x0000d850        0x6 C:\Users\jains\SimplicityStudio\v4_workspace\I2C\platform\radio\rail_lib\autogen\librail_release\librail_efr32xg13_gcc_release.a(rail_rf_hal.o)
                0x0000d850                RFHAL_IsAutoAckEnabled
 *fill*         0x0000d856        0x2 
 .text.RFHAL_AutoAckWaitForAck
                0x0000d858       0x18 C:\Users\jains\SimplicityStudio\v4_workspace\I2C\platform\radio\rail_lib\autogen\librail_release\librail_efr32xg13_gcc_release.a(rail_rf_hal.o)
                0x0000d858                RFHAL_AutoAckWaitForAck
 .text.preTxOps
                0x0000d870       0xf4 C:\Users\jains\SimplicityStudio\v4_workspace\I2C\platform\radio\rail_lib\autogen\librail_release\librail_efr32xg13_gcc_release.a(rail_rf_hal.o)
 .text.RFHAL_StartTx
                0x0000d964       0x12 C:\Users\jains\SimplicityStudio\v4_workspace\I2C\platform\radio\rail_lib\autogen\librail_release\librail_efr32xg13_gcc_release.a(rail_rf_hal.o)
                0x0000d964                RFHAL_StartTx
 .text.RFHAL_StartScheduledTx
                0x0000d976       0x3c C:\Users\jains\SimplicityStudio\v4_workspace\I2C\platform\radio\rail_lib\autogen\librail_release\librail_efr32xg13_gcc_release.a(rail_rf_hal.o)
                0x0000d976                RFHAL_StartScheduledTx
 *fill*         0x0000d9b2        0x2 
 .text.RFHAL_GetRxPacketInfo
                0x0000d9b4       0x48 C:\Users\jains\SimplicityStudio\v4_workspace\I2C\platform\radio\rail_lib\autogen\librail_release\librail_efr32xg13_gcc_release.a(rail_rf_hal.o)
                0x0000d9b4                RFHAL_GetRxPacketInfo
 .text.RFHAL_GetRxPacketDetailsAlt
                0x0000d9fc       0x98 C:\Users\jains\SimplicityStudio\v4_workspace\I2C\platform\radio\rail_lib\autogen\librail_release\librail_efr32xg13_gcc_release.a(rail_rf_hal.o)
                0x0000d9fc                RFHAL_GetRxPacketDetailsAlt
 .text.RFHAL_GetRxPacketDetails
                0x0000da94       0x22 C:\Users\jains\SimplicityStudio\v4_workspace\I2C\platform\radio\rail_lib\autogen\librail_release\librail_efr32xg13_gcc_release.a(rail_rf_hal.o)
                0x0000da94                RFHAL_GetRxPacketDetails
 .text.RFHAL_SetTxBuffer
                0x0000dab6       0x34 C:\Users\jains\SimplicityStudio\v4_workspace\I2C\platform\radio\rail_lib\autogen\librail_release\librail_efr32xg13_gcc_release.a(rail_rf_hal.o)
                0x0000dab6                RFHAL_SetTxBuffer
 .text.RFHAL_SetRxBuffer
                0x0000daea       0x2c C:\Users\jains\SimplicityStudio\v4_workspace\I2C\platform\radio\rail_lib\autogen\librail_release\librail_efr32xg13_gcc_release.a(rail_rf_hal.o)
                0x0000daea                RFHAL_SetRxBuffer
 *fill*         0x0000db16        0x2 
 .text.RFHAL_ResetTxFifo
                0x0000db18       0x2c C:\Users\jains\SimplicityStudio\v4_workspace\I2C\platform\radio\rail_lib\autogen\librail_release\librail_efr32xg13_gcc_release.a(rail_rf_hal.o)
                0x0000db18                RFHAL_ResetTxFifo
 .text.RFHAL_WriteTxFifo
                0x0000db44       0x4c C:\Users\jains\SimplicityStudio\v4_workspace\I2C\platform\radio\rail_lib\autogen\librail_release\librail_efr32xg13_gcc_release.a(rail_rf_hal.o)
                0x0000db44                RFHAL_WriteTxFifo
 .text.RFHAL_ResetRxFifo
                0x0000db90       0x40 C:\Users\jains\SimplicityStudio\v4_workspace\I2C\platform\radio\rail_lib\autogen\librail_release\librail_efr32xg13_gcc_release.a(rail_rf_hal.o)
                0x0000db90                RFHAL_ResetRxFifo
 .text.RFHAL_ConfigData
                0x0000dbd0       0x7c C:\Users\jains\SimplicityStudio\v4_workspace\I2C\platform\radio\rail_lib\autogen\librail_release\librail_efr32xg13_gcc_release.a(rail_rf_hal.o)
                0x0000dbd0                RFHAL_ConfigData
 .text.RFHAL_SetAbortScheduledTxDuringRx
                0x0000dc4c       0x18 C:\Users\jains\SimplicityStudio\v4_workspace\I2C\platform\radio\rail_lib\autogen\librail_release\librail_efr32xg13_gcc_release.a(rail_rf_hal.o)
                0x0000dc4c                RFHAL_SetAbortScheduledTxDuringRx
 .text.RFHAL_ConfigRadio
                0x0000dc64       0xac C:\Users\jains\SimplicityStudio\v4_workspace\I2C\platform\radio\rail_lib\autogen\librail_release\librail_efr32xg13_gcc_release.a(rail_rf_hal.o)
                0x0000dc64                RFHAL_ConfigRadio
 .text.RFHAL_ConfigFrameTypeLength
                0x0000dd10       0x70 C:\Users\jains\SimplicityStudio\v4_workspace\I2C\platform\radio\rail_lib\autogen\librail_release\librail_efr32xg13_gcc_release.a(rail_rf_hal.o)
                0x0000dd10                RFHAL_ConfigFrameTypeLength
 .text.RFHAL_GetTime
                0x0000dd80        0x4 C:\Users\jains\SimplicityStudio\v4_workspace\I2C\platform\radio\rail_lib\autogen\librail_release\librail_efr32xg13_gcc_release.a(rail_rf_hal.o)
                0x0000dd80                RFHAL_GetTime
 .text.RFHAL_ResetAddressFilter
                0x0000dd84       0x10 C:\Users\jains\SimplicityStudio\v4_workspace\I2C\platform\radio\rail_lib\autogen\librail_release\librail_efr32xg13_gcc_release.a(rail_rf_hal.o)
                0x0000dd84                RFHAL_ResetAddressFilter
 .text.RFHAL_Init
                0x0000dd94       0xa8 C:\Users\jains\SimplicityStudio\v4_workspace\I2C\platform\radio\rail_lib\autogen\librail_release\librail_efr32xg13_gcc_release.a(rail_rf_hal.o)
                0x0000dd94                RFHAL_Init
 .text.RFHAL_GetRadioEntropy
                0x0000de3c        0x4 C:\Users\jains\SimplicityStudio\v4_workspace\I2C\platform\radio\rail_lib\autogen\librail_release\librail_efr32xg13_gcc_release.a(rail_rf_hal.o)
                0x0000de3c                RFHAL_GetRadioEntropy
 .text.RFHAL_SetStateTiming
                0x0000de40       0x56 C:\Users\jains\SimplicityStudio\v4_workspace\I2C\platform\radio\rail_lib\autogen\librail_release\librail_efr32xg13_gcc_release.a(rail_rf_hal.o)
                0x0000de40                RFHAL_SetStateTiming
 .text.RFHAL_IEEE802154IsEnabled
                0x0000de96        0x6 C:\Users\jains\SimplicityStudio\v4_workspace\I2C\platform\radio\rail_lib\autogen\librail_release\librail_efr32xg13_gcc_release.a(rail_ieee802154_rf_hal.o)
                0x0000de96                RFHAL_IEEE802154IsEnabled
 .text.RFHAL_ConfigBle2MbpsViterbi
                0x0000de9c       0x28 C:\Users\jains\SimplicityStudio\v4_workspace\I2C\platform\radio\rail_lib\autogen\librail_release\librail_efr32xg13_gcc_release.a(rail_ble_rf_hal.o)
                0x0000de9c                RFHAL_ConfigBle2MbpsViterbi
 .text.RFHAL_ConfigBle1MbpsViterbi
                0x0000dec4       0x28 C:\Users\jains\SimplicityStudio\v4_workspace\I2C\platform\radio\rail_lib\autogen\librail_release\librail_efr32xg13_gcc_release.a(rail_ble_rf_hal.o)
                0x0000dec4                RFHAL_ConfigBle1MbpsViterbi
 .text.RFHAL_ConfigBleCoded
                0x0000deec       0x34 C:\Users\jains\SimplicityStudio\v4_workspace\I2C\platform\radio\rail_lib\autogen\librail_release\librail_efr32xg13_gcc_release.a(rail_ble_rf_hal.o)
                0x0000deec                RFHAL_ConfigBleCoded
 .text.RFHAL_BleReinit
                0x0000df20       0x1c C:\Users\jains\SimplicityStudio\v4_workspace\I2C\platform\radio\rail_lib\autogen\librail_release\librail_efr32xg13_gcc_release.a(rail_ble_rf_hal.o)
                0x0000df20                RFHAL_BleReinit
 .text.RFHAL_BleInit
                0x0000df3c       0x12 C:\Users\jains\SimplicityStudio\v4_workspace\I2C\platform\radio\rail_lib\autogen\librail_release\librail_efr32xg13_gcc_release.a(rail_ble_rf_hal.o)
                0x0000df3c                RFHAL_BleInit
 *fill*         0x0000df4e        0x2 
 .text.RFHAL_IsBleLongRangeEnabled
                0x0000df50       0x18 C:\Users\jains\SimplicityStudio\v4_workspace\I2C\platform\radio\rail_lib\autogen\librail_release\librail_efr32xg13_gcc_release.a(rail_ble_rf_hal.o)
                0x0000df50                RFHAL_IsBleLongRangeEnabled
 .text.RFHAL_BLEPreambleSyncWordSet
                0x0000df68       0x44 C:\Users\jains\SimplicityStudio\v4_workspace\I2C\platform\radio\rail_lib\autogen\librail_release\librail_efr32xg13_gcc_release.a(rail_ble_rf_hal.o)
                0x0000df68                RFHAL_BLEPreambleSyncWordSet
 .text.RFHAL_BLEWhiteningSet
                0x0000dfac       0x68 C:\Users\jains\SimplicityStudio\v4_workspace\I2C\platform\radio\rail_lib\autogen\librail_release\librail_efr32xg13_gcc_release.a(rail_ble_rf_hal.o)
                0x0000dfac                RFHAL_BLEWhiteningSet
 .text.setMultiTimer
                0x0000e014        0x4 C:\Users\jains\SimplicityStudio\v4_workspace\I2C\platform\radio\rail_lib\autogen\librail_release\librail_efr32xg13_gcc_release.a(rail_singleprotocol.o)
 .text.cancelMultiTimer
                0x0000e018        0x4 C:\Users\jains\SimplicityStudio\v4_workspace\I2C\platform\radio\rail_lib\autogen\librail_release\librail_efr32xg13_gcc_release.a(rail_singleprotocol.o)
 .text.isMultiTimerExpired
                0x0000e01c        0x4 C:\Users\jains\SimplicityStudio\v4_workspace\I2C\platform\radio\rail_lib\autogen\librail_release\librail_efr32xg13_gcc_release.a(rail_singleprotocol.o)
 .text.getMultiTimer
                0x0000e020        0x4 C:\Users\jains\SimplicityStudio\v4_workspace\I2C\platform\radio\rail_lib\autogen\librail_release\librail_efr32xg13_gcc_release.a(rail_singleprotocol.o)
 .text.getActiveTimerCb
                0x0000e024       0x18 C:\Users\jains\SimplicityStudio\v4_workspace\I2C\platform\radio\rail_lib\autogen\librail_release\librail_efr32xg13_gcc_release.a(rail_singleprotocol.o)
 .text.isMultiTimerRunning
                0x0000e03c        0x4 C:\Users\jains\SimplicityStudio\v4_workspace\I2C\platform\radio\rail_lib\autogen\librail_release\librail_efr32xg13_gcc_release.a(rail_singleprotocol.o)
 .text.RAIL_Init
                0x0000e040       0x20 C:\Users\jains\SimplicityStudio\v4_workspace\I2C\platform\radio\rail_lib\autogen\librail_release\librail_efr32xg13_gcc_release.a(rail_singleprotocol.o)
                0x0000e040                RAIL_Init
 .text.RAIL_GetSchedulerStatus
                0x0000e060        0x4 C:\Users\jains\SimplicityStudio\v4_workspace\I2C\platform\radio\rail_lib\autogen\librail_release\librail_efr32xg13_gcc_release.a(rail_singleprotocol.o)
                0x0000e060                RAIL_GetSchedulerStatus
 .text.RAIL_Idle
                0x0000e064        0x8 C:\Users\jains\SimplicityStudio\v4_workspace\I2C\platform\radio\rail_lib\autogen\librail_release\librail_efr32xg13_gcc_release.a(rail_singleprotocol.o)
                0x0000e064                RAIL_Idle
 .text.RAIL_YieldRadio
                0x0000e06c        0x2 C:\Users\jains\SimplicityStudio\v4_workspace\I2C\platform\radio\rail_lib\autogen\librail_release\librail_efr32xg13_gcc_release.a(rail_singleprotocol.o)
                0x0000e06c                RAIL_YieldRadio
 .text.RAIL_GetRadioEntropy
                0x0000e06e        0x8 C:\Users\jains\SimplicityStudio\v4_workspace\I2C\platform\radio\rail_lib\autogen\librail_release\librail_efr32xg13_gcc_release.a(rail_singleprotocol.o)
                0x0000e06e                RAIL_GetRadioEntropy
 .text.RAIL_SetTimer
                0x0000e076       0x1c C:\Users\jains\SimplicityStudio\v4_workspace\I2C\platform\radio\rail_lib\autogen\librail_release\librail_efr32xg13_gcc_release.a(rail_singleprotocol.o)
                0x0000e076                RAIL_SetTimer
 .text.RAIL_CancelTimer
                0x0000e092        0xe C:\Users\jains\SimplicityStudio\v4_workspace\I2C\platform\radio\rail_lib\autogen\librail_release\librail_efr32xg13_gcc_release.a(rail_singleprotocol.o)
                0x0000e092                RAIL_CancelTimer
 .text.RAIL_StartTx
                0x0000e0a0        0x6 C:\Users\jains\SimplicityStudio\v4_workspace\I2C\platform\radio\rail_lib\autogen\librail_release\librail_efr32xg13_gcc_release.a(rail_singleprotocol.o)
                0x0000e0a0                RAIL_StartTx
 .text.RAIL_StartScheduledTx
                0x0000e0a6        0x6 C:\Users\jains\SimplicityStudio\v4_workspace\I2C\platform\radio\rail_lib\autogen\librail_release\librail_efr32xg13_gcc_release.a(rail_singleprotocol.o)
                0x0000e0a6                RAIL_StartScheduledTx
 .text.RAIL_ScheduleRx
                0x0000e0ac        0x6 C:\Users\jains\SimplicityStudio\v4_workspace\I2C\platform\radio\rail_lib\autogen\librail_release\librail_efr32xg13_gcc_release.a(rail_singleprotocol.o)
                0x0000e0ac                RAIL_ScheduleRx
 .text.radioConfigChangedDefault
                0x0000e0b2        0x2 C:\Users\jains\SimplicityStudio\v4_workspace\I2C\platform\radio\rail_lib\autogen\librail_release\librail_efr32xg13_gcc_release.a(rail_rf.o)
 .text.isTransitionState
                0x0000e0b4       0x12 C:\Users\jains\SimplicityStudio\v4_workspace\I2C\platform\radio\rail_lib\autogen\librail_release\librail_efr32xg13_gcc_release.a(rail_rf.o)
 .text.RAILCore_Init
                0x0000e0c6       0x12 C:\Users\jains\SimplicityStudio\v4_workspace\I2C\platform\radio\rail_lib\autogen\librail_release\librail_efr32xg13_gcc_release.a(rail_rf.o)
                0x0000e0c6                RAILCore_Init
 .text.RAILInt_SetCallbackConfig
                0x0000e0d8       0x20 C:\Users\jains\SimplicityStudio\v4_workspace\I2C\platform\radio\rail_lib\autogen\librail_release\librail_efr32xg13_gcc_release.a(rail_rf.o)
                0x0000e0d8                RAILInt_SetCallbackConfig
 .text.RAILCore_Idle
                0x0000e0f8       0x14 C:\Users\jains\SimplicityStudio\v4_workspace\I2C\platform\radio\rail_lib\autogen\librail_release\librail_efr32xg13_gcc_release.a(rail_rf.o)
                0x0000e0f8                RAILCore_Idle
 .text.RAILCb_CalcBitRate
                0x0000e10c        0x6 C:\Users\jains\SimplicityStudio\v4_workspace\I2C\platform\radio\rail_lib\autogen\librail_release\librail_efr32xg13_gcc_release.a(rail_rf.o)
                0x0000e10c                RAILCb_CalcBitRate
 .text.RAIL_SetStateTiming
                0x0000e112        0x6 C:\Users\jains\SimplicityStudio\v4_workspace\I2C\platform\radio\rail_lib\autogen\librail_release\librail_efr32xg13_gcc_release.a(rail_rf.o)
                0x0000e112                RAIL_SetStateTiming
 .text.RAILInt_IsPowerInRange
                0x0000e118       0x3c C:\Users\jains\SimplicityStudio\v4_workspace\I2C\platform\radio\rail_lib\autogen\librail_release\librail_efr32xg13_gcc_release.a(rail_rf.o)
                0x0000e118                RAILInt_IsPowerInRange
 .text.RAILInt_SetChannel
                0x0000e154      0x1c0 C:\Users\jains\SimplicityStudio\v4_workspace\I2C\platform\radio\rail_lib\autogen\librail_release\librail_efr32xg13_gcc_release.a(rail_rf.o)
                0x0000e154                RAILInt_SetChannel
 .text.RAILCore_ConfigChannels
                0x0000e314       0x60 C:\Users\jains\SimplicityStudio\v4_workspace\I2C\platform\radio\rail_lib\autogen\librail_release\librail_efr32xg13_gcc_release.a(rail_rf.o)
                0x0000e314                RAILCore_ConfigChannels
 .text.RAILInt_GetChannel
                0x0000e374        0x4 C:\Users\jains\SimplicityStudio\v4_workspace\I2C\platform\radio\rail_lib\autogen\librail_release\librail_efr32xg13_gcc_release.a(rail_rf.o)
                0x0000e374                RAILInt_GetChannel
 .text.RAILCore_SetTxTransitions
                0x0000e378       0x3c C:\Users\jains\SimplicityStudio\v4_workspace\I2C\platform\radio\rail_lib\autogen\librail_release\librail_efr32xg13_gcc_release.a(rail_rf.o)
                0x0000e378                RAILCore_SetTxTransitions
 .text.RAIL_SetTxTransitions
                0x0000e3b4        0x6 C:\Users\jains\SimplicityStudio\v4_workspace\I2C\platform\radio\rail_lib\autogen\librail_release\librail_efr32xg13_gcc_release.a(rail_rf.o)
                0x0000e3b4                RAIL_SetTxTransitions
 .text.RAILCore_SetRxTransitions
                0x0000e3ba       0x38 C:\Users\jains\SimplicityStudio\v4_workspace\I2C\platform\radio\rail_lib\autogen\librail_release\librail_efr32xg13_gcc_release.a(rail_rf.o)
                0x0000e3ba                RAILCore_SetRxTransitions
 .text.RAIL_SetRxTransitions
                0x0000e3f2        0x6 C:\Users\jains\SimplicityStudio\v4_workspace\I2C\platform\radio\rail_lib\autogen\librail_release\librail_efr32xg13_gcc_release.a(rail_rf.o)
                0x0000e3f2                RAIL_SetRxTransitions
 .text.RAIL_ConfigEvents
                0x0000e3f8        0x6 C:\Users\jains\SimplicityStudio\v4_workspace\I2C\platform\radio\rail_lib\autogen\librail_release\librail_efr32xg13_gcc_release.a(rail_rf.o)
                0x0000e3f8                RAIL_ConfigEvents
 .text.RAIL_ConfigRxOptions
                0x0000e3fe        0x6 C:\Users\jains\SimplicityStudio\v4_workspace\I2C\platform\radio\rail_lib\autogen\librail_release\librail_efr32xg13_gcc_release.a(rail_rx.o)
                0x0000e3fe                RAIL_ConfigRxOptions
 .text.RAILCore_ScheduleRx
                0x0000e404       0x2c C:\Users\jains\SimplicityStudio\v4_workspace\I2C\platform\radio\rail_lib\autogen\librail_release\librail_efr32xg13_gcc_release.a(rail_rx.o)
                0x0000e404                RAILCore_ScheduleRx
 .text.RAILCb_ConfigFrameTypeLength
                0x0000e430        0x6 C:\Users\jains\SimplicityStudio\v4_workspace\I2C\platform\radio\rail_lib\autogen\librail_release\librail_efr32xg13_gcc_release.a(rail_rx.o)
                0x0000e430                RAILCb_ConfigFrameTypeLength
 .text.RAIL_SetTxPower
                0x0000e436        0x6 C:\Users\jains\SimplicityStudio\v4_workspace\I2C\platform\radio\rail_lib\autogen\librail_release\librail_efr32xg13_gcc_release.a(rail_tx.o)
                0x0000e436                RAIL_SetTxPower
 .text.RAIL_ConfigTxPower
                0x0000e43c       0x1c C:\Users\jains\SimplicityStudio\v4_workspace\I2C\platform\radio\rail_lib\autogen\librail_release\librail_efr32xg13_gcc_release.a(rail_tx.o)
                0x0000e43c                RAIL_ConfigTxPower
 .text.RAILInt_PendCal
                0x0000e458       0x24 C:\Users\jains\SimplicityStudio\v4_workspace\I2C\platform\radio\rail_lib\autogen\librail_release\librail_efr32xg13_gcc_release.a(rail_calibration.o)
                0x0000e458                RAILInt_PendCal
 .text.RAIL_WriteTxFifo
                0x0000e47c        0x6 C:\Users\jains\SimplicityStudio\v4_workspace\I2C\platform\radio\rail_lib\autogen\librail_release\librail_efr32xg13_gcc_release.a(rail_data.o)
                0x0000e47c                RAIL_WriteTxFifo
 .text.RAIL_SetTxFifo
                0x0000e482        0x6 C:\Users\jains\SimplicityStudio\v4_workspace\I2C\platform\radio\rail_lib\autogen\librail_release\librail_efr32xg13_gcc_release.a(rail_data.o)
                0x0000e482                RAIL_SetTxFifo
 .text.RAIL_SetRxFifo
                0x0000e488        0x6 C:\Users\jains\SimplicityStudio\v4_workspace\I2C\platform\radio\rail_lib\autogen\librail_release\librail_efr32xg13_gcc_release.a(rail_data.o)
                0x0000e488                RAIL_SetRxFifo
 *fill*         0x0000e48e        0x2 
 .text.RAILCb_SetupRxFifo
                0x0000e490       0x30 C:\Users\jains\SimplicityStudio\v4_workspace\I2C\platform\radio\rail_lib\autogen\librail_release\librail_efr32xg13_gcc_release.a(rail_data.o)
                0x0000e490                RAILCb_SetupRxFifo
 .text.RAIL_GetRxPacketInfo
                0x0000e4c0        0x8 C:\Users\jains\SimplicityStudio\v4_workspace\I2C\platform\radio\rail_lib\autogen\librail_release\librail_efr32xg13_gcc_release.a(rail_data.o)
                0x0000e4c0                RAIL_GetRxPacketInfo
 .text.RAIL_GetRxPacketDetails
                0x0000e4c8        0x6 C:\Users\jains\SimplicityStudio\v4_workspace\I2C\platform\radio\rail_lib\autogen\librail_release\librail_efr32xg13_gcc_release.a(rail_data.o)
                0x0000e4c8                RAIL_GetRxPacketDetails
 .text.RAIL_ResetFifo
                0x0000e4ce       0x1e C:\Users\jains\SimplicityStudio\v4_workspace\I2C\platform\radio\rail_lib\autogen\librail_release\librail_efr32xg13_gcc_release.a(rail_data.o)
                0x0000e4ce                RAIL_ResetFifo
 .text.RAILCb_AssertFailed
                0x0000e4ec       0x14 C:\Users\jains\SimplicityStudio\v4_workspace\I2C\platform\radio\rail_lib\autogen\librail_release\librail_efr32xg13_gcc_release.a(rail_assert.o)
                0x0000e4ec                RAILCb_AssertFailed
 .text.RAILInt_Assert
                0x0000e500       0x1c C:\Users\jains\SimplicityStudio\v4_workspace\I2C\platform\radio\rail_lib\autogen\librail_release\librail_efr32xg13_gcc_release.a(rail_assert.o)
                0x0000e500                RAILInt_Assert
 .text.RAIL_GetTime
                0x0000e51c        0x4 C:\Users\jains\SimplicityStudio\v4_workspace\I2C\platform\radio\rail_lib\autogen\librail_release\librail_efr32xg13_gcc_release.a(rail_timer.o)
                0x0000e51c                RAIL_GetTime
 .text.checkAndAddRxLenOverflowEntry.part.0
                0x0000e520       0x2c C:\Users\jains\SimplicityStudio\v4_workspace\I2C\platform\radio\rail_lib\autogen\librail_release\librail_efr32xg13_gcc_release.a(bufc.o)
 .text.BUFC_ReadHelper
                0x0000e54c       0x7a C:\Users\jains\SimplicityStudio\v4_workspace\I2C\platform\radio\rail_lib\autogen\librail_release\librail_efr32xg13_gcc_release.a(bufc.o)
 *fill*         0x0000e5c6        0x2 
 .text.BUFC_SetTxBuffer
                0x0000e5c8       0x38 C:\Users\jains\SimplicityStudio\v4_workspace\I2C\platform\radio\rail_lib\autogen\librail_release\librail_efr32xg13_gcc_release.a(bufc.o)
                0x0000e5c8                BUFC_SetTxBuffer
 .text.BUFC_SetRxBuffer
                0x0000e600       0x1c C:\Users\jains\SimplicityStudio\v4_workspace\I2C\platform\radio\rail_lib\autogen\librail_release\librail_efr32xg13_gcc_release.a(bufc.o)
                0x0000e600                BUFC_SetRxBuffer
 .text.BUFC_WriteBuffer
                0x0000e61c       0xb0 C:\Users\jains\SimplicityStudio\v4_workspace\I2C\platform\radio\rail_lib\autogen\librail_release\librail_efr32xg13_gcc_release.a(bufc.o)
                0x0000e61c                BUFC_WriteBuffer
 .text.BUFC_Peek
                0x0000e6cc       0x12 C:\Users\jains\SimplicityStudio\v4_workspace\I2C\platform\radio\rail_lib\autogen\librail_release\librail_efr32xg13_gcc_release.a(bufc.o)
                0x0000e6cc                BUFC_Peek
 .text.BUFC_PeekByte
                0x0000e6de       0x46 C:\Users\jains\SimplicityStudio\v4_workspace\I2C\platform\radio\rail_lib\autogen\librail_release\librail_efr32xg13_gcc_release.a(bufc.o)
                0x0000e6de                BUFC_PeekByte
 .text.BUFC_GetSpaceAvailable
                0x0000e724       0x24 C:\Users\jains\SimplicityStudio\v4_workspace\I2C\platform\radio\rail_lib\autogen\librail_release\librail_efr32xg13_gcc_release.a(bufc.o)
                0x0000e724                BUFC_GetSpaceAvailable
 .text.BUFC_GetBytesAvailable
                0x0000e748       0x14 C:\Users\jains\SimplicityStudio\v4_workspace\I2C\platform\radio\rail_lib\autogen\librail_release\librail_efr32xg13_gcc_release.a(bufc.o)
                0x0000e748                BUFC_GetBytesAvailable
 .text.BUFC_TxAckBufferSet
                0x0000e75c       0x2c C:\Users\jains\SimplicityStudio\v4_workspace\I2C\platform\radio\rail_lib\autogen\librail_release\librail_efr32xg13_gcc_release.a(bufc.o)
                0x0000e75c                BUFC_TxAckBufferSet
 .text.BUFC_RxBufferReset
                0x0000e788       0x5c C:\Users\jains\SimplicityStudio\v4_workspace\I2C\platform\radio\rail_lib\autogen\librail_release\librail_efr32xg13_gcc_release.a(bufc.o)
                0x0000e788                BUFC_RxBufferReset
 .text.BUFC_Init
                0x0000e7e4       0x50 C:\Users\jains\SimplicityStudio\v4_workspace\I2C\platform\radio\rail_lib\autogen\librail_release\librail_efr32xg13_gcc_release.a(bufc.o)
                0x0000e7e4                BUFC_Init
 .text.BUFC_ReleaseRxPacket
                0x0000e834      0x118 C:\Users\jains\SimplicityStudio\v4_workspace\I2C\platform\radio\rail_lib\autogen\librail_release\librail_efr32xg13_gcc_release.a(bufc.o)
                0x0000e834                BUFC_ReleaseRxPacket
 .text.BUFC_StartRxLenThrEvent
                0x0000e94c       0x50 C:\Users\jains\SimplicityStudio\v4_workspace\I2C\platform\radio\rail_lib\autogen\librail_release\librail_efr32xg13_gcc_release.a(bufc.o)
                0x0000e94c                BUFC_StartRxLenThrEvent
 .text.BUFC_EndRxLenThrEvent
                0x0000e99c       0x1c C:\Users\jains\SimplicityStudio\v4_workspace\I2C\platform\radio\rail_lib\autogen\librail_release\librail_efr32xg13_gcc_release.a(bufc.o)
                0x0000e99c                BUFC_EndRxLenThrEvent
 .text.BUFC_HandleRxLenOvfEvent
                0x0000e9b8       0x30 C:\Users\jains\SimplicityStudio\v4_workspace\I2C\platform\radio\rail_lib\autogen\librail_release\librail_efr32xg13_gcc_release.a(bufc.o)
                0x0000e9b8                BUFC_HandleRxLenOvfEvent
 .text.BUFC_GetRxPacketInfo
                0x0000e9e8      0x168 C:\Users\jains\SimplicityStudio\v4_workspace\I2C\platform\radio\rail_lib\autogen\librail_release\librail_efr32xg13_gcc_release.a(bufc.o)
                0x0000e9e8                BUFC_GetRxPacketInfo
 .text.IRCAL_Set
                0x0000eb50       0x1c C:\Users\jains\SimplicityStudio\v4_workspace\I2C\platform\radio\rail_lib\autogen\librail_release\librail_efr32xg13_gcc_release.a(ir_cal.o)
                0x0000eb50                IRCAL_Set
 .text.getRampTimeFromLevelAndRate
                0x0000eb6c       0x20 C:\Users\jains\SimplicityStudio\v4_workspace\I2C\platform\radio\rail_lib\autogen\librail_release\librail_efr32xg13_gcc_release.a(pa.o)
 .text.PA_ProtectPa
                0x0000eb8c       0xa0 C:\Users\jains\SimplicityStudio\v4_workspace\I2C\platform\radio\rail_lib\autogen\librail_release\librail_efr32xg13_gcc_release.a(pa.o)
 .text.PA_GetTxPowerConfig
                0x0000ec2c       0x14 C:\Users\jains\SimplicityStudio\v4_workspace\I2C\platform\radio\rail_lib\autogen\librail_release\librail_efr32xg13_gcc_release.a(pa.o)
                0x0000ec2c                PA_GetTxPowerConfig
 .text.PA_GetPowerLevel
                0x0000ec40        0xc C:\Users\jains\SimplicityStudio\v4_workspace\I2C\platform\radio\rail_lib\autogen\librail_release\librail_efr32xg13_gcc_release.a(pa.o)
                0x0000ec40                PA_GetPowerLevel
 .text.PA_SetPowerLevel
                0x0000ec4c      0x178 C:\Users\jains\SimplicityStudio\v4_workspace\I2C\platform\radio\rail_lib\autogen\librail_release\librail_efr32xg13_gcc_release.a(pa.o)
                0x0000ec4c                PA_SetPowerLevel
 .text.PA_RunPeakDetectorHigh
                0x0000edc4       0x40 C:\Users\jains\SimplicityStudio\v4_workspace\I2C\platform\radio\rail_lib\autogen\librail_release\librail_efr32xg13_gcc_release.a(pa.o)
                0x0000edc4                PA_RunPeakDetectorHigh
 .text.PA_RunPeakDetectorLow
                0x0000ee04        0x2 C:\Users\jains\SimplicityStudio\v4_workspace\I2C\platform\radio\rail_lib\autogen\librail_release\librail_efr32xg13_gcc_release.a(pa.o)
                0x0000ee04                PA_RunPeakDetectorLow
 *fill*         0x0000ee06        0x2 
 .text.PA_RunBatHigh
                0x0000ee08       0x2c C:\Users\jains\SimplicityStudio\v4_workspace\I2C\platform\radio\rail_lib\autogen\librail_release\librail_efr32xg13_gcc_release.a(pa.o)
                0x0000ee08                PA_RunBatHigh
 .text.PA_GetRampTime
                0x0000ee34        0xc C:\Users\jains\SimplicityStudio\v4_workspace\I2C\platform\radio\rail_lib\autogen\librail_release\librail_efr32xg13_gcc_release.a(pa.o)
                0x0000ee34                PA_GetRampTime
 .text.PA_CalcRampTime
                0x0000ee40       0x3c C:\Users\jains\SimplicityStudio\v4_workspace\I2C\platform\radio\rail_lib\autogen\librail_release\librail_efr32xg13_gcc_release.a(pa.o)
                0x0000ee40                PA_CalcRampTime
 .text.PA_SetRampTime
                0x0000ee7c      0x100 C:\Users\jains\SimplicityStudio\v4_workspace\I2C\platform\radio\rail_lib\autogen\librail_release\librail_efr32xg13_gcc_release.a(pa.o)
                0x0000ee7c                PA_SetRampTime
 .text.PA_SetCTune
                0x0000ef7c       0x34 C:\Users\jains\SimplicityStudio\v4_workspace\I2C\platform\radio\rail_lib\autogen\librail_release\librail_efr32xg13_gcc_release.a(pa.o)
                0x0000ef7c                PA_SetCTune
 .text.PA_SelectBand
                0x0000efb0       0x38 C:\Users\jains\SimplicityStudio\v4_workspace\I2C\platform\radio\rail_lib\autogen\librail_release\librail_efr32xg13_gcc_release.a(pa.o)
                0x0000efb0                PA_SelectBand
 .text.PA_Config
                0x0000efe8      0x114 C:\Users\jains\SimplicityStudio\v4_workspace\I2C\platform\radio\rail_lib\autogen\librail_release\librail_efr32xg13_gcc_release.a(pa.o)
                0x0000efe8                PA_Config
 .text.PA_UpdateConfig
                0x0000f0fc       0x38 C:\Users\jains\SimplicityStudio\v4_workspace\I2C\platform\radio\rail_lib\autogen\librail_release\librail_efr32xg13_gcc_release.a(pa.o)
                0x0000f0fc                PA_UpdateConfig
 .text.PROTIMER_Init
                0x0000f134       0xe4 C:\Users\jains\SimplicityStudio\v4_workspace\I2C\platform\radio\rail_lib\autogen\librail_release\librail_efr32xg13_gcc_release.a(protimer.o)
                0x0000f134                PROTIMER_Init
 .text.PROTIMER_Start
                0x0000f218       0x1c C:\Users\jains\SimplicityStudio\v4_workspace\I2C\platform\radio\rail_lib\autogen\librail_release\librail_efr32xg13_gcc_release.a(protimer.o)
                0x0000f218                PROTIMER_Start
 .text.PROTIMER_ElapsedTime
                0x0000f234       0x40 C:\Users\jains\SimplicityStudio\v4_workspace\I2C\platform\radio\rail_lib\autogen\librail_release\librail_efr32xg13_gcc_release.a(protimer.o)
                0x0000f234                PROTIMER_ElapsedTime
 .text.PROTIMER_CCTimerStop
                0x0000f274       0x20 C:\Users\jains\SimplicityStudio\v4_workspace\I2C\platform\radio\rail_lib\autogen\librail_release\librail_efr32xg13_gcc_release.a(protimer.o)
                0x0000f274                PROTIMER_CCTimerStop
 .text.PROTIMER_CCTimerIsEnabled
                0x0000f294       0x14 C:\Users\jains\SimplicityStudio\v4_workspace\I2C\platform\radio\rail_lib\autogen\librail_release\librail_efr32xg13_gcc_release.a(protimer.o)
                0x0000f294                PROTIMER_CCTimerIsEnabled
 .text.PROTIMER_CCTimerCapture
                0x0000f2a8       0x18 C:\Users\jains\SimplicityStudio\v4_workspace\I2C\platform\radio\rail_lib\autogen\librail_release\librail_efr32xg13_gcc_release.a(protimer.o)
                0x0000f2a8                PROTIMER_CCTimerCapture
 .text.PROTIMER_ClearRxEnable
                0x0000f2c0       0x10 C:\Users\jains\SimplicityStudio\v4_workspace\I2C\platform\radio\rail_lib\autogen\librail_release\librail_efr32xg13_gcc_release.a(protimer.o)
                0x0000f2c0                PROTIMER_ClearRxEnable
 .text.PROTIMER_GetTime
                0x0000f2d0       0x38 C:\Users\jains\SimplicityStudio\v4_workspace\I2C\platform\radio\rail_lib\autogen\librail_release\librail_efr32xg13_gcc_release.a(protimer.o)
                0x0000f2d0                PROTIMER_GetTime
 .text.PROTIMER_LBTStop
                0x0000f308       0x18 C:\Users\jains\SimplicityStudio\v4_workspace\I2C\platform\radio\rail_lib\autogen\librail_release\librail_efr32xg13_gcc_release.a(protimer.o)
                0x0000f308                PROTIMER_LBTStop
 .text.PROTIMER_PrecntOverflowToUs
                0x0000f320       0x34 C:\Users\jains\SimplicityStudio\v4_workspace\I2C\platform\radio\rail_lib\autogen\librail_release\librail_efr32xg13_gcc_release.a(protimer.o)
                0x0000f320                PROTIMER_PrecntOverflowToUs
 .text.PROTIMER_GetUsTime
                0x0000f354       0x18 C:\Users\jains\SimplicityStudio\v4_workspace\I2C\platform\radio\rail_lib\autogen\librail_release\librail_efr32xg13_gcc_release.a(protimer.o)
                0x0000f354                PROTIMER_GetUsTime
 .text.PROTIMER_GetUsFromRawWrap
                0x0000f36c       0x2e C:\Users\jains\SimplicityStudio\v4_workspace\I2C\platform\radio\rail_lib\autogen\librail_release\librail_efr32xg13_gcc_release.a(protimer.o)
                0x0000f36c                PROTIMER_GetUsFromRawWrap
 *fill*         0x0000f39a        0x2 
 .text.PROTIMER_UsToPrecntOverflow
                0x0000f39c       0x40 C:\Users\jains\SimplicityStudio\v4_workspace\I2C\platform\radio\rail_lib\autogen\librail_release\librail_efr32xg13_gcc_release.a(protimer.o)
                0x0000f39c                PROTIMER_UsToPrecntOverflow
 .text.PROTIMER_CCTimerStart
                0x0000f3dc      0x1a8 C:\Users\jains\SimplicityStudio\v4_workspace\I2C\platform\radio\rail_lib\autogen\librail_release\librail_efr32xg13_gcc_release.a(protimer.o)
                0x0000f3dc                PROTIMER_CCTimerStart
 .text.PROTIMER_ScheduleTxEnable
                0x0000f584       0x28 C:\Users\jains\SimplicityStudio\v4_workspace\I2C\platform\radio\rail_lib\autogen\librail_release\librail_efr32xg13_gcc_release.a(protimer.o)
                0x0000f584                PROTIMER_ScheduleTxEnable
 .text.PROTIMER_ScheduleRxEnable
                0x0000f5ac       0x28 C:\Users\jains\SimplicityStudio\v4_workspace\I2C\platform\radio\rail_lib\autogen\librail_release\librail_efr32xg13_gcc_release.a(protimer.o)
                0x0000f5ac                PROTIMER_ScheduleRxEnable
 .text.PROTIMER_ScheduleRxDisable
                0x0000f5d4       0x34 C:\Users\jains\SimplicityStudio\v4_workspace\I2C\platform\radio\rail_lib\autogen\librail_release\librail_efr32xg13_gcc_release.a(protimer.o)
                0x0000f5d4                PROTIMER_ScheduleRxDisable
 .text.PROTIMER_DelayUs
                0x0000f608       0x16 C:\Users\jains\SimplicityStudio\v4_workspace\I2C\platform\radio\rail_lib\autogen\librail_release\librail_efr32xg13_gcc_release.a(protimer.o)
                0x0000f608                PROTIMER_DelayUs
 *fill*         0x0000f61e        0x2 
 .text.PTI_EnableAppendedInfo
                0x0000f620       0x18 C:\Users\jains\SimplicityStudio\v4_workspace\I2C\platform\radio\rail_lib\autogen\librail_release\librail_efr32xg13_gcc_release.a(pti.o)
                0x0000f620                PTI_EnableAppendedInfo
 .text.PTI_Enable
                0x0000f638       0x50 C:\Users\jains\SimplicityStudio\v4_workspace\I2C\platform\radio\rail_lib\autogen\librail_release\librail_efr32xg13_gcc_release.a(pti.o)
                0x0000f638                PTI_Enable
 .text.PTI_AuxdataOutput
                0x0000f688       0x1c C:\Users\jains\SimplicityStudio\v4_workspace\I2C\platform\radio\rail_lib\autogen\librail_release\librail_efr32xg13_gcc_release.a(pti.o)
                0x0000f688                PTI_AuxdataOutput
 .text.PTI_EnableSyncword
                0x0000f6a4       0x18 C:\Users\jains\SimplicityStudio\v4_workspace\I2C\platform\radio\rail_lib\autogen\librail_release\librail_efr32xg13_gcc_release.a(pti.o)
                0x0000f6a4                PTI_EnableSyncword
 .text.RADIO_SetAndForgetWrite
                0x0000f6bc       0x74 C:\Users\jains\SimplicityStudio\v4_workspace\I2C\platform\radio\rail_lib\autogen\librail_release\librail_efr32xg13_gcc_release.a(radio.o)
                0x0000f6bc                RADIO_SetAndForgetWrite
 .text.RADIO_RewriteCcTableData
                0x0000f730       0x34 C:\Users\jains\SimplicityStudio\v4_workspace\I2C\platform\radio\rail_lib\autogen\librail_release\librail_efr32xg13_gcc_release.a(radio.o)
                0x0000f730                RADIO_RewriteCcTableData
 .text.RADIO_SeqInit
                0x0000f764       0x64 C:\Users\jains\SimplicityStudio\v4_workspace\I2C\platform\radio\rail_lib\autogen\librail_release\librail_efr32xg13_gcc_release.a(radio.o)
                0x0000f764                RADIO_SeqInit
 .text.RADIO_ClockEnable
                0x0000f7c8       0x14 C:\Users\jains\SimplicityStudio\v4_workspace\I2C\platform\radio\rail_lib\autogen\librail_release\librail_efr32xg13_gcc_release.a(radio.o)
                0x0000f7c8                RADIO_ClockEnable
 .text.RADIO_Init
                0x0000f7dc       0x5c C:\Users\jains\SimplicityStudio\v4_workspace\I2C\platform\radio\rail_lib\autogen\librail_release\librail_efr32xg13_gcc_release.a(radio.o)
                0x0000f7dc                RADIO_Init
 .text.RADIO_ClockPrescGet
                0x0000f838       0x10 C:\Users\jains\SimplicityStudio\v4_workspace\I2C\platform\radio\rail_lib\autogen\librail_release\librail_efr32xg13_gcc_release.a(radio.o)
                0x0000f838                RADIO_ClockPrescGet
 .text.RADIO_ClockFreqGet
                0x0000f848       0x14 C:\Users\jains\SimplicityStudio\v4_workspace\I2C\platform\radio\rail_lib\autogen\librail_release\librail_efr32xg13_gcc_release.a(radio.o)
                0x0000f848                RADIO_ClockFreqGet
 .text.RADIO_Config
                0x0000f85c       0xb0 C:\Users\jains\SimplicityStudio\v4_workspace\I2C\platform\radio\rail_lib\autogen\librail_release\librail_efr32xg13_gcc_release.a(radio.o)
                0x0000f85c                RADIO_Config
 .text.RADIO_IsRxOnForRssi
                0x0000f90c       0x18 C:\Users\jains\SimplicityStudio\v4_workspace\I2C\platform\radio\rail_lib\autogen\librail_release\librail_efr32xg13_gcc_release.a(radio.o)
                0x0000f90c                RADIO_IsRxOnForRssi
 .text.RADIO_RxTrailDataLength
                0x0000f924       0x3c C:\Users\jains\SimplicityStudio\v4_workspace\I2C\platform\radio\rail_lib\autogen\librail_release\librail_efr32xg13_gcc_release.a(radio.o)
                0x0000f924                RADIO_RxTrailDataLength
 .text.RADIO_ComputeTxBaudrate
                0x0000f960       0x24 C:\Users\jains\SimplicityStudio\v4_workspace\I2C\platform\radio\rail_lib\autogen\librail_release\librail_efr32xg13_gcc_release.a(radio.o)
                0x0000f960                RADIO_ComputeTxBaudrate
 .text.RADIO_ComputeTxSymbolRate
                0x0000f984       0x54 C:\Users\jains\SimplicityStudio\v4_workspace\I2C\platform\radio\rail_lib\autogen\librail_release\librail_efr32xg13_gcc_release.a(radio.o)
                0x0000f984                RADIO_ComputeTxSymbolRate
 .text.RADIO_ComputeTxBitRate
                0x0000f9d8       0x44 C:\Users\jains\SimplicityStudio\v4_workspace\I2C\platform\radio\rail_lib\autogen\librail_release\librail_efr32xg13_gcc_release.a(radio.o)
                0x0000f9d8                RADIO_ComputeTxBitRate
 .text.RADIO_GetRssi
                0x0000fa1c       0x64 C:\Users\jains\SimplicityStudio\v4_workspace\I2C\platform\radio\rail_lib\autogen\librail_release\librail_efr32xg13_gcc_release.a(radio.o)
                0x0000fa1c                RADIO_GetRssi
 .text.RADIO_SetCRCInitVal
                0x0000fa80       0x10 C:\Users\jains\SimplicityStudio\v4_workspace\I2C\platform\radio\rail_lib\autogen\librail_release\librail_efr32xg13_gcc_release.a(radio.o)
                0x0000fa80                RADIO_SetCRCInitVal
 .text.RADIO_RACClearRxOverflow
                0x0000fa90       0x20 C:\Users\jains\SimplicityStudio\v4_workspace\I2C\platform\radio\rail_lib\autogen\librail_release\librail_efr32xg13_gcc_release.a(radio.o)
                0x0000fa90                RADIO_RACClearRxOverflow
 .text.RFSENSE_IRQHandler
                0x0000fab0       0x10 C:\Users\jains\SimplicityStudio\v4_workspace\I2C\platform\radio\rail_lib\autogen\librail_release\librail_efr32xg13_gcc_release.a(rfsense.o)
                0x0000fab0                RFSENSE_IRQHandler
 .text.PRORTC_IRQHandler
                0x0000fac0       0x10 C:\Users\jains\SimplicityStudio\v4_workspace\I2C\platform\radio\rail_lib\autogen\librail_release\librail_efr32xg13_gcc_release.a(rtccsync.o)
                0x0000fac0                PRORTC_IRQHandler
 .text.RTCCSYNC_Init
                0x0000fad0       0x88 C:\Users\jains\SimplicityStudio\v4_workspace\I2C\platform\radio\rail_lib\autogen\librail_release\librail_efr32xg13_gcc_release.a(rtccsync.o)
                0x0000fad0                RTCCSYNC_Init
 .text.SYNTH_RfFreqGet
                0x0000fb58        0xc C:\Users\jains\SimplicityStudio\v4_workspace\I2C\platform\radio\rail_lib\autogen\librail_release\librail_efr32xg13_gcc_release.a(synth.o)
                0x0000fb58                SYNTH_RfFreqGet
 .text.SYNTH_ChSpacingGet
                0x0000fb64        0xc C:\Users\jains\SimplicityStudio\v4_workspace\I2C\platform\radio\rail_lib\autogen\librail_release\librail_efr32xg13_gcc_release.a(synth.o)
                0x0000fb64                SYNTH_ChSpacingGet
 .text.SYNTH_LoDivGet
                0x0000fb70       0x20 C:\Users\jains\SimplicityStudio\v4_workspace\I2C\platform\radio\rail_lib\autogen\librail_release\librail_efr32xg13_gcc_release.a(synth.o)
                0x0000fb70                SYNTH_LoDivGet
 .text.SYNTH_Is2p4GHz
                0x0000fb90       0x14 C:\Users\jains\SimplicityStudio\v4_workspace\I2C\platform\radio\rail_lib\autogen\librail_release\librail_efr32xg13_gcc_release.a(synth.o)
                0x0000fb90                SYNTH_Is2p4GHz
 .text.SYNTH_VcoRangeIsValid
                0x0000fba4       0x30 C:\Users\jains\SimplicityStudio\v4_workspace\I2C\platform\radio\rail_lib\autogen\librail_release\librail_efr32xg13_gcc_release.a(synth.o)
                0x0000fba4                SYNTH_VcoRangeIsValid
 .text.SYNTH_RetimeLimitsConfig
                0x0000fbd4       0x64 C:\Users\jains\SimplicityStudio\v4_workspace\I2C\platform\radio\rail_lib\autogen\librail_release\librail_efr32xg13_gcc_release.a(synth.o)
                0x0000fbd4                SYNTH_RetimeLimitsConfig
 .text.SYNTH_RetimeClkConfig
                0x0000fc38       0xb4 C:\Users\jains\SimplicityStudio\v4_workspace\I2C\platform\radio\rail_lib\autogen\librail_release\librail_efr32xg13_gcc_release.a(synth.o)
                0x0000fc38                SYNTH_RetimeClkConfig
 .text.SYNTH_Config
                0x0000fcec      0x104 C:\Users\jains\SimplicityStudio\v4_workspace\I2C\platform\radio\rail_lib\autogen\librail_release\librail_efr32xg13_gcc_release.a(synth.o)
                0x0000fcec                SYNTH_Config
 .text.SYNTH_ChannelSet
                0x0000fdf0       0x40 C:\Users\jains\SimplicityStudio\v4_workspace\I2C\platform\radio\rail_lib\autogen\librail_release\librail_efr32xg13_gcc_release.a(synth.o)
                0x0000fdf0                SYNTH_ChannelSet
 .text.SYNTH_DCDCRetimeClkSet
                0x0000fe30       0x68 C:\Users\jains\SimplicityStudio\v4_workspace\I2C\platform\radio\rail_lib\autogen\librail_release\librail_efr32xg13_gcc_release.a(synth.o)
                0x0000fe30                SYNTH_DCDCRetimeClkSet
 .text.SYNTH_DCDCRetimeEnable
                0x0000fe98       0x18 C:\Users\jains\SimplicityStudio\v4_workspace\I2C\platform\radio\rail_lib\autogen\librail_release\librail_efr32xg13_gcc_release.a(synth.o)
                0x0000fe98                SYNTH_DCDCRetimeEnable
 .text.SYNTH_DCDCRetimeDisable
                0x0000feb0       0x18 C:\Users\jains\SimplicityStudio\v4_workspace\I2C\platform\radio\rail_lib\autogen\librail_release\librail_efr32xg13_gcc_release.a(synth.o)
                0x0000feb0                SYNTH_DCDCRetimeDisable
 .text.SYNTH_KvnFreqCompensationEnable
                0x0000fec8        0xc C:\Users\jains\SimplicityStudio\v4_workspace\I2C\platform\radio\rail_lib\autogen\librail_release\librail_efr32xg13_gcc_release.a(synth.o)
                0x0000fec8                SYNTH_KvnFreqCompensationEnable
 .text.TEMPCAL_Init
                0x0000fed4       0x38 C:\Users\jains\SimplicityStudio\v4_workspace\I2C\platform\radio\rail_lib\autogen\librail_release\librail_efr32xg13_gcc_release.a(tempcal.o)
                0x0000fed4                TEMPCAL_Init
 .text.TIMING_NsToStimerTickCalc
                0x0000ff0c       0x2c C:\Users\jains\SimplicityStudio\v4_workspace\I2C\platform\radio\rail_lib\autogen\librail_release\librail_efr32xg13_gcc_release.a(timings.o)
 .text.TIMING_Recalculate
                0x0000ff38      0x1ec C:\Users\jains\SimplicityStudio\v4_workspace\I2C\platform\radio\rail_lib\autogen\librail_release\librail_efr32xg13_gcc_release.a(timings.o)
 .text.TIMING_InitStimer
                0x00010124       0x8c C:\Users\jains\SimplicityStudio\v4_workspace\I2C\platform\radio\rail_lib\autogen\librail_release\librail_efr32xg13_gcc_release.a(timings.o)
                0x00010124                TIMING_InitStimer
 .text.TIMING_SeqTimingInit
                0x000101b0       0x90 C:\Users\jains\SimplicityStudio\v4_workspace\I2C\platform\radio\rail_lib\autogen\librail_release\librail_efr32xg13_gcc_release.a(timings.o)
                0x000101b0                TIMING_SeqTimingInit
 .text.TIMING_SetTransitionTime
                0x00010240       0x18 C:\Users\jains\SimplicityStudio\v4_workspace\I2C\platform\radio\rail_lib\autogen\librail_release\librail_efr32xg13_gcc_release.a(timings.o)
                0x00010240                TIMING_SetTransitionTime
 .text.TIMING_RxSearchTimeSet
                0x00010258       0x10 C:\Users\jains\SimplicityStudio\v4_workspace\I2C\platform\radio\rail_lib\autogen\librail_release\librail_efr32xg13_gcc_release.a(timings.o)
                0x00010258                TIMING_RxSearchTimeSet
 .text.TIMING_TxToRxSearchTimeSet
                0x00010268       0x10 C:\Users\jains\SimplicityStudio\v4_workspace\I2C\platform\radio\rail_lib\autogen\librail_release\librail_efr32xg13_gcc_release.a(timings.o)
                0x00010268                TIMING_TxToRxSearchTimeSet
 .text.TIMING_RecalculateAll
                0x00010278        0x6 C:\Users\jains\SimplicityStudio\v4_workspace\I2C\platform\radio\rail_lib\autogen\librail_release\librail_efr32xg13_gcc_release.a(timings.o)
                0x00010278                TIMING_RecalculateAll
 .text.TIMING_RecalculatePaRampChanged
                0x0001027e        0x6 C:\Users\jains\SimplicityStudio\v4_workspace\I2C\platform\radio\rail_lib\autogen\librail_release\librail_efr32xg13_gcc_release.a(timings.o)
                0x0001027e                TIMING_RecalculatePaRampChanged
 .text.TIMING_RecalculateViterbiChanged
                0x00010284        0x6 C:\Users\jains\SimplicityStudio\v4_workspace\I2C\platform\radio\rail_lib\autogen\librail_release\librail_efr32xg13_gcc_release.a(timings.o)
                0x00010284                TIMING_RecalculateViterbiChanged
 .text.TIMING_SetChainDelays
                0x0001028a        0x8 C:\Users\jains\SimplicityStudio\v4_workspace\I2C\platform\radio\rail_lib\autogen\librail_release\librail_efr32xg13_gcc_release.a(timings.o)
                0x0001028a                TIMING_SetChainDelays
 *fill*         0x00010292        0x2 
 .text.TIMING_CalcAdjustUs
                0x00010294       0x40 C:\Users\jains\SimplicityStudio\v4_workspace\I2C\platform\radio\rail_lib\autogen\librail_release\librail_efr32xg13_gcc_release.a(timings.o)
                0x00010294                TIMING_CalcAdjustUs
 .text.TIMING_PacketBits
                0x000102d4       0x14 C:\Users\jains\SimplicityStudio\v4_workspace\I2C\platform\radio\rail_lib\autogen\librail_release\librail_efr32xg13_gcc_release.a(timings.o)
                0x000102d4                TIMING_PacketBits
 .text.TIMING_PreambleSyncBits
                0x000102e8       0x38 C:\Users\jains\SimplicityStudio\v4_workspace\I2C\platform\radio\rail_lib\autogen\librail_release\librail_efr32xg13_gcc_release.a(timings.o)
                0x000102e8                TIMING_PreambleSyncBits
 .text.TIMING_CalcRxTimeStampUs
                0x00010320       0x66 C:\Users\jains\SimplicityStudio\v4_workspace\I2C\platform\radio\rail_lib\autogen\librail_release\librail_efr32xg13_gcc_release.a(timings.o)
                0x00010320                TIMING_CalcRxTimeStampUs
 *fill*         0x00010386        0x2 
 .text.TIMING_AdjustRxTimeStampUs
                0x00010388       0x40 C:\Users\jains\SimplicityStudio\v4_workspace\I2C\platform\radio\rail_lib\autogen\librail_release\librail_efr32xg13_gcc_release.a(timings.o)
                0x00010388                TIMING_AdjustRxTimeStampUs
 .text.RFRAND_GetRadioEntropy
                0x000103c8      0x100 C:\Users\jains\SimplicityStudio\v4_workspace\I2C\platform\radio\rail_lib\autogen\librail_release\librail_efr32xg13_gcc_release.a(rf_rand.o)
                0x000103c8                RFRAND_GetRadioEntropy
 .text.RFRAND_SeedProtimerRandom
                0x000104c8       0x3c C:\Users\jains\SimplicityStudio\v4_workspace\I2C\platform\radio\rail_lib\autogen\librail_release\librail_efr32xg13_gcc_release.a(rf_rand.o)
                0x000104c8                RFRAND_SeedProtimerRandom
 .text.RAIL_GetTxPowerCurve
                0x00010504       0x14 C:\Users\jains\SimplicityStudio\v4_workspace\I2C\platform\radio\rail_lib\autogen\librail_release\librail_efr32xg13_gcc_release.a(pa_conversions_efr32.o)
                0x00010504                RAIL_GetTxPowerCurve
 .text.RAIL_InitTxPowerCurves
                0x00010518       0x2c C:\Users\jains\SimplicityStudio\v4_workspace\I2C\platform\radio\rail_lib\autogen\librail_release\librail_efr32xg13_gcc_release.a(pa_conversions_efr32.o)
                0x00010518                RAIL_InitTxPowerCurves
 .text.RAIL_ConvertDbmToRaw
                0x00010544       0xd8 C:\Users\jains\SimplicityStudio\v4_workspace\I2C\platform\radio\rail_lib\autogen\librail_release\librail_efr32xg13_gcc_release.a(pa_conversions_efr32.o)
                0x00010544                RAIL_ConvertDbmToRaw
 .text.RAIL_ConvertRawToDbm
                0x0001061c       0xb8 C:\Users\jains\SimplicityStudio\v4_workspace\I2C\platform\radio\rail_lib\autogen\librail_release\librail_efr32xg13_gcc_release.a(pa_conversions_efr32.o)
                0x0001061c                RAIL_ConvertRawToDbm
 .text.GENERIC_PHY_EnableDisableInt
                0x000106d4       0x22 C:\Users\jains\SimplicityStudio\v4_workspace\I2C\platform\radio\rail_lib\autogen\librail_release\librail_efr32xg13_gcc_release.a(generic_phy.o)
 *fill*         0x000106f6        0x2 
 .text.GENERIC_PHY_DisableRadioIrqs
                0x000106f8       0x50 C:\Users\jains\SimplicityStudio\v4_workspace\I2C\platform\radio\rail_lib\autogen\librail_release\librail_efr32xg13_gcc_release.a(generic_phy.o)
 .text.GENERIC_PHY_ConfigureRollbackReporting
                0x00010748       0x68 C:\Users\jains\SimplicityStudio\v4_workspace\I2C\platform\radio\rail_lib\autogen\librail_release\librail_efr32xg13_gcc_release.a(generic_phy.o)
 .text.GENERIC_PHY_ClearPendedRxWindowEnd
                0x000107b0       0x1c C:\Users\jains\SimplicityStudio\v4_workspace\I2C\platform\radio\rail_lib\autogen\librail_release\librail_efr32xg13_gcc_release.a(generic_phy.o)
 .text.GENERIC_PHY_RxOverflowHook
                0x000107cc       0x34 C:\Users\jains\SimplicityStudio\v4_workspace\I2C\platform\radio\rail_lib\autogen\librail_release\librail_efr32xg13_gcc_release.a(generic_phy.o)
 .text.RADIO_RACRxAbort
                0x00010800       0x3c C:\Users\jains\SimplicityStudio\v4_workspace\I2C\platform\radio\rail_lib\autogen\librail_release\librail_efr32xg13_gcc_release.a(generic_phy.o)
 .text.GENERIC_PHY_CheckPendedRxWindowEnd
                0x0001083c       0x44 C:\Users\jains\SimplicityStudio\v4_workspace\I2C\platform\radio\rail_lib\autogen\librail_release\librail_efr32xg13_gcc_release.a(generic_phy.o)
 .text.GENERIC_PHY_ConfigureEvents
                0x00010880      0x2c8 C:\Users\jains\SimplicityStudio\v4_workspace\I2C\platform\radio\rail_lib\autogen\librail_release\librail_efr32xg13_gcc_release.a(generic_phy.o)
                0x00010880                GENERIC_PHY_ConfigureEvents
 .text.GENERIC_PHY_PacketTxCommon
                0x00010b48       0x3c C:\Users\jains\SimplicityStudio\v4_workspace\I2C\platform\radio\rail_lib\autogen\librail_release\librail_efr32xg13_gcc_release.a(generic_phy.o)
                0x00010b48                GENERIC_PHY_PacketTxCommon
 .text.GENERIC_PHY_PacketTx
                0x00010b84       0x40 C:\Users\jains\SimplicityStudio\v4_workspace\I2C\platform\radio\rail_lib\autogen\librail_release\librail_efr32xg13_gcc_release.a(generic_phy.o)
                0x00010b84                GENERIC_PHY_PacketTx
 .text.GENERIC_PHY_SchedulePacketRx
                0x00010bc4      0x100 C:\Users\jains\SimplicityStudio\v4_workspace\I2C\platform\radio\rail_lib\autogen\librail_release\librail_efr32xg13_gcc_release.a(generic_phy.o)
                0x00010bc4                GENERIC_PHY_SchedulePacketRx
 .text.GENERIC_PHY_SchedulePacketTx
                0x00010cc4       0x78 C:\Users\jains\SimplicityStudio\v4_workspace\I2C\platform\radio\rail_lib\autogen\librail_release\librail_efr32xg13_gcc_release.a(generic_phy.o)
                0x00010cc4                GENERIC_PHY_SchedulePacketTx
 .text.GENERIC_PHY_SeqAtomicLock
                0x00010d3c       0x30 C:\Users\jains\SimplicityStudio\v4_workspace\I2C\platform\radio\rail_lib\autogen\librail_release\librail_efr32xg13_gcc_release.a(generic_phy.o)
                0x00010d3c                GENERIC_PHY_SeqAtomicLock
 .text.GENERIC_PHY_RACConfig
                0x00010d6c       0x40 C:\Users\jains\SimplicityStudio\v4_workspace\I2C\platform\radio\rail_lib\autogen\librail_release\librail_efr32xg13_gcc_release.a(generic_phy.o)
                0x00010d6c                GENERIC_PHY_RACConfig
 .text.GENERIC_PHY_Init
                0x00010dac       0x70 C:\Users\jains\SimplicityStudio\v4_workspace\I2C\platform\radio\rail_lib\autogen\librail_release\librail_efr32xg13_gcc_release.a(generic_phy.o)
                0x00010dac                GENERIC_PHY_Init
 .text.GENERIC_PHY_ResetRxFifo
                0x00010e1c       0x30 C:\Users\jains\SimplicityStudio\v4_workspace\I2C\platform\radio\rail_lib\autogen\librail_release\librail_efr32xg13_gcc_release.a(generic_phy.o)
                0x00010e1c                GENERIC_PHY_ResetRxFifo
 .text.GENERIC_PHY_RadioIdle
                0x00010e4c      0x154 C:\Users\jains\SimplicityStudio\v4_workspace\I2C\platform\radio\rail_lib\autogen\librail_release\librail_efr32xg13_gcc_release.a(generic_phy.o)
                0x00010e4c                GENERIC_PHY_RadioIdle
 .text.FRC_IRQHandler