Archive member included to satisfy reference by file (symbol)

C:\Users\jains\SimplicityStudio\v4_workspace\BLE_server\platform\radio\rail_lib\autogen\librail_release\librail_efr32xg13_gcc_release.a(rail_pti.o)
                              ./pti.o (RAIL_ConfigPti)
C:\Users\jains\SimplicityStudio\v4_workspace\BLE_server\platform\radio\rail_lib\autogen\librail_release\librail_efr32xg13_gcc_release.a(rail_rf_hal.o)
                              C:\Users\jains\SimplicityStudio\v4_workspace\BLE_server\platform\radio\rail_lib\autogen\librail_release\librail_efr32xg13_gcc_release.a(rail_pti.o) (RFHAL_ConfigPti)
C:\Users\jains\SimplicityStudio\v4_workspace\BLE_server\platform\radio\rail_lib\autogen\librail_release\librail_efr32xg13_gcc_release.a(rail_ieee802154_rf_hal.o)
                              C:\Users\jains\SimplicityStudio\v4_workspace\BLE_server\platform\radio\rail_lib\autogen\librail_release\librail_efr32xg13_gcc_release.a(rail_rf_hal.o) (RFHAL_IEEE802154IsEnabled)
C:\Users\jains\SimplicityStudio\v4_workspace\BLE_server\platform\radio\rail_lib\autogen\librail_release\librail_efr32xg13_gcc_release.a(ieee802154_efr32xg13_configurator_out.o)
                              C:\Users\jains\SimplicityStudio\v4_workspace\BLE_server\platform\radio\rail_lib\autogen\librail_release\librail_efr32xg13_gcc_release.a(rail_ieee802154_rf_hal.o) (ieee802154_coherent_min)
C:\Users\jains\SimplicityStudio\v4_workspace\BLE_server\platform\radio\rail_lib\autogen\librail_release\librail_efr32xg13_gcc_release.a(ieee802154_gb868_efr32xg13_configurator_out.o)
                              C:\Users\jains\SimplicityStudio\v4_workspace\BLE_server\platform\radio\rail_lib\autogen\librail_release\librail_efr32xg13_gcc_release.a(rail_ieee802154_rf_hal.o) (ieee802154_gb868_config_915_min)
C:\Users\jains\SimplicityStudio\v4_workspace\BLE_server\platform\radio\rail_lib\autogen\librail_release\librail_efr32xg13_gcc_release.a(rail_ble_rf_hal.o)
                              C:\Users\jains\SimplicityStudio\v4_workspace\BLE_server\platform\radio\rail_lib\autogen\librail_release\librail_efr32xg13_gcc_release.a(rail_rf_hal.o) (RFHAL_IsBleLongRangeEnabled)
C:\Users\jains\SimplicityStudio\v4_workspace\BLE_server\platform\radio\rail_lib\autogen\librail_release\librail_efr32xg13_gcc_release.a(ble_efr32xg13_configurator_out.o)
                              C:\Users\jains\SimplicityStudio\v4_workspace\BLE_server\platform\radio\rail_lib\autogen\librail_release\librail_efr32xg13_gcc_release.a(rail_ble_rf_hal.o) (ble_viterbi2M_min)
C:\Users\jains\SimplicityStudio\v4_workspace\BLE_server\platform\radio\rail_lib\autogen\librail_release\librail_efr32xg13_gcc_release.a(rail_singleprotocol.o)
                              C:\Users\jains\SimplicityStudio\v4_workspace\BLE_server\platform\radio\rail_lib\autogen\librail_release\librail_efr32xg13_gcc_release.a(rail_rf_hal.o) (RAIL_ActiveHandle)
C:\Users\jains\SimplicityStudio\v4_workspace\BLE_server\platform\radio\rail_lib\autogen\librail_release\librail_efr32xg13_gcc_release.a(rail_rf.o)
                              C:\Users\jains\SimplicityStudio\v4_workspace\BLE_server\platform\radio\rail_lib\autogen\librail_release\librail_efr32xg13_gcc_release.a(rail_singleprotocol.o) (RAILCore_Init)
C:\Users\jains\SimplicityStudio\v4_workspace\BLE_server\platform\radio\rail_lib\autogen\librail_release\librail_efr32xg13_gcc_release.a(rail_rx.o)
                              C:\Users\jains\SimplicityStudio\v4_workspace\BLE_server\platform\radio\rail_lib\autogen\librail_release\librail_efr32xg13_gcc_release.a(rail_rf_hal.o) (RAILCore_StartRx)
C:\Users\jains\SimplicityStudio\v4_workspace\BLE_server\platform\radio\rail_lib\autogen\librail_release\librail_efr32xg13_gcc_release.a(rail_tx.o)
                              C:\Users\jains\SimplicityStudio\v4_workspace\BLE_server\platform\radio\rail_lib\autogen\librail_release\librail_efr32xg13_gcc_release.a(rail_singleprotocol.o) (RAILCore_StartTxStream)
C:\Users\jains\SimplicityStudio\v4_workspace\BLE_server\platform\radio\rail_lib\autogen\librail_release\librail_efr32xg13_gcc_release.a(rail_calibration.o)
                              C:\Users\jains\SimplicityStudio\v4_workspace\BLE_server\platform\radio\rail_lib\autogen\librail_release\librail_efr32xg13_gcc_release.a(rail_rf_hal.o) (RAILInt_PendCal)
C:\Users\jains\SimplicityStudio\v4_workspace\BLE_server\platform\radio\rail_lib\autogen\librail_release\librail_efr32xg13_gcc_release.a(rail_data.o)
                              C:\Users\jains\SimplicityStudio\v4_workspace\BLE_server\platform\radio\rail_lib\autogen\librail_release\librail_efr32xg13_gcc_release.a(rail_rf_hal.o) (RAILCb_SetupRxFifo)
C:\Users\jains\SimplicityStudio\v4_workspace\BLE_server\platform\radio\rail_lib\autogen\librail_release\librail_efr32xg13_gcc_release.a(rail_assert.o)
                              C:\Users\jains\SimplicityStudio\v4_workspace\BLE_server\platform\radio\rail_lib\autogen\librail_release\librail_efr32xg13_gcc_release.a(rail_rf.o) (RAILInt_Assert)
[...]
Memory Configuration

Name             Origin             Length             Attributes
FLASH_BOOTLOADER 0x0fe10000         0x00004000         xr
FLASH            0x00000000         0x0007f000         xr
RAM              0x20000000         0x00010000         xrw
*default*        0x00000000         0xffffffff

Linker script and memory map

LOAD c:/siliconlabs/simplicitystudio/v4/developer/toolchains/gnu_arm/7.2_2017q4/bin/../lib/gcc/arm-none-eabi/7.2.1/thumb/v7e-m/fpv4-sp/softfp/crti.o
LOAD c:/siliconlabs/simplicitystudio/v4/developer/toolchains/gnu_arm/7.2_2017q4/bin/../lib/gcc/arm-none-eabi/7.2.1/thumb/v7e-m/fpv4-sp/softfp/crtbegin.o
LOAD c:/siliconlabs/simplicitystudio/v4/developer/toolchains/gnu_arm/7.2_2017q4/bin/../lib/gcc/arm-none-eabi/7.2.1/../../../../arm-none-eabi/lib/thumb/v7e-m/fpv4-sp/softfp/crt0.o
START GROUP
LOAD ./application_properties.o
LOAD ./gatt_db.o
LOAD ./init_app.o
LOAD ./init_board.o
LOAD ./init_mcu.o
LOAD ./main.o
LOAD ./pti.o
LOAD ./hardware/kit/common/bsp/bsp_stk.o
LOAD ./hardware/kit/common/drivers/i2cspm.o
LOAD ./hardware/kit/common/drivers/mx25flash_spi.o
LOAD ./hardware/kit/common/drivers/si7013.o
LOAD ./hardware/kit/common/drivers/tempsens.o
LOAD ./hardware/kit/common/drivers/udelay.o
LOAD ./platform/Device/SiliconLabs/EFR32BG13P/Source/GCC/startup_efr32bg13p.o
LOAD ./platform/Device/SiliconLabs/EFR32BG13P/Source/system_efr32bg13p.o
LOAD ./platform/emdrv/sleep/src/sleep.o
LOAD ./platform/emlib/src/em_acmp.o
LOAD ./platform/emlib/src/em_adc.o
LOAD ./platform/emlib/src/em_aes.o
LOAD ./platform/emlib/src/em_assert.o
LOAD ./platform/emlib/src/em_burtc.o
LOAD ./platform/emlib/src/em_can.o
LOAD ./platform/emlib/src/em_cmu.o
LOAD ./platform/emlib/src/em_core.o
LOAD ./platform/emlib/src/em_cryotimer.o
LOAD ./platform/emlib/src/em_crypto.o
LOAD ./platform/emlib/src/em_csen.o
LOAD ./platform/emlib/src/em_dac.o
LOAD ./platform/emlib/src/em_dbg.o
LOAD ./platform/emlib/src/em_dma.o
LOAD ./platform/emlib/src/em_ebi.o
LOAD ./platform/emlib/src/em_emu.o
LOAD ./platform/emlib/src/em_gpcrc.o
LOAD ./platform/emlib/src/em_gpio.o
LOAD ./platform/emlib/src/em_i2c.o
LOAD ./platform/emlib/src/em_idac.o
LOAD ./platform/emlib/src/em_int.o
LOAD ./platform/emlib/src/em_lcd.o
LOAD ./platform/emlib/src/em_ldma.o
LOAD ./platform/emlib/src/em_lesense.o
LOAD ./platform/emlib/src/em_letimer.o
LOAD ./platform/emlib/src/em_leuart.o
LOAD ./platform/emlib/src/em_mpu.o
LOAD ./platform/emlib/src/em_msc.o
LOAD ./platform/emlib/src/em_opamp.o
LOAD ./platform/emlib/src/em_pcnt.o
LOAD ./platform/emlib/src/em_prs.o
LOAD ./platform/emlib/src/em_qspi.o
LOAD ./platform/emlib/src/em_rmu.o
LOAD ./platform/emlib/src/em_rtc.o
LOAD ./platform/emlib/src/em_rtcc.o
LOAD ./platform/emlib/src/em_system.o
LOAD ./platform/emlib/src/em_timer.o
LOAD ./platform/emlib/src/em_usart.o
LOAD ./platform/emlib/src/em_vcmp.o
LOAD ./platform/emlib/src/em_vdac.o
LOAD ./platform/emlib/src/em_wdog.o
LOAD ./src/cmu.o
LOAD ./src/gpio.o
LOAD ./src/i2c0_tempsense.o
LOAD ./src/letimer0.o
LOAD ./src/sleepy.o
LOAD C:\Users\jains\SimplicityStudio\v4_workspace\BLE_server\platform\radio\rail_lib\autogen\librail_release\librail_efr32xg13_gcc_release.a
LOAD C:\Users\jains\SimplicityStudio\v4_workspace\BLE_server\protocol\bluetooth\lib\EFR32BG13P\GCC\binapploader.o
LOAD C:\Users\jains\SimplicityStudio\v4_workspace\BLE_server\protocol\bluetooth\lib\EFR32BG13P\GCC\libbluetooth.a
LOAD C:\Users\jains\SimplicityStudio\v4_workspace\BLE_server\protocol\bluetooth\lib\EFR32BG13P\GCC\libpsstore.a
LOAD C:\Users\jains\SimplicityStudio\v4_workspace\BLE_server\protocol\bluetooth\lib\EFR32BG13P\GCC\libmbedtls.a
LOAD c:/siliconlabs/simplicitystudio/v4/developer/toolchains/gnu_arm/7.2_2017q4/bin/../lib/gcc/arm-none-eabi/7.2.1/../../../../arm-none-eabi/lib/thumb/v7e-m/fpv4-sp/softfp\libm.a
END GROUP
START GROUP
LOAD c:/siliconlabs/simplicitystudio/v4/developer/toolchains/gnu_arm/7.2_2017q4/bin/../lib/gcc/arm-none-eabi/7.2.1/thumb/v7e-m/fpv4-sp/softfp\libgcc.a
LOAD c:/siliconlabs/simplicitystudio/v4/developer/toolchains/gnu_arm/7.2_2017q4/bin/../lib/gcc/arm-none-eabi/7.2.1/../../../../arm-none-eabi/lib/thumb/v7e-m/fpv4-sp/softfp\libc_nano.a
LOAD c:/siliconlabs/simplicitystudio/v4/developer/toolchains/gnu_arm/7.2_2017q4/bin/../lib/gcc/arm-none-eabi/7.2.1/../../../../arm-none-eabi/lib/thumb/v7e-m/fpv4-sp/softfp\libnosys.a
END GROUP
START GROUP
LOAD c:/siliconlabs/simplicitystudio/v4/developer/toolchains/gnu_arm/7.2_2017q4/bin/../lib/gcc/arm-none-eabi/7.2.1/thumb/v7e-m/fpv4-sp/softfp\libgcc.a
LOAD c:/siliconlabs/simplicitystudio/v4/developer/toolchains/gnu_arm/7.2_2017q4/bin/../lib/gcc/arm-none-eabi/7.2.1/../../../../arm-none-eabi/lib/thumb/v7e-m/fpv4-sp/softfp\libg_nano.a
LOAD c:/siliconlabs/simplicitystudio/v4/developer/toolchains/gnu_arm/7.2_2017q4/bin/../lib/gcc/arm-none-eabi/7.2.1/../../../../arm-none-eabi/lib/thumb/v7e-m/fpv4-sp/softfp\libc_nano.a
END GROUP
START GROUP
LOAD c:/siliconlabs/simplicitystudio/v4/developer/toolchains/gnu_arm/7.2_2017q4/bin/../lib/gcc/arm-none-eabi/7.2.1/thumb/v7e-m/fpv4-sp/softfp\libgcc.a
LOAD c:/siliconlabs/simplicitystudio/v4/developer/toolchains/gnu_arm/7.2_2017q4/bin/../lib/gcc/arm-none-eabi/7.2.1/../../../../arm-none-eabi/lib/thumb/v7e-m/fpv4-sp/softfp\libc_nano.a
END GROUP
LOAD c:/siliconlabs/simplicitystudio/v4/developer/toolchains/gnu_arm/7.2_2017q4/bin/../lib/gcc/arm-none-eabi/7.2.1/thumb/v7e-m/fpv4-sp/softfp/crtend.o
LOAD c:/siliconlabs/simplicitystudio/v4/developer/toolchains/gnu_arm/7.2_2017q4/bin/../lib/gcc/arm-none-eabi/7.2.1/thumb/v7e-m/fpv4-sp/softfp/crtn.o

.text_bootloader
                0x0fe10000        0x0
 *(.binbootloader*)
                0x0fe10000                . = ALIGN (0x4000)

.text_apploader
                0x00000000     0x8fc0
 *(.binapploader*)
 .binapploader  0x00000000     0x8fc0 C:\Users\jains\SimplicityStudio\v4_workspace\BLE_server\protocol\bluetooth\lib\EFR32BG13P\GCC\binapploader.o

.text_signature
                0x00008fc0       0x40
                0x00009000                . = ALIGN (0x800)
 *fill*         0x00008fc0       0x40 
                0x00009000                __text_start__ = .

.text_application
                0x00009000    0x23cf8
 *(.vectors)
 .vectors       0x00009000       0xfc ./platform/Device/SiliconLabs/EFR32BG13P/Source/GCC/startup_efr32bg13p.o
                0x00009000                __Vectors
                0x000090fc                __Vectors_End = .
                0x000000fc                __Vectors_Size = (__Vectors_End - __Vectors)
                0x000090fc                __end__ = .
 *(.application_properties)
 .application_properties
                0x000090fc       0x38 ./application_properties.o
                0x000090fc                applicationProperties
 *(.gecko_configuration)
 *(.xo_configuration)
 *(.gatt_header)
 .gatt_header   0x00009134       0x34 ./gatt_db.o
                0x00009134                bg_gattdb_data
 *(.gatt_data)
 .gatt_data     0x00009168      0x205 ./gatt_db.o
                0x00009168                bg_gattdb_data_uuidtable_16_map
                0x00009188                bg_gattdb_data_uuidtable_128_map
                0x000091a8                bg_gattdb_data_attribute_field_21
                0x000091b0                bg_gattdb_data_attribute_field_20
                0x000091b8                bg_gattdb_data_attribute_field_19
                0x000091bc                bg_gattdb_data_attribute_field_18
                0x000091c4                bg_gattdb_data_attribute_field_17
                0x000091dc                bg_gattdb_data_attribute_field_16
                0x000091f0                bg_gattdb_data_attribute_field_14
                0x000091f8                bg_gattdb_data_attribute_field_13
                0x00009200                bg_gattdb_data_attribute_field_12
                0x00009204                bg_gattdb_data_attribute_field_11
                0x00009214                bg_gattdb_data_attribute_field_10
                0x0000921c                bg_gattdb_data_attribute_field_9
                0x00009220                bg_gattdb_data_attribute_field_8
                0x00009224                bg_gattdb_data_attribute_field_7
                0x0000922c                bg_gattdb_data_attribute_field_6
                0x00009234                bg_gattdb_data_attribute_field_5
                0x0000923c                bg_gattdb_data_attribute_field_4
                0x00009240                bg_gattdb_data_attribute_field_2
                0x00009248                bg_gattdb_data_attribute_field_1
                0x00009250                bg_gattdb_data_attribute_field_0
                0x00009254                bg_gattdb_data_attributes_map
                0x0000935c                bg_gattdb_data_attributes_dynamic_mapping_map
                0x00009368                bg_gattdb_data_adv_uuid16_map
                0x0000936c                bg_gattdb_data_adv_uuid128_map
 *(.text*)
 *fill*         0x0000936d        0x3 
 .text          0x00009370       0x40 c:/siliconlabs/simplicitystudio/v4/developer/toolchains/gnu_arm/7.2_2017q4/bin/../lib/gcc/arm-none-eabi/7.2.1/thumb/v7e-m/fpv4-sp/softfp/crtbegin.o
 .text          0x000093b0       0x74 c:/siliconlabs/simplicitystudio/v4/developer/toolchains/gnu_arm/7.2_2017q4/bin/../lib/gcc/arm-none-eabi/7.2.1/../../../../arm-none-eabi/lib/thumb/v7e-m/fpv4-sp/softfp/crt0.o
                0x000093b0                _start
                0x000093b0                _mainCRTStartup
 .text.initBoard
                0x00009424       0x4c ./init_board.o
                0x00009424                initBoard
 .text.CHIP_Init
                0x00009470       0x20 ./init_mcu.o
 .text.initMcu  0x00009490       0x8c ./init_mcu.o
                0x00009490                initMcu
 .text.initMcu_clocks
                0x0000951c       0xac ./init_mcu.o
 .text.gecko_initCoexHAL
                0x000095c8        0xe ./main.o
 .text.gecko_init
                0x000095d6       0x46 ./main.o
 .text.gecko_cmd_system_reset
                0x0000961c       0x5c ./main.o
 .text.gecko_cmd_system_set_tx_power
                0x00009678       0x68 ./main.o
 .text.gecko_cmd_system_halt
                0x000096e0       0x68 ./main.o
 .text.gecko_cmd_le_gap_set_advertise_timing
                0x00009748       0x90 ./main.o
 .text.gecko_cmd_le_gap_start_advertising
                0x000097d8       0x7c ./main.o
 .text.gecko_cmd_le_connection_set_parameters
                0x00009854       0x98 ./main.o
 .text.gecko_cmd_le_connection_get_rssi
                0x000098ec       0x68 ./main.o
 .text.gecko_cmd_le_connection_close
                0x00009954       0x68 ./main.o
 .text.gecko_cmd_gatt_server_send_user_write_response
                0x000099bc       0x7c ./main.o
 .text.gecko_cmd_gatt_server_send_characteristic_notification
                0x00009a38       0x9c ./main.o
 .text.gecko_cmd_hardware_set_soft_timer
                0x00009ad4       0x74 ./main.o
 .text.main     0x00009b48      0x2ac ./main.o
                0x00009b48                main
 .text.BUS_RegMaskedSet
                0x00009df4       0x24 ./hardware/kit/common/drivers/mx25flash_spi.o
 .text.BUS_RegMaskedClear
                0x00009e18       0x24 ./hardware/kit/common/drivers/mx25flash_spi.o
 .text.GPIO_PinOutClear
                0x00009e3c       0x5a ./hardware/kit/common/drivers/mx25flash_spi.o
 .text.GPIO_PinOutSet
                0x00009e96       0x5a ./hardware/kit/common/drivers/mx25flash_spi.o
 .text.MX25_init
                0x00009ef0       0x9c ./hardware/kit/common/drivers/mx25flash_spi.o
                0x00009ef0                MX25_init
 .text.Wait_Flash_WarmUp
                0x00009f8c       0x26 ./hardware/kit/common/drivers/mx25flash_spi.o
                0x00009f8c                Wait_Flash_WarmUp
 .text.Initial_Spi
                0x00009fb2        0xc ./hardware/kit/common/drivers/mx25flash_spi.o
                0x00009fb2                Initial_Spi
 .text.CS_Low   0x00009fbe       0x10 ./hardware/kit/common/drivers/mx25flash_spi.o
                0x00009fbe                CS_Low
 .text.CS_High  0x00009fce       0x10 ./hardware/kit/common/drivers/mx25flash_spi.o
                0x00009fce                CS_High
 *fill*         0x00009fde        0x2 
 .text.InsertDummyCycle
                0x00009fe0       0x38 ./hardware/kit/common/drivers/mx25flash_spi.o
                0x00009fe0                InsertDummyCycle
 .text.SendByte
                0x0000a018       0x40 ./hardware/kit/common/drivers/mx25flash_spi.o
                0x0000a018                SendByte
 .text.MX25_DP  0x0000a058       0x34 ./hardware/kit/common/drivers/mx25flash_spi.o
                0x0000a058                MX25_DP
 .text.Reset_Handler
                0x0000a08c       0x4c ./platform/Device/SiliconLabs/EFR32BG13P/Source/GCC/startup_efr32bg13p.o
                0x0000a08c                Reset_Handler
 .text.Default_Handler
                0x0000a0d8        0x6 ./platform/Device/SiliconLabs/EFR32BG13P/Source/GCC/startup_efr32bg13p.o
                0x0000a0d8                DebugMon_Handler
                0x0000a0d8                USART0_TX_IRQHandler
                0x0000a0d8                I2C0_IRQHandler
                0x0000a0d8                HardFault_Handler
                0x0000a0d8                SysTick_Handler
                0x0000a0d8                USART1_RX_IRQHandler
                0x0000a0d8                PendSV_Handler
                0x0000a0d8                NMI_Handler
                0x0000a0d8                I2C1_IRQHandler
                0x0000a0d8                WTIMER0_IRQHandler
                0x0000a0d8                CRYPTO0_IRQHandler
                0x0000a0d8                WDOG0_IRQHandler
                0x0000a0d8                USART1_TX_IRQHandler
                0x0000a0d8                SMU_IRQHandler
                0x0000a0d8                MSC_IRQHandler
                0x0000a0d8                ADC0_IRQHandler
                0x0000a0d8                UsageFault_Handler
                0x0000a0d8                WDOG1_IRQHandler
                0x0000a0d8                LEUART0_IRQHandler
                0x0000a0d8                FPUEH_IRQHandler
                0x0000a0d8                GPIO_EVEN_IRQHandler
                0x0000a0d8                VDAC0_IRQHandler
                0x0000a0d8                LDMA_IRQHandler
                0x0000a0d8                CSEN_IRQHandler
                0x0000a0d8                CRYPTO1_IRQHandler
                0x0000a0d8                TIMER0_IRQHandler
                0x0000a0d8                TIMER1_IRQHandler
                0x0000a0d8                TRNG0_IRQHandler
                0x0000a0d8                USART2_RX_IRQHandler
                0x0000a0d8                Default_Handler
                0x0000a0d8                EMU_IRQHandler
                0x0000a0d8                CRYOTIMER_IRQHandler
                0x0000a0d8                PCNT0_IRQHandler
                0x0000a0d8                ACMP0_IRQHandler
                0x0000a0d8                USART0_RX_IRQHandler
                0x0000a0d8                MemManage_Handler
                0x0000a0d8                SVC_Handler
                0x0000a0d8                RTCC_IRQHandler
                0x0000a0d8                CMU_IRQHandler
                0x0000a0d8                LESENSE_IRQHandler
                0x0000a0d8                GPIO_ODD_IRQHandler
                0x0000a0d8                BusFault_Handler
                0x0000a0d8                USART2_TX_IRQHandler
                0x0000a0d8                IDAC0_IRQHandler
 *fill*         0x0000a0de        0x2 
 .text.SystemCoreClockGet
                0x0000a0e0       0x40 ./platform/Device/SiliconLabs/EFR32BG13P/Source/system_efr32bg13p.o
                0x0000a0e0                SystemCoreClockGet
 .text.SystemMaxCoreClockGet
                0x0000a120       0x14 ./platform/Device/SiliconLabs/EFR32BG13P/Source/system_efr32bg13p.o
                0x0000a120                SystemMaxCoreClockGet
 .text.SystemHFClockGet
                0x0000a134       0x70 ./platform/Device/SiliconLabs/EFR32BG13P/Source/system_efr32bg13p.o
                0x0000a134                SystemHFClockGet
 .text.SystemHFXOClockGet
                0x0000a1a4       0x18 ./platform/Device/SiliconLabs/EFR32BG13P/Source/system_efr32bg13p.o
                0x0000a1a4                SystemHFXOClockGet
 .text.SystemHFXOClockSet
                0x0000a1bc       0x30 ./platform/Device/SiliconLabs/EFR32BG13P/Source/system_efr32bg13p.o
                0x0000a1bc                SystemHFXOClockSet
 .text.SystemInit
                0x0000a1ec       0x24 ./platform/Device/SiliconLabs/EFR32BG13P/Source/system_efr32bg13p.o
                0x0000a1ec                SystemInit
 .text.SystemLFRCOClockGet
                0x0000a210       0x12 ./platform/Device/SiliconLabs/EFR32BG13P/Source/system_efr32bg13p.o
                0x0000a210                SystemLFRCOClockGet
 .text.SystemULFRCOClockGet
                0x0000a222       0x12 ./platform/Device/SiliconLabs/EFR32BG13P/Source/system_efr32bg13p.o
                0x0000a222                SystemULFRCOClockGet
 .text.SystemLFXOClockGet
                0x0000a234       0x18 ./platform/Device/SiliconLabs/EFR32BG13P/Source/system_efr32bg13p.o
                0x0000a234                SystemLFXOClockGet
 .text.SystemLFXOClockSet
                0x0000a24c       0x30 ./platform/Device/SiliconLabs/EFR32BG13P/Source/system_efr32bg13p.o
                0x0000a24c                SystemLFXOClockSet
 .text.BUS_RegBitWrite
                0x0000a27c       0x2e ./platform/emdrv/sleep/src/sleep.o
 *fill*         0x0000a2aa        0x2 
 .text.EMU_EnterEM1
                0x0000a2ac       0x20 ./platform/emdrv/sleep/src/sleep.o
 .text.EMU_EM2Block
                0x0000a2cc       0x18 ./platform/emdrv/sleep/src/sleep.o
 .text.EMU_EM2UnBlock
                0x0000a2e4       0x18 ./platform/emdrv/sleep/src/sleep.o
 .text.sleepCallbackWrapper
                0x0000a2fc       0x2c ./platform/emdrv/sleep/src/sleep.o
 .text.SLEEP_Init
                0x0000a328       0x64 ./platform/emdrv/sleep/src/sleep.o
                0x0000a328                SLEEP_Init
 .text.SLEEP_Sleep
                0x0000a38c       0x90 ./platform/emdrv/sleep/src/sleep.o
                0x0000a38c                SLEEP_Sleep
 .text.SLEEP_SleepBlockBegin
                0x0000a41c       0x48 ./platform/emdrv/sleep/src/sleep.o
                0x0000a41c                SLEEP_SleepBlockBegin
 .text.SLEEP_SleepBlockEnd
                0x0000a464       0x58 ./platform/emdrv/sleep/src/sleep.o
                0x0000a464                SLEEP_SleepBlockEnd
 .text.SLEEP_LowestEnergyModeGet
                0x0000a4bc       0x40 ./platform/emdrv/sleep/src/sleep.o
                0x0000a4bc                SLEEP_LowestEnergyModeGet
 .text.enterEMx
                0x0000a4fc       0xa0 ./platform/emdrv/sleep/src/sleep.o
 .text.BUS_RegBitWrite
                0x0000a59c       0x2e ./platform/emlib/src/em_cmu.o
 .text.BUS_RegBitRead
                0x0000a5ca       0x2a ./platform/emlib/src/em_cmu.o
 .text.BUS_RegMaskedSet
                0x0000a5f4       0x24 ./platform/emlib/src/em_cmu.o
 .text.BUS_RegMaskedClear
                0x0000a618       0x24 ./platform/emlib/src/em_cmu.o
 .text.BUS_RegMaskedWrite
                0x0000a63c       0x24 ./platform/emlib/src/em_cmu.o
 .text.CMU_Log2ToDiv
                0x0000a660       0x1c ./platform/emlib/src/em_cmu.o
 .text.EMU_VScaleWait
                0x0000a67c       0x1c ./platform/emlib/src/em_cmu.o
 .text.EMU_VScaleGet
                0x0000a698       0x1c ./platform/emlib/src/em_cmu.o
 .text.setHfLeConfig
                0x0000a6b4       0x64 ./platform/emlib/src/em_cmu.o
 .text.auxClkGet
                0x0000a718       0x20 ./platform/emlib/src/em_cmu.o
 .text.hfSrcClkGet
                0x0000a738       0x2c ./platform/emlib/src/em_cmu.o
 .text.dbgClkGet
                0x0000a764       0x40 ./platform/emlib/src/em_cmu.o
 .text.adcAsyncClkGet
                0x0000a7a4       0x80 ./platform/emlib/src/em_cmu.o
 .text.flashWaitStateControl
                0x0000a824       0x8c ./platform/emlib/src/em_cmu.o
 .text.flashWaitStateMax
                0x0000a8b0       0x44 ./platform/emlib/src/em_cmu.o
 .text.CMU_UpdateWaitStates
                0x0000a8f4       0x40 ./platform/emlib/src/em_cmu.o
                0x0000a8f4                CMU_UpdateWaitStates
 .text.getRegIshUpperVal
                0x0000a934       0x36 ./platform/emlib/src/em_cmu.o
 *fill*         0x0000a96a        0x2 
 .text.getHfxoTuningMode
                0x0000a96c       0x1c ./platform/emlib/src/em_cmu.o
 .text.setHfxoTuningMode
                0x0000a988       0x2c ./platform/emlib/src/em_cmu.o
 .text.lfClkGet
                0x0000a9b4       0xf4 ./platform/emlib/src/em_cmu.o
 .text.syncReg  0x0000aaa8       0x38 ./platform/emlib/src/em_cmu.o
 .text.hfperClkSafePrescaler
                0x0000aae0        0xe ./platform/emlib/src/em_cmu.o
 .text.hfperClkOptimizedPrescaler
                0x0000aaee        0xe ./platform/emlib/src/em_cmu.o
 .text.CMU_ClockEnable
                0x0000aafc       0xcc ./platform/emlib/src/em_cmu.o
                0x0000aafc                CMU_ClockEnable
 .text.CMU_ClockFreqGet
                0x0000abc8      0x1f4 ./platform/emlib/src/em_cmu.o
                0x0000abc8                CMU_ClockFreqGet
 .text.CMU_ClockSelectGet
                0x0000adbc      0x19c ./platform/emlib/src/em_cmu.o
                0x0000adbc                CMU_ClockSelectGet
 .text.CMU_ClockSelectSet
                0x0000af58      0x2d4 ./platform/emlib/src/em_cmu.o
                0x0000af58                CMU_ClockSelectSet
 .text.CMU_HFRCOBandGet
                0x0000b22c       0x18 ./platform/emlib/src/em_cmu.o
                0x0000b22c                CMU_HFRCOBandGet
 .text.CMU_HFXOAutostartEnable
                0x0000b244       0x8c ./platform/emlib/src/em_cmu.o
                0x0000b244                CMU_HFXOAutostartEnable
 .text.CMU_HFXOInit
                0x0000b2d0       0xe4 ./platform/emlib/src/em_cmu.o
                0x0000b2d0                CMU_HFXOInit
 .text.CMU_LFXOInit
                0x0000b3b4       0x50 ./platform/emlib/src/em_cmu.o
                0x0000b3b4                CMU_LFXOInit
 .text.CMU_OscillatorEnable
                0x0000b404      0x17c ./platform/emlib/src/em_cmu.o
                0x0000b404                CMU_OscillatorEnable
 .text.CMU_OscillatorTuningGet
                0x0000b580       0x74 ./platform/emlib/src/em_cmu.o
                0x0000b580                CMU_OscillatorTuningGet
 .text.CMU_OscillatorTuningSet
                0x0000b5f4      0x100 ./platform/emlib/src/em_cmu.o
                0x0000b5f4                CMU_OscillatorTuningSet
 .text.CMU_OscillatorTuningWait
                0x0000b6f4       0x94 ./platform/emlib/src/em_cmu.o
                0x0000b6f4                CMU_OscillatorTuningWait
 .text.CMU_OscillatorTuningOptimize
                0x0000b788       0x58 ./platform/emlib/src/em_cmu.o
                0x0000b788                CMU_OscillatorTuningOptimize
 .text.CORE_EnterCritical
                0x0000b7e0       0x20 ./platform/emlib/src/em_core.o
                0x0000b7e0                CORE_EnterCritical
 .text.CORE_ExitCritical
                0x0000b800       0x1c ./platform/emlib/src/em_core.o
                0x0000b800                CORE_ExitCritical
 .text.CORE_AtomicDisableIrq
                0x0000b81c       0x10 ./platform/emlib/src/em_core.o
                0x0000b81c                CORE_AtomicDisableIrq
 .text.CORE_AtomicEnableIrq
                0x0000b82c       0x10 ./platform/emlib/src/em_core.o
                0x0000b82c                CORE_AtomicEnableIrq
 .text.CORE_EnterAtomic
                0x0000b83c       0x20 ./platform/emlib/src/em_core.o
                0x0000b83c                CORE_EnterAtomic
 .text.CORE_ExitAtomic
                0x0000b85c       0x1c ./platform/emlib/src/em_core.o
                0x0000b85c                CORE_ExitAtomic
 .text.CORE_SetNvicRamTableHandler
                0x0000b878       0x44 ./platform/emlib/src/em_core.o
                0x0000b878                CORE_SetNvicRamTableHandler
 .text.CORE_InitNvicVectorTable
                0x0000b8bc       0xc8 ./platform/emlib/src/em_core.o
                0x0000b8bc                CORE_InitNvicVectorTable
 .text.CRYPTO_BurstFromCrypto
                0x0000b984       0x3a ./platform/emlib/src/em_crypto.o
 *fill*         0x0000b9be        0x2 
 .text.CRYPTO_ModulusSet
                0x0000b9c0       0x8c ./platform/emlib/src/em_crypto.o
                0x0000b9c0                CRYPTO_ModulusSet
 .text.CRYPTO_KeyRead
                0x0000ba4c       0x3a ./platform/emlib/src/em_crypto.o
                0x0000ba4c                CRYPTO_KeyRead
 .text.SystemCoreClockUpdate
                0x0000ba86        0xc ./platform/emlib/src/em_emu.o
 .text.BUS_RegBitWrite
                0x0000ba92       0x2e ./platform/emlib/src/em_emu.o
 .text.BUS_RegBitRead
                0x0000bac0       0x2a ./platform/emlib/src/em_emu.o
 *fill*         0x0000baea        0x2 
 .text.EMU_VScaleWait
                0x0000baec       0x1c ./platform/emlib/src/em_emu.o
 .text.EMU_VScaleGet
                0x0000bb08       0x1c ./platform/emlib/src/em_emu.o
 .text.EMU_IntClear
                0x0000bb24       0x20 ./platform/emlib/src/em_emu.o
 .text.EMU_IntGet
                0x0000bb44       0x18 ./platform/emlib/src/em_emu.o
 .text.EMU_Unlock
                0x0000bb5c       0x1c ./platform/emlib/src/em_emu.o
 .text.CMU_Lock
                0x0000bb78       0x1c ./platform/emlib/src/em_emu.o
 .text.CMU_Unlock
                0x0000bb94       0x1c ./platform/emlib/src/em_emu.o
 .text.vScaleEM01Cmd
                0x0000bbb0       0x22 ./platform/emlib/src/em_emu.o
 *fill*         0x0000bbd2        0x2 
 .text.emState  0x0000bbd4      0x150 ./platform/emlib/src/em_emu.o
 .text.vScaleDownEM23Setup
                0x0000bd24       0x50 ./platform/emlib/src/em_emu.o
 .text.vScaleAfterWakeup
                0x0000bd74       0x48 ./platform/emlib/src/em_emu.o
 .text.EMU_EnterEM2
                0x0000bdbc       0x4c ./platform/emlib/src/em_emu.o
                0x0000bdbc                EMU_EnterEM2
 .text.EMU_EnterEM3
                0x0000be08       0x70 ./platform/emlib/src/em_emu.o
                0x0000be08                EMU_EnterEM3
 .text.EMU_Save
                0x0000be78        0xe ./platform/emlib/src/em_emu.o
                0x0000be78                EMU_Save
 .text.EMU_Restore
                0x0000be86        0xe ./platform/emlib/src/em_emu.o
                0x0000be86                EMU_Restore
 .text.EMU_EnterEM4
                0x0000be94       0x54 ./platform/emlib/src/em_emu.o
                0x0000be94                EMU_EnterEM4
 .text.EMU_VScaleEM01ByClock
                0x0000bee8       0x70 ./platform/emlib/src/em_emu.o
                0x0000bee8                EMU_VScaleEM01ByClock
 .text.EMU_VScaleEM01
                0x0000bf58       0x88 ./platform/emlib/src/em_emu.o
                0x0000bf58                EMU_VScaleEM01
 .text.EMU_EM01Init
                0x0000bfe0       0x24 ./platform/emlib/src/em_emu.o
                0x0000bfe0                EMU_EM01Init
 .text.EMU_EM23Init
                0x0000c004       0x2c ./platform/emlib/src/em_emu.o
                0x0000c004                EMU_EM23Init
 .text.dcdcConstCalibrationLoad
                0x0000c030       0x10 ./platform/emlib/src/em_emu.o
 .text.dcdcValidatedConfigSet
                0x0000c040       0x40 ./platform/emlib/src/em_emu.o
 .text.currentLimitersUpdate
                0x0000c080       0xe8 ./platform/emlib/src/em_emu.o
 .text.userCurrentLimitsSet
                0x0000c168       0x30 ./platform/emlib/src/em_emu.o
 .text.compCtrlSet
                0x0000c198       0x40 ./platform/emlib/src/em_emu.o
 .text.lpCmpHystCalibrationLoad
                0x0000c1d8       0xd0 ./platform/emlib/src/em_emu.o
 .text.lpGetDevinfoVrefLowHigh
                0x0000c2a8      0x158 ./platform/emlib/src/em_emu.o
 .text.EMU_DCDCModeSet
                0x0000c400       0xf0 ./platform/emlib/src/em_emu.o
                0x0000c400                EMU_DCDCModeSet
 .text.EMU_DCDCInit
                0x0000c4f0      0x120 ./platform/emlib/src/em_emu.o
                0x0000c4f0                EMU_DCDCInit
 .text.EMU_DCDCOutputVoltageSet
                0x0000c610      0x2ac ./platform/emlib/src/em_emu.o
                0x0000c610                EMU_DCDCOutputVoltageSet
 .text.EMU_DCDCOptimizeSlice
                0x0000c8bc       0xd8 ./platform/emlib/src/em_emu.o
                0x0000c8bc                EMU_DCDCOptimizeSlice
 .text.EMU_DCDCLnRcoBandSet
                0x0000c994       0x54 ./platform/emlib/src/em_emu.o
                0x0000c994                EMU_DCDCLnRcoBandSet
 .text.BUS_RegMaskedSet
                0x0000c9e8       0x24 ./platform/emlib/src/em_gpio.o
 .text.BUS_RegMaskedClear
                0x0000ca0c       0x24 ./platform/emlib/src/em_gpio.o
 .text.BUS_RegMaskedWrite
                0x0000ca30       0x24 ./platform/emlib/src/em_gpio.o
 .text.GPIO_PinOutClear
                0x0000ca54       0x5a ./platform/emlib/src/em_gpio.o
 .text.GPIO_PinOutSet
                0x0000caae       0x5a ./platform/emlib/src/em_gpio.o
 .text.GPIO_DriveStrengthSet
                0x0000cb08       0x60 ./platform/emlib/src/em_gpio.o
                0x0000cb08                GPIO_DriveStrengthSet
 .text.GPIO_PinModeSet
                0x0000cb68      0x118 ./platform/emlib/src/em_gpio.o
                0x0000cb68                GPIO_PinModeSet
 .text.BUS_RegBitWrite
                0x0000cc80       0x2e ./platform/emlib/src/em_i2c.o
 .text.BUS_RegMaskedSet
                0x0000ccae       0x24 ./platform/emlib/src/em_i2c.o
 .text.BUS_RegMaskedClear
                0x0000ccd2       0x24 ./platform/emlib/src/em_i2c.o
 .text.BUS_RegMaskedWrite
                0x0000ccf6       0x24 ./platform/emlib/src/em_i2c.o
 *fill*         0x0000cd1a        0x2 
 .text.I2C_BusFreqSet
                0x0000cd1c       0xf8 ./platform/emlib/src/em_i2c.o
                0x0000cd1c                I2C_BusFreqSet
 .text.I2C_Enable
                0x0000ce14       0x38 ./platform/emlib/src/em_i2c.o
                0x0000ce14                I2C_Enable
 .text.I2C_Init
                0x0000ce4c       0x70 ./platform/emlib/src/em_i2c.o
                0x0000ce4c                I2C_Init
 .text.LETIMER_CompareSet
                0x0000cebc       0x54 ./platform/emlib/src/em_letimer.o
                0x0000cebc                LETIMER_CompareSet
 .text.LETIMER_Init
                0x0000cf10       0xd2 ./platform/emlib/src/em_letimer.o
                0x0000cf10                LETIMER_Init
 *fill*         0x0000cfe2        0x2 
 .text.MSC_Init
                0x0000cfe4       0x34 ./platform/emlib/src/em_msc.o
                0x0000cfe4                MSC_Init
 .text.MSC_Deinit
                0x0000d018       0x24 ./platform/emlib/src/em_msc.o
                0x0000d018                MSC_Deinit
 .text.RMU_ResetCauseClear
                0x0000d03c       0x18 ./platform/emlib/src/em_rmu.o
                0x0000d03c                RMU_ResetCauseClear
 .text.RMU_ResetCauseGet
                0x0000d054       0xb4 ./platform/emlib/src/em_rmu.o
                0x0000d054                RMU_ResetCauseGet
 .text.RTCC_Init
                0x0000d108       0x98 ./platform/emlib/src/em_rtcc.o
                0x0000d108                RTCC_Init
 .text.SYSTEM_ChipRevisionGet
                0x0000d1a0       0x78 ./platform/emlib/src/em_system.o
                0x0000d1a0                SYSTEM_ChipRevisionGet
 .text.USART_BaudrateSyncSet
                0x0000d218       0x40 ./platform/emlib/src/em_usart.o
                0x0000d218                USART_BaudrateSyncSet
 .text.USART_InitSync
                0x0000d258       0xf8 ./platform/emlib/src/em_usart.o
                0x0000d258                USART_InitSync
 .text.USART_Reset
                0x0000d350       0xb0 ./platform/emlib/src/em_usart.o
                0x0000d350                USART_Reset
 .text.USART_SpiTransfer
                0x0000d400       0x40 ./platform/emlib/src/em_usart.o
                0x0000d400                USART_SpiTransfer
 .text.cmu_init
                0x0000d440       0x74 ./src/cmu.o
                0x0000d440                cmu_init
 .text.gpio_init
                0x0000d4b4       0x58 ./src/gpio.o
                0x0000d4b4                gpio_init
 .text.BUS_RegMaskedSet
                0x0000d50c       0x24 ./src/i2c0_tempsense.o
 .text.BUS_RegMaskedClear
                0x0000d530       0x24 ./src/i2c0_tempsense.o
 .text.GPIO_PinOutClear
                0x0000d554       0x5a ./src/i2c0_tempsense.o
 .text.GPIO_PinOutSet
                0x0000d5ae       0x5a ./src/i2c0_tempsense.o
 .text.i2c_init
                0x0000d608       0xd0 ./src/i2c0_tempsense.o
                0x0000d608                i2c_init
 .text.i2c_disable
                0x0000d6d8       0x44 ./src/i2c0_tempsense.o
                0x0000d6d8                i2c_disable
 .text.i2c_driver
                0x0000d71c       0xd4 ./src/i2c0_tempsense.o
                0x0000d71c                i2c_driver
 .text.compare_temp
                0x0000d7f0       0x80 ./src/i2c0_tempsense.o
                0x0000d7f0                compare_temp
 .text.NVIC_EnableIRQ
                0x0000d870       0x34 ./src/letimer0.o
 .text.LETIMER_IntClear
                0x0000d8a4       0x1c ./src/letimer0.o
 .text.LETIMER_IntEnable
                0x0000d8c0       0x22 ./src/letimer0.o
 *fill*         0x0000d8e2        0x2 
 .text.letimer_setup
                0x0000d8e4       0x88 ./src/letimer0.o
                0x0000d8e4                letimer_setup
 .text.LETIMER0_IRQHandler
                0x0000d96c       0x24 ./src/letimer0.o
                0x0000d96c                LETIMER0_IRQHandler
 .text.BlockSleep
                0x0000d990       0x30 ./src/sleepy.o
                0x0000d990                BlockSleep
 .text.eventDefault
                0x0000d9c0        0x2 C:\Users\jains\SimplicityStudio\v4_workspace\BLE_server\platform\radio\rail_lib\autogen\librail_release\librail_efr32xg13_gcc_release.a(rail_rf_hal.o)
 *fill*         0x0000d9c2        0x2 
 .text.RFHAL_NotifyUserOfIrCal
                0x0000d9c4       0x78 C:\Users\jains\SimplicityStudio\v4_workspace\BLE_server\platform\radio\rail_lib\autogen\librail_release\librail_efr32xg13_gcc_release.a(rail_rf_hal.o)
 *fill*         0x0000da3c        0x4 
 .text.GENERIC_PHY_EventCallback
                0x0000da40      0x194 C:\Users\jains\SimplicityStudio\v4_workspace\BLE_server\platform\radio\rail_lib\autogen\librail_release\librail_efr32xg13_gcc_release.a(rail_rf_hal.o)
                0x0000da40                GENERIC_PHY_EventCallback
 .text.RFHAL_IntEnable
                0x0000dbd4       0x58 C:\Users\jains\SimplicityStudio\v4_workspace\BLE_server\platform\radio\rail_lib\autogen\librail_release\librail_efr32xg13_gcc_release.a(rail_rf_hal.o)
                0x0000dbd4                RFHAL_IntEnable
 .text.RFHAL_SetEventCallback
                0x0000dc2c       0x18 C:\Users\jains\SimplicityStudio\v4_workspace\BLE_server\platform\radio\rail_lib\autogen\librail_release\librail_efr32xg13_gcc_release.a(rail_rf_hal.o)
                0x0000dc2c                RFHAL_SetEventCallback
 .text.RFHAL_SetPtiProtocol
                0x0000dc44       0x20 C:\Users\jains\SimplicityStudio\v4_workspace\BLE_server\platform\radio\rail_lib\autogen\librail_release\librail_efr32xg13_gcc_release.a(rail_rf_hal.o)
                0x0000dc44                RFHAL_SetPtiProtocol
 .text.RFHAL_Idle
                0x0000dc64       0x2a C:\Users\jains\SimplicityStudio\v4_workspace\BLE_server\platform\radio\rail_lib\autogen\librail_release\librail_efr32xg13_gcc_release.a(rail_rf_hal.o)
                0x0000dc64                RFHAL_Idle
 *fill*         0x0000dc8e        0x2 
 .text.RFHAL_GetRadioState
                0x0000dc90       0x48 C:\Users\jains\SimplicityStudio\v4_workspace\BLE_server\platform\radio\rail_lib\autogen\librail_release\librail_efr32xg13_gcc_release.a(rail_rf_hal.o)
                0x0000dc90                RFHAL_GetRadioState
 .text.RFHAL_OkToTransmit
                0x0000dcd8       0x18 C:\Users\jains\SimplicityStudio\v4_workspace\BLE_server\platform\radio\rail_lib\autogen\librail_release\librail_efr32xg13_gcc_release.a(rail_rf_hal.o)
                0x0000dcd8                RFHAL_OkToTransmit
 .text.RFHAL_ScheduleRx
                0x0000dcf0       0x5a C:\Users\jains\SimplicityStudio\v4_workspace\BLE_server\platform\radio\rail_lib\autogen\librail_release\librail_efr32xg13_gcc_release.a(rail_rf_hal.o)
                0x0000dcf0                RFHAL_ScheduleRx
 *fill*         0x0000dd4a        0x2 
 .text.RFHAL_EnableRxRawCapture
                0x0000dd4c       0x58 C:\Users\jains\SimplicityStudio\v4_workspace\BLE_server\platform\radio\rail_lib\autogen\librail_release\librail_efr32xg13_gcc_release.a(rail_rf_hal.o)
                0x0000dd4c                RFHAL_EnableRxRawCapture
 .text.RFHAL_DisableRxRawCapture
                0x0000dda4       0x50 C:\Users\jains\SimplicityStudio\v4_workspace\BLE_server\platform\radio\rail_lib\autogen\librail_release\librail_efr32xg13_gcc_release.a(rail_rf_hal.o)
                0x0000dda4                RFHAL_DisableRxRawCapture
 .text.RFHAL_AcceptCrcErrors
                0x0000ddf4       0x18 C:\Users\jains\SimplicityStudio\v4_workspace\BLE_server\platform\radio\rail_lib\autogen\librail_release\librail_efr32xg13_gcc_release.a(rail_rf_hal.o)
                0x0000ddf4                RFHAL_AcceptCrcErrors
 .text.RFHAL_ConfigRxOptions
                0x0000de0c      0x124 C:\Users\jains\SimplicityStudio\v4_workspace\BLE_server\platform\radio\rail_lib\autogen\librail_release\librail_efr32xg13_gcc_release.a(rail_rf_hal.o)
                0x0000de0c                RFHAL_ConfigRxOptions
 .text.RFHAL_GetTimer
                0x0000df30        0xc C:\Users\jains\SimplicityStudio\v4_workspace\BLE_server\platform\radio\rail_lib\autogen\librail_release\librail_efr32xg13_gcc_release.a(rail_rf_hal.o)
                0x0000df30                RFHAL_GetTimer
 .text.RFHAL_CancelTimer
                0x0000df3c       0x28 C:\Users\jains\SimplicityStudio\v4_workspace\BLE_server\platform\radio\rail_lib\autogen\librail_release\librail_efr32xg13_gcc_release.a(rail_rf_hal.o)
                0x0000df3c                RFHAL_CancelTimer
 .text.RFHAL_SetTimer
                0x0000df64       0x7c C:\Users\jains\SimplicityStudio\v4_workspace\BLE_server\platform\radio\rail_lib\autogen\librail_release\librail_efr32xg13_gcc_release.a(rail_rf_hal.o)
                0x0000df64                RFHAL_SetTimer
 .text.RFHAL_IsTimerExpired
                0x0000dfe0       0x1c C:\Users\jains\SimplicityStudio\v4_workspace\BLE_server\platform\radio\rail_lib\autogen\librail_release\librail_efr32xg13_gcc_release.a(rail_rf_hal.o)
                0x0000dfe0                RFHAL_IsTimerExpired
 .text.RFHAL_IsTimerRunning
                0x0000dffc        0x6 C:\Users\jains\SimplicityStudio\v4_workspace\BLE_server\platform\radio\rail_lib\autogen\librail_release\librail_efr32xg13_gcc_release.a(rail_rf_hal.o)
                0x0000dffc                RFHAL_IsTimerRunning
 *fill*         0x0000e002        0x2 
 .text.RFHAL_CalcBitRate
                0x0000e004        0xc C:\Users\jains\SimplicityStudio\v4_workspace\BLE_server\platform\radio\rail_lib\autogen\librail_release\librail_efr32xg13_gcc_release.a(rail_rf_hal.o)
                0x0000e004                RFHAL_CalcBitRate
 .text.RFHAL_GetBitRate
                0x0000e010       0x22 C:\Users\jains\SimplicityStudio\v4_workspace\BLE_server\platform\radio\rail_lib\autogen\librail_release\librail_efr32xg13_gcc_release.a(rail_rf_hal.o)
                0x0000e010                RFHAL_GetBitRate
 *fill*         0x0000e032        0x2 
 .text.RFHAL_SetTxTransitions
                0x0000e034       0x1c C:\Users\jains\SimplicityStudio\v4_workspace\BLE_server\platform\radio\rail_lib\autogen\librail_release\librail_efr32xg13_gcc_release.a(rail_rf_hal.o)
                0x0000e034                RFHAL_SetTxTransitions
 .text.RFHAL_SetRxTransitions
                0x0000e050       0x1c C:\Users\jains\SimplicityStudio\v4_workspace\BLE_server\platform\radio\rail_lib\autogen\librail_release\librail_efr32xg13_gcc_release.a(rail_rf_hal.o)
                0x0000e050                RFHAL_SetRxTransitions
 .text.RFHAL_SetCRCInitVal
                0x0000e06c        0x4 C:\Users\jains\SimplicityStudio\v4_workspace\BLE_server\platform\radio\rail_lib\autogen\librail_release\librail_efr32xg13_gcc_release.a(rail_rf_hal.o)
                0x0000e06c                RFHAL_SetCRCInitVal
 .text.RFHAL_ConfigTxPower
                0x0000e070        0xc C:\Users\jains\SimplicityStudio\v4_workspace\BLE_server\platform\radio\rail_lib\autogen\librail_release\librail_efr32xg13_gcc_release.a(rail_rf_hal.o)
                0x0000e070                RFHAL_ConfigTxPower
 .text.RFHAL_SetTxPowerUnchecked
                0x0000e07c       0x18 C:\Users\jains\SimplicityStudio\v4_workspace\BLE_server\platform\radio\rail_lib\autogen\librail_release\librail_efr32xg13_gcc_release.a(rail_rf_hal.o)
                0x0000e07c                RFHAL_SetTxPowerUnchecked
 .text.RFHAL_SetTxPower
                0x0000e094       0x40 C:\Users\jains\SimplicityStudio\v4_workspace\BLE_server\platform\radio\rail_lib\autogen\librail_release\librail_efr32xg13_gcc_release.a(rail_rf_hal.o)
                0x0000e094                RFHAL_SetTxPower
 .text.RFHAL_GetTxPowerConfig
                0x0000e0d4        0xc C:\Users\jains\SimplicityStudio\v4_workspace\BLE_server\platform\radio\rail_lib\autogen\librail_release\librail_efr32xg13_gcc_release.a(rail_rf_hal.o)
                0x0000e0d4                RFHAL_GetTxPowerConfig
 .text.RFHAL_GetTxPower
                0x0000e0e0        0x4 C:\Users\jains\SimplicityStudio\v4_workspace\BLE_server\platform\radio\rail_lib\autogen\librail_release\librail_efr32xg13_gcc_release.a(rail_rf_hal.o)
                0x0000e0e0                RFHAL_GetTxPower
 .text.RFHAL_SetChannel
                0x0000e0e4       0xc4 C:\Users\jains\SimplicityStudio\v4_workspace\BLE_server\platform\radio\rail_lib\autogen\librail_release\librail_efr32xg13_gcc_release.a(rail_rf_hal.o)
                0x0000e0e4                RFHAL_SetChannel
 .text.RFHAL_IsAutoAckEnabled
                0x0000e1a8        0x6 C:\Users\jains\SimplicityStudio\v4_workspace\BLE_server\platform\radio\rail_lib\autogen\librail_release\librail_efr32xg13_gcc_release.a(rail_rf_hal.o)
                0x0000e1a8                RFHAL_IsAutoAckEnabled
 *fill*         0x0000e1ae        0x2 
 .text.RFHAL_AutoAckWaitForAck
                0x0000e1b0       0x18 C:\Users\jains\SimplicityStudio\v4_workspace\BLE_server\platform\radio\rail_lib\autogen\librail_release\librail_efr32xg13_gcc_release.a(rail_rf_hal.o)
                0x0000e1b0                RFHAL_AutoAckWaitForAck
 .text.preTxOps
                0x0000e1c8       0xf4 C:\Users\jains\SimplicityStudio\v4_workspace\BLE_server\platform\radio\rail_lib\autogen\librail_release\librail_efr32xg13_gcc_release.a(rail_rf_hal.o)
 .text.RFHAL_StartTx
                0x0000e2bc       0x12 C:\Users\jains\SimplicityStudio\v4_workspace\BLE_server\platform\radio\rail_lib\autogen\librail_release\librail_efr32xg13_gcc_release.a(rail_rf_hal.o)
                0x0000e2bc                RFHAL_StartTx
 .text.RFHAL_StartScheduledTx
                0x0000e2ce       0x3c C:\Users\jains\SimplicityStudio\v4_workspace\BLE_server\platform\radio\rail_lib\autogen\librail_release\librail_efr32xg13_gcc_release.a(rail_rf_hal.o)
                0x0000e2ce                RFHAL_StartScheduledTx
 *fill*         0x0000e30a        0x2 
 .text.RFHAL_GetRxPacketInfo
                0x0000e30c       0x48 C:\Users\jains\SimplicityStudio\v4_workspace\BLE_server\platform\radio\rail_lib\autogen\librail_release\librail_efr32xg13_gcc_release.a(rail_rf_hal.o)
                0x0000e30c                RFHAL_GetRxPacketInfo
 .text.RFHAL_GetRxPacketDetailsAlt
                0x0000e354       0x98 C:\Users\jains\SimplicityStudio\v4_workspace\BLE_server\platform\radio\rail_lib\autogen\librail_release\librail_efr32xg13_gcc_release.a(rail_rf_hal.o)
                0x0000e354                RFHAL_GetRxPacketDetailsAlt
 .text.RFHAL_GetRxPacketDetails
                0x0000e3ec       0x22 C:\Users\jains\SimplicityStudio\v4_workspace\BLE_server\platform\radio\rail_lib\autogen\librail_release\librail_efr32xg13_gcc_release.a(rail_rf_hal.o)
                0x0000e3ec                RFHAL_GetRxPacketDetails
 .text.RFHAL_SetTxBuffer
                0x0000e40e       0x34 C:\Users\jains\SimplicityStudio\v4_workspace\BLE_server\platform\radio\rail_lib\autogen\librail_release\librail_efr32xg13_gcc_release.a(rail_rf_hal.o)
                0x0000e40e                RFHAL_SetTxBuffer
 .text.RFHAL_SetRxBuffer
                0x0000e442       0x2c C:\Users\jains\SimplicityStudio\v4_workspace\BLE_server\platform\radio\rail_lib\autogen\librail_release\librail_efr32xg13_gcc_release.a(rail_rf_hal.o)
                0x0000e442                RFHAL_SetRxBuffer
 *fill*         0x0000e46e        0x2 
 .text.RFHAL_ResetTxFifo
                0x0000e470       0x2c C:\Users\jains\SimplicityStudio\v4_workspace\BLE_server\platform\radio\rail_lib\autogen\librail_release\librail_efr32xg13_gcc_release.a(rail_rf_hal.o)
                0x0000e470                RFHAL_ResetTxFifo
 .text.RFHAL_WriteTxFifo
                0x0000e49c       0x4c C:\Users\jains\SimplicityStudio\v4_workspace\BLE_server\platform\radio\rail_lib\autogen\librail_release\librail_efr32xg13_gcc_release.a(rail_rf_hal.o)
                0x0000e49c                RFHAL_WriteTxFifo
 .text.RFHAL_ResetRxFifo
                0x0000e4e8       0x40 C:\Users\jains\SimplicityStudio\v4_workspace\BLE_server\platform\radio\rail_lib\autogen\librail_release\librail_efr32xg13_gcc_release.a(rail_rf_hal.o)
                0x0000e4e8                RFHAL_ResetRxFifo
 .text.RFHAL_ConfigData
                0x0000e528       0x7c C:\Users\jains\SimplicityStudio\v4_workspace\BLE_server\platform\radio\rail_lib\autogen\librail_release\librail_efr32xg13_gcc_release.a(rail_rf_hal.o)
                0x0000e528                RFHAL_ConfigData
 .text.RFHAL_SetAbortScheduledTxDuringRx
                0x0000e5a4       0x18 C:\Users\jains\SimplicityStudio\v4_workspace\BLE_server\platform\radio\rail_lib\autogen\librail_release\librail_efr32xg13_gcc_release.a(rail_rf_hal.o)
                0x0000e5a4                RFHAL_SetAbortScheduledTxDuringRx
 .text.RFHAL_ConfigRadio
                0x0000e5bc       0xac C:\Users\jains\SimplicityStudio\v4_workspace\BLE_server\platform\radio\rail_lib\autogen\librail_release\librail_efr32xg13_gcc_release.a(rail_rf_hal.o)
                0x0000e5bc                RFHAL_ConfigRadio
 .text.RFHAL_ConfigFrameTypeLength
                0x0000e668       0x70 C:\Users\jains\SimplicityStudio\v4_workspace\BLE_server\platform\radio\rail_lib\autogen\librail_release\librail_efr32xg13_gcc_release.a(rail_rf_hal.o)
                0x0000e668                RFHAL_ConfigFrameTypeLength
 .text.RFHAL_GetTime
                0x0000e6d8        0x4 C:\Users\jains\SimplicityStudio\v4_workspace\BLE_server\platform\radio\rail_lib\autogen\librail_release\librail_efr32xg13_gcc_release.a(rail_rf_hal.o)
                0x0000e6d8                RFHAL_GetTime
 .text.RFHAL_ResetAddressFilter
                0x0000e6dc       0x10 C:\Users\jains\SimplicityStudio\v4_workspace\BLE_server\platform\radio\rail_lib\autogen\librail_release\librail_efr32xg13_gcc_release.a(rail_rf_hal.o)
                0x0000e6dc                RFHAL_ResetAddressFilter
 .text.RFHAL_Init
                0x0000e6ec       0xa8 C:\Users\jains\SimplicityStudio\v4_workspace\BLE_server\platform\radio\rail_lib\autogen\librail_release\librail_efr32xg13_gcc_release.a(rail_rf_hal.o)
                0x0000e6ec                RFHAL_Init
 .text.RFHAL_GetRadioEntropy
                0x0000e794        0x4 C:\Users\jains\SimplicityStudio\v4_workspace\BLE_server\platform\radio\rail_lib\autogen\librail_release\librail_efr32xg13_gcc_release.a(rail_rf_hal.o)
                0x0000e794                RFHAL_GetRadioEntropy
 .text.RFHAL_SetStateTiming
                0x0000e798       0x56 C:\Users\jains\SimplicityStudio\v4_workspace\BLE_server\platform\radio\rail_lib\autogen\librail_release\librail_efr32xg13_gcc_release.a(rail_rf_hal.o)
                0x0000e798                RFHAL_SetStateTiming
 .text.RFHAL_IEEE802154IsEnabled
                0x0000e7ee        0x6 C:\Users\jains\SimplicityStudio\v4_workspace\BLE_server\platform\radio\rail_lib\autogen\librail_release\librail_efr32xg13_gcc_release.a(rail_ieee802154_rf_hal.o)
                0x0000e7ee                RFHAL_IEEE802154IsEnabled
 .text.RFHAL_ConfigBle2MbpsViterbi
                0x0000e7f4       0x28 C:\Users\jains\SimplicityStudio\v4_workspace\BLE_server\platform\radio\rail_lib\autogen\librail_release\librail_efr32xg13_gcc_release.a(rail_ble_rf_hal.o)
                0x0000e7f4                RFHAL_ConfigBle2MbpsViterbi
 .text.RFHAL_ConfigBle1MbpsViterbi
                0x0000e81c       0x28 C:\Users\jains\SimplicityStudio\v4_workspace\BLE_server\platform\radio\rail_lib\autogen\librail_release\librail_efr32xg13_gcc_release.a(rail_ble_rf_hal.o)
                0x0000e81c                RFHAL_ConfigBle1MbpsViterbi
 .text.RFHAL_ConfigBleCoded
                0x0000e844       0x34 C:\Users\jains\SimplicityStudio\v4_workspace\BLE_server\platform\radio\rail_lib\autogen\librail_release\librail_efr32xg13_gcc_release.a(rail_ble_rf_hal.o)
                0x0000e844                RFHAL_ConfigBleCoded
 .text.RFHAL_BleReinit
                0x0000e878       0x1c C:\Users\jains\SimplicityStudio\v4_workspace\BLE_server\platform\radio\rail_lib\autogen\librail_release\librail_efr32xg13_gcc_release.a(rail_ble_rf_hal.o)
                0x0000e878                RFHAL_BleReinit
 .text.RFHAL_BleInit
                0x0000e894       0x12 C:\Users\jains\SimplicityStudio\v4_workspace\BLE_server\platform\radio\rail_lib\autogen\librail_release\librail_efr32xg13_gcc_release.a(rail_ble_rf_hal.o)
                0x0000e894                RFHAL_BleInit
 *fill*         0x0000e8a6        0x2 
 .text.RFHAL_IsBleLongRangeEnabled
                0x0000e8a8       0x18 C:\Users\jains\SimplicityStudio\v4_workspace\BLE_server\platform\radio\rail_lib\autogen\librail_release\librail_efr32xg13_gcc_release.a(rail_ble_rf_hal.o)
                0x0000e8a8                RFHAL_IsBleLongRangeEnabled
 .text.RFHAL_BLEPreambleSyncWordSet
                0x0000e8c0       0x44 C:\Users\jains\SimplicityStudio\v4_workspace\BLE_server\platform\radio\rail_lib\autogen\librail_release\librail_efr32xg13_gcc_release.a(rail_ble_rf_hal.o)
                0x0000e8c0                RFHAL_BLEPreambleSyncWordSet
 .text.RFHAL_BLEWhiteningSet
                0x0000e904       0x68 C:\Users\jains\SimplicityStudio\v4_workspace\BLE_server\platform\radio\rail_lib\autogen\librail_release\librail_efr32xg13_gcc_release.a(rail_ble_rf_hal.o)
                0x0000e904                RFHAL_BLEWhiteningSet
 .text.setMultiTimer
                0x0000e96c        0x4 C:\Users\jains\SimplicityStudio\v4_workspace\BLE_server\platform\radio\rail_lib\autogen\librail_release\librail_efr32xg13_gcc_release.a(rail_singleprotocol.o)
 .text.cancelMultiTimer
                0x0000e970        0x4 C:\Users\jains\SimplicityStudio\v4_workspace\BLE_server\platform\radio\rail_lib\autogen\librail_release\librail_efr32xg13_gcc_release.a(rail_singleprotocol.o)
 .text.isMultiTimerExpired
                0x0000e974        0x4 C:\Users\jains\SimplicityStudio\v4_workspace\BLE_server\platform\radio\rail_lib\autogen\librail_release\librail_efr32xg13_gcc_release.a(rail_singleprotocol.o)
 .text.getMultiTimer
                0x0000e978        0x4 C:\Users\jains\SimplicityStudio\v4_workspace\BLE_server\platform\radio\rail_lib\autogen\librail_release\librail_efr32xg13_gcc_release.a(rail_singleprotocol.o)
 .text.getActiveTimerCb
                0x0000e97c       0x18 C:\Users\jains\SimplicityStudio\v4_workspace\BLE_server\platform\radio\rail_lib\autogen\librail_release\librail_efr32xg13_gcc_release.a(rail_singleprotocol.o)
 .text.isMultiTimerRunning
                0x0000e994        0x4 C:\Users\jains\SimplicityStudio\v4_workspace\BLE_server\platform\radio\rail_lib\autogen\librail_release\librail_efr32xg13_gcc_release.a(rail_singleprotocol.o)
 .text.RAIL_Init
                0x0000e998       0x20 C:\Users\jains\SimplicityStudio\v4_workspace\BLE_server\platform\radio\rail_lib\autogen\librail_release\librail_efr32xg13_gcc_release.a(rail_singleprotocol.o)
                0x0000e998                RAIL_Init
 .text.RAIL_GetSchedulerStatus
                0x0000e9b8        0x4 C:\Users\jains\SimplicityStudio\v4_workspace\BLE_server\platform\radio\rail_lib\autogen\librail_release\librail_efr32xg13_gcc_release.a(rail_singleprotocol.o)
                0x0000e9b8                RAIL_GetSchedulerStatus
 .text.RAIL_Idle
                0x0000e9bc        0x8 C:\Users\jains\SimplicityStudio\v4_workspace\BLE_server\platform\radio\rail_lib\autogen\librail_release\librail_efr32xg13_gcc_release.a(rail_singleprotocol.o)
                0x0000e9bc                RAIL_Idle
 .text.RAIL_YieldRadio
                0x0000e9c4        0x2 C:\Users\jains\SimplicityStudio\v4_workspace\BLE_server\platform\radio\rail_lib\autogen\librail_release\librail_efr32xg13_gcc_release.a(rail_singleprotocol.o)
                0x0000e9c4                RAIL_YieldRadio
 .text.RAIL_GetRadioEntropy
                0x0000e9c6        0x8 C:\Users\jains\SimplicityStudio\v4_workspace\BLE_server\platform\radio\rail_lib\autogen\librail_release\librail_efr32xg13_gcc_release.a(rail_singleprotocol.o)
                0x0000e9c6                RAIL_GetRadioEntropy
 .text.RAIL_SetTimer
                0x0000e9ce       0x1c C:\Users\jains\SimplicityStudio\v4_workspace\BLE_server\platform\radio\rail_lib\autogen\librail_release\librail_efr32xg13_gcc_release.a(rail_singleprotocol.o)
                0x0000e9ce                RAIL_SetTimer
 .text.RAIL_CancelTimer
                0x0000e9ea        0xe C:\Users\jains\SimplicityStudio\v4_workspace\BLE_server\platform\radio\rail_lib\autogen\librail_release\librail_efr32xg13_gcc_release.a(rail_singleprotocol.o)
                0x0000e9ea                RAIL_CancelTimer
 .text.RAIL_StartTx
                0x0000e9f8        0x6 C:\Users\jains\SimplicityStudio\v4_workspace\BLE_server\platform\radio\rail_lib\autogen\librail_release\librail_efr32xg13_gcc_release.a(rail_singleprotocol.o)
                0x0000e9f8                RAIL_StartTx
 .text.RAIL_StartScheduledTx
                0x0000e9fe        0x6 C:\Users\jains\SimplicityStudio\v4_workspace\BLE_server\platform\radio\rail_lib\autogen\librail_release\librail_efr32xg13_gcc_release.a(rail_singleprotocol.o)
                0x0000e9fe                RAIL_StartScheduledTx
 .text.RAIL_ScheduleRx
                0x0000ea04        0x6 C:\Users\jains\SimplicityStudio\v4_workspace\BLE_server\platform\radio\rail_lib\autogen\librail_release\librail_efr32xg13_gcc_release.a(rail_singleprotocol.o)
                0x0000ea04                RAIL_ScheduleRx
 .text.radioConfigChangedDefault
                0x0000ea0a        0x2 C:\Users\jains\SimplicityStudio\v4_workspace\BLE_server\platform\radio\rail_lib\autogen\librail_release\librail_efr32xg13_gcc_release.a(rail_rf.o)
 .text.isTransitionState
                0x0000ea0c       0x12 C:\Users\jains\SimplicityStudio\v4_workspace\BLE_server\platform\radio\rail_lib\autogen\librail_release\librail_efr32xg13_gcc_release.a(rail_rf.o)
 .text.RAILCore_Init
                0x0000ea1e       0x12 C:\Users\jains\SimplicityStudio\v4_workspace\BLE_server\platform\radio\rail_lib\autogen\librail_release\librail_efr32xg13_gcc_release.a(rail_rf.o)
                0x0000ea1e                RAILCore_Init
 .text.RAILInt_SetCallbackConfig
                0x0000ea30       0x20 C:\Users\jains\SimplicityStudio\v4_workspace\BLE_server\platform\radio\rail_lib\autogen\librail_release\librail_efr32xg13_gcc_release.a(rail_rf.o)
                0x0000ea30                RAILInt_SetCallbackConfig
 .text.RAILCore_Idle
                0x0000ea50       0x14 C:\Users\jains\SimplicityStudio\v4_workspace\BLE_server\platform\radio\rail_lib\autogen\librail_release\librail_efr32xg13_gcc_release.a(rail_rf.o)
                0x0000ea50                RAILCore_Idle
 .text.RAILCb_CalcBitRate
                0x0000ea64        0x6 C:\Users\jains\SimplicityStudio\v4_workspace\BLE_server\platform\radio\rail_lib\autogen\librail_release\librail_efr32xg13_gcc_release.a(rail_rf.o)
                0x0000ea64                RAILCb_CalcBitRate
 .text.RAIL_SetStateTiming
                0x0000ea6a        0x6 C:\Users\jains\SimplicityStudio\v4_workspace\BLE_server\platform\radio\rail_lib\autogen\librail_release\librail_efr32xg13_gcc_release.a(rail_rf.o)
                0x0000ea6a                RAIL_SetStateTiming
 .text.RAILInt_IsPowerInRange
                0x0000ea70       0x3c C:\Users\jains\SimplicityStudio\v4_workspace\BLE_server\platform\radio\rail_lib\autogen\librail_release\librail_efr32xg13_gcc_release.a(rail_rf.o)
                0x0000ea70                RAILInt_IsPowerInRange
 .text.RAILInt_SetChannel
                0x0000eaac      0x1c0 C:\Users\jains\SimplicityStudio\v4_workspace\BLE_server\platform\radio\rail_lib\autogen\librail_release\librail_efr32xg13_gcc_release.a(rail_rf.o)
                0x0000eaac                RAILInt_SetChannel
 .text.RAILCore_ConfigChannels
                0x0000ec6c       0x60 C:\Users\jains\SimplicityStudio\v4_workspace\BLE_server\platform\radio\rail_lib\autogen\librail_release\librail_efr32xg13_gcc_release.a(rail_rf.o)
                0x0000ec6c                RAILCore_ConfigChannels
 .text.RAILInt_GetChannel
                0x0000eccc        0x4 C:\Users\jains\SimplicityStudio\v4_workspace\BLE_server\platform\radio\rail_lib\autogen\librail_release\librail_efr32xg13_gcc_release.a(rail_rf.o)
                0x0000eccc                RAILInt_GetChannel
 .text.RAILCore_SetTxTransitions
                0x0000ecd0       0x3c C:\Users\jains\SimplicityStudio\v4_workspace\BLE_server\platform\radio\rail_lib\autogen\librail_release\librail_efr32xg13_gcc_release.a(rail_rf.o)
                0x0000ecd0                RAILCore_SetTxTransitions
 .text.RAIL_SetTxTransitions
                0x0000ed0c        0x6 C:\Users\jains\SimplicityStudio\v4_workspace\BLE_server\platform\radio\rail_lib\autogen\librail_release\librail_efr32xg13_gcc_release.a(rail_rf.o)
                0x0000ed0c                RAIL_SetTxTransitions
 .text.RAILCore_SetRxTransitions
                0x0000ed12       0x38 C:\Users\jains\SimplicityStudio\v4_workspace\BLE_server\platform\radio\rail_lib\autogen\librail_release\librail_efr32xg13_gcc_release.a(rail_rf.o)
                0x0000ed12                RAILCore_SetRxTransitions
 .text.RAIL_SetRxTransitions
                0x0000ed4a        0x6 C:\Users\jains\SimplicityStudio\v4_workspace\BLE_server\platform\radio\rail_lib\autogen\librail_release\librail_efr32xg13_gcc_release.a(rail_rf.o)
                0x0000ed4a                RAIL_SetRxTransitions
 .text.RAIL_ConfigEvents
                0x0000ed50        0x6 C:\Users\jains\SimplicityStudio\v4_workspace\BLE_server\platform\radio\rail_lib\autogen\librail_release\librail_efr32xg13_gcc_release.a(rail_rf.o)
                0x0000ed50                RAIL_ConfigEvents
 .text.RAIL_ConfigRxOptions
                0x0000ed56        0x6 C:\Users\jains\SimplicityStudio\v4_workspace\BLE_server\platform\radio\rail_lib\autogen\librail_release\librail_efr32xg13_gcc_release.a(rail_rx.o)
                0x0000ed56                RAIL_ConfigRxOptions
 .text.RAILCore_ScheduleRx
                0x0000ed5c       0x2c C:\Users\jains\SimplicityStudio\v4_workspace\BLE_server\platform\radio\rail_lib\autogen\librail_release\librail_efr32xg13_gcc_release.a(rail_rx.o)
                0x0000ed5c                RAILCore_ScheduleRx
 .text.RAILCb_ConfigFrameTypeLength
                0x0000ed88        0x6 C:\Users\jains\SimplicityStudio\v4_workspace\BLE_server\platform\radio\rail_lib\autogen\librail_release\librail_efr32xg13_gcc_release.a(rail_rx.o)
                0x0000ed88                RAILCb_ConfigFrameTypeLength
 .text.RAIL_SetTxPower
                0x0000ed8e        0x6 C:\Users\jains\SimplicityStudio\v4_workspace\BLE_server\platform\radio\rail_lib\autogen\librail_release\librail_efr32xg13_gcc_release.a(rail_tx.o)
                0x0000ed8e                RAIL_SetTxPower
 .text.RAIL_ConfigTxPower
                0x0000ed94       0x1c C:\Users\jains\SimplicityStudio\v4_workspace\BLE_server\platform\radio\rail_lib\autogen\librail_release\librail_efr32xg13_gcc_release.a(rail_tx.o)
                0x0000ed94                RAIL_ConfigTxPower
 .text.RAILInt_PendCal
                0x0000edb0       0x24 C:\Users\jains\SimplicityStudio\v4_workspace\BLE_server\platform\radio\rail_lib\autogen\librail_release\librail_efr32xg13_gcc_release.a(rail_calibration.o)
                0x0000edb0                RAILInt_PendCal
 .text.RAIL_WriteTxFifo
                0x0000edd4        0x6 C:\Users\jains\SimplicityStudio\v4_workspace\BLE_server\platform\radio\rail_lib\autogen\librail_release\librail_efr32xg13_gcc_release.a(rail_data.o)
                0x0000edd4                RAIL_WriteTxFifo
 .text.RAIL_SetTxFifo
                0x0000edda        0x6 C:\Users\jains\SimplicityStudio\v4_workspace\BLE_server\platform\radio\rail_lib\autogen\librail_release\librail_efr32xg13_gcc_release.a(rail_data.o)
                0x0000edda                RAIL_SetTxFifo
 .text.RAIL_SetRxFifo
                0x0000ede0        0x6 C:\Users\jains\SimplicityStudio\v4_workspace\BLE_server\platform\radio\rail_lib\autogen\librail_release\librail_efr32xg13_gcc_release.a(rail_data.o)
                0x0000ede0                RAIL_SetRxFifo
 *fill*         0x0000ede6        0x2 
 .text.RAILCb_SetupRxFifo
                0x0000ede8       0x30 C:\Users\jains\SimplicityStudio\v4_workspace\BLE_server\platform\radio\rail_lib\autogen\librail_release\librail_efr32xg13_gcc_release.a(rail_data.o)
                0x0000ede8                RAILCb_SetupRxFifo
 .text.RAIL_GetRxPacketInfo
                0x0000ee18        0x8 C:\Users\jains\SimplicityStudio\v4_workspace\BLE_server\platform\radio\rail_lib\autogen\librail_release\librail_efr32xg13_gcc_release.a(rail_data.o)
                0x0000ee18                RAIL_GetRxPacketInfo
 .text.RAIL_GetRxPacketDetails
                0x0000ee20        0x6 C:\Users\jains\SimplicityStudio\v4_workspace\BLE_server\platform\radio\rail_lib\autogen\librail_release\librail_efr32xg13_gcc_release.a(rail_data.o)
                0x0000ee20                RAIL_GetRxPacketDetails
 .text.RAIL_ResetFifo
                0x0000ee26       0x1e C:\Users\jains\SimplicityStudio\v4_workspace\BLE_server\platform\radio\rail_lib\autogen\librail_release\librail_efr32xg13_gcc_release.a(rail_data.o)
                0x0000ee26                RAIL_ResetFifo
 .text.RAILCb_AssertFailed
                0x0000ee44       0x14 C:\Users\jains\SimplicityStudio\v4_workspace\BLE_server\platform\radio\rail_lib\autogen\librail_release\librail_efr32xg13_gcc_release.a(rail_assert.o)
                0x0000ee44                RAILCb_AssertFailed
 .text.RAILInt_Assert
                0x0000ee58       0x1c C:\Users\jains\SimplicityStudio\v4_workspace\BLE_server\platform\radio\rail_lib\autogen\librail_release\librail_efr32xg13_gcc_release.a(rail_assert.o)
                0x0000ee58                RAILInt_Assert
 .text.RAIL_GetTime
                0x0000ee74        0x4 C:\Users\jains\SimplicityStudio\v4_workspace\BLE_server\platform\radio\rail_lib\autogen\librail_release\librail_efr32xg13_gcc_release.a(rail_timer.o)
                0x0000ee74                RAIL_GetTime
 .text.checkAndAddRxLenOverflowEntry.part.0
                0x0000ee78       0x2c C:\Users\jains\SimplicityStudio\v4_workspace\BLE_server\platform\radio\rail_lib\autogen\librail_release\librail_efr32xg13_gcc_release.a(bufc.o)
 .text.BUFC_ReadHelper
                0x0000eea4       0x7a C:\Users\jains\SimplicityStudio\v4_workspace\BLE_server\platform\radio\rail_lib\autogen\librail_release\librail_efr32xg13_gcc_release.a(bufc.o)
 *fill*         0x0000ef1e        0x2 
 .text.BUFC_SetTxBuffer
                0x0000ef20       0x38 C:\Users\jains\SimplicityStudio\v4_workspace\BLE_server\platform\radio\rail_lib\autogen\librail_release\librail_efr32xg13_gcc_release.a(bufc.o)
                0x0000ef20                BUFC_SetTxBuffer
 .text.BUFC_SetRxBuffer
                0x0000ef58       0x1c C:\Users\jains\SimplicityStudio\v4_workspace\BLE_server\platform\radio\rail_lib\autogen\librail_release\librail_efr32xg13_gcc_release.a(bufc.o)
                0x0000ef58                BUFC_SetRxBuffer
 .text.BUFC_WriteBuffer
                0x0000ef74       0xb0 C:\Users\jains\SimplicityStudio\v4_workspace\BLE_server\platform\radio\rail_lib\autogen\librail_release\librail_efr32xg13_gcc_release.a(bufc.o)
                0x0000ef74                BUFC_WriteBuffer
 .text.BUFC_Peek
                0x0000f024       0x12 C:\Users\jains\SimplicityStudio\v4_workspace\BLE_server\platform\radio\rail_lib\autogen\librail_release\librail_efr32xg13_gcc_release.a(bufc.o)
                0x0000f024                BUFC_Peek
 .text.BUFC_PeekByte
                0x0000f036       0x46 C:\Users\jains\SimplicityStudio\v4_workspace\BLE_server\platform\radio\rail_lib\autogen\librail_release\librail_efr32xg13_gcc_release.a(bufc.o)
                0x0000f036                BUFC_PeekByte
 .text.BUFC_GetSpaceAvailable
                0x0000f07c       0x24 C:\Users\jains\SimplicityStudio\v4_workspace\BLE_server\platform\radio\rail_lib\autogen\librail_release\librail_efr32xg13_gcc_release.a(bufc.o)
                0x0000f07c                BUFC_GetSpaceAvailable
 .text.BUFC_GetBytesAvailable
                0x0000f0a0       0x14 C:\Users\jains\SimplicityStudio\v4_workspace\BLE_server\platform\radio\rail_lib\autogen\librail_release\librail_efr32xg13_gcc_release.a(bufc.o)
                0x0000f0a0                BUFC_GetBytesAvailable
 .text.BUFC_TxAckBufferSet
                0x0000f0b4       0x2c C:\Users\jains\SimplicityStudio\v4_workspace\BLE_server\platform\radio\rail_lib\autogen\librail_release\librail_efr32xg13_gcc_release.a(bufc.o)
                0x0000f0b4                BUFC_TxAckBufferSet
 .text.BUFC_RxBufferReset
                0x0000f0e0       0x5c C:\Users\jains\SimplicityStudio\v4_workspace\BLE_server\platform\radio\rail_lib\autogen\librail_release\librail_efr32xg13_gcc_release.a(bufc.o)
                0x0000f0e0                BUFC_RxBufferReset
 .text.BUFC_Init
                0x0000f13c       0x50 C:\Users\jains\SimplicityStudio\v4_workspace\BLE_server\platform\radio\rail_lib\autogen\librail_release\librail_efr32xg13_gcc_release.a(bufc.o)
                0x0000f13c                BUFC_Init
 .text.BUFC_ReleaseRxPacket
                0x0000f18c      0x118 C:\Users\jains\SimplicityStudio\v4_workspace\BLE_server\platform\radio\rail_lib\autogen\librail_release\librail_efr32xg13_gcc_release.a(bufc.o)
                0x0000f18c                BUFC_ReleaseRxPacket
 .text.BUFC_StartRxLenThrEvent
                0x0000f2a4       0x50 C:\Users\jains\SimplicityStudio\v4_workspace\BLE_server\platform\radio\rail_lib\autogen\librail_release\librail_efr32xg13_gcc_release.a(bufc.o)
                0x0000f2a4                BUFC_StartRxLenThrEvent
 .text.BUFC_EndRxLenThrEvent
                0x0000f2f4       0x1c C:\Users\jains\SimplicityStudio\v4_workspace\BLE_server\platform\radio\rail_lib\autogen\librail_release\librail_efr32xg13_gcc_release.a(bufc.o)
                0x0000f2f4                BUFC_EndRxLenThrEvent
 .text.BUFC_HandleRxLenOvfEvent
                0x0000f310       0x30 C:\Users\jains\SimplicityStudio\v4_workspace\BLE_server\platform\radio\rail_lib\autogen\librail_release\librail_efr32xg13_gcc_release.a(bufc.o)
                0x0000f310                BUFC_HandleRxLenOvfEvent
 .text.BUFC_GetRxPacketInfo
                0x0000f340      0x168 C:\Users\jains\SimplicityStudio\v4_workspace\BLE_server\platform\radio\rail_lib\autogen\librail_release\librail_efr32xg13_gcc_release.a(bufc.o)
                0x0000f340                BUFC_GetRxPacketInfo
 .text.IRCAL_Set
                0x0000f4a8       0x1c C:\Users\jains\SimplicityStudio\v4_workspace\BLE_server\platform\radio\rail_lib\autogen\librail_release\librail_efr32xg13_gcc_release.a(ir_cal.o)
                0x0000f4a8                IRCAL_Set
 .text.getRampTimeFromLevelAndRate
                0x0000f4c4       0x20 C:\Users\jains\SimplicityStudio\v4_workspace\BLE_server\platform\radio\rail_lib\autogen\librail_release\librail_efr32xg13_gcc_release.a(pa.o)
 .text.PA_ProtectPa
                0x0000f4e4       0xa0 C:\Users\jains\SimplicityStudio\v4_workspace\BLE_server\platform\radio\rail_lib\autogen\librail_release\librail_efr32xg13_gcc_release.a(pa.o)
 .text.PA_GetTxPowerConfig
                0x0000f584       0x14 C:\Users\jains\SimplicityStudio\v4_workspace\BLE_server\platform\radio\rail_lib\autogen\librail_release\librail_efr32xg13_gcc_release.a(pa.o)
                0x0000f584                PA_GetTxPowerConfig
 .text.PA_GetPowerLevel
                0x0000f598        0xc C:\Users\jains\SimplicityStudio\v4_workspace\BLE_server\platform\radio\rail_lib\autogen\librail_release\librail_efr32xg13_gcc_release.a(pa.o)
                0x0000f598                PA_GetPowerLevel
 .text.PA_SetPowerLevel
                0x0000f5a4      0x178 C:\Users\jains\SimplicityStudio\v4_workspace\BLE_server\platform\radio\rail_lib\autogen\librail_release\librail_efr32xg13_gcc_release.a(pa.o)
                0x0000f5a4                PA_SetPowerLevel
 .text.PA_RunPeakDetectorHigh
                0x0000f71c       0x40 C:\Users\jains\SimplicityStudio\v4_workspace\BLE_server\platform\radio\rail_lib\autogen\librail_release\librail_efr32xg13_gcc_release.a(pa.o)
                0x0000f71c                PA_RunPeakDetectorHigh
 .text.PA_RunPeakDetectorLow
                0x0000f75c        0x2 C:\Users\jains\SimplicityStudio\v4_workspace\BLE_server\platform\radio\rail_lib\autogen\librail_release\librail_efr32xg13_gcc_release.a(pa.o)
                0x0000f75c                PA_RunPeakDetectorLow
 *fill*         0x0000f75e        0x2 
 .text.PA_RunBatHigh
                0x0000f760       0x2c C:\Users\jains\SimplicityStudio\v4_workspace\BLE_server\platform\radio\rail_lib\autogen\librail_release\librail_efr32xg13_gcc_release.a(pa.o)
                0x0000f760                PA_RunBatHigh
 .text.PA_GetRampTime
                0x0000f78c        0xc C:\Users\jains\SimplicityStudio\v4_workspace\BLE_server\platform\radio\rail_lib\autogen\librail_release\librail_efr32xg13_gcc_release.a(pa.o)
                0x0000f78c                PA_GetRampTime
 .text.PA_CalcRampTime
                0x0000f798       0x3c C:\Users\jains\SimplicityStudio\v4_workspace\BLE_server\platform\radio\rail_lib\autogen\librail_release\librail_efr32xg13_gcc_release.a(pa.o)
                0x0000f798                PA_CalcRampTime
 .text.PA_SetRampTime
                0x0000f7d4      0x100 C:\Users\jains\SimplicityStudio\v4_workspace\BLE_server\platform\radio\rail_lib\autogen\librail_release\librail_efr32xg13_gcc_release.a(pa.o)
                0x0000f7d4                PA_SetRampTime
 .text.PA_SetCTune
                0x0000f8d4       0x34 C:\Users\jains\SimplicityStudio\v4_workspace\BLE_server\platform\radio\rail_lib\autogen\librail_release\librail_efr32xg13_gcc_release.a(pa.o)
                0x0000f8d4                PA_SetCTune
 .text.PA_SelectBand
                0x0000f908       0x38 C:\Users\jains\SimplicityStudio\v4_workspace\BLE_server\platform\radio\rail_lib\autogen\librail_release\librail_efr32xg13_gcc_release.a(pa.o)
                0x0000f908                PA_SelectBand
 .text.PA_Config
                0x0000f940      0x114 C:\Users\jains\SimplicityStudio\v4_workspace\BLE_server\platform\radio\rail_lib\autogen\librail_release\librail_efr32xg13_gcc_release.a(pa.o)
                0x0000f940                PA_Config
 .text.PA_UpdateConfig
                0x0000fa54       0x38 C:\Users\jains\SimplicityStudio\v4_workspace\BLE_server\platform\radio\rail_lib\autogen\librail_release\librail_efr32xg13_gcc_release.a(pa.o)
                0x0000fa54                PA_UpdateConfig
 .text.PROTIMER_Init
                0x0000fa8c       0xe4 C:\Users\jains\SimplicityStudio\v4_workspace\BLE_server\platform\radio\rail_lib\autogen\librail_release\librail_efr32xg13_gcc_release.a(protimer.o)
                0x0000fa8c                PROTIMER_Init
 .text.PROTIMER_Start
                0x0000fb70       0x1c C:\Users\jains\SimplicityStudio\v4_workspace\BLE_server\platform\radio\rail_lib\autogen\librail_release\librail_efr32xg13_gcc_release.a(protimer.o)
                0x0000fb70                PROTIMER_Start
 .text.PROTIMER_ElapsedTime
                0x0000fb8c       0x40 C:\Users\jains\SimplicityStudio\v4_workspace\BLE_server\platform\radio\rail_lib\autogen\librail_release\librail_efr32xg13_gcc_release.a(protimer.o)
                0x0000fb8c                PROTIMER_ElapsedTime
 .text.PROTIMER_CCTimerStop
                0x0000fbcc       0x20 C:\Users\jains\SimplicityStudio\v4_workspace\BLE_server\platform\radio\rail_lib\autogen\librail_release\librail_efr32xg13_gcc_release.a(protimer.o)
                0x0000fbcc                PROTIMER_CCTimerStop
 .text.PROTIMER_CCTimerIsEnabled
                0x0000fbec       0x14 C:\Users\jains\SimplicityStudio\v4_workspace\BLE_server\platform\radio\rail_lib\autogen\librail_release\librail_efr32xg13_gcc_release.a(protimer.o)
                0x0000fbec                PROTIMER_CCTimerIsEnabled
 .text.PROTIMER_CCTimerCapture
                0x0000fc00       0x18 C:\Users\jains\SimplicityStudio\v4_workspace\BLE_server\platform\radio\rail_lib\autogen\librail_release\librail_efr32xg13_gcc_release.a(protimer.o)
                0x0000fc00                PROTIMER_CCTimerCapture
 .text.PROTIMER_ClearRxEnable
                0x0000fc18       0x10 C:\Users\jains\SimplicityStudio\v4_workspace\BLE_server\platform\radio\rail_lib\autogen\librail_release\librail_efr32xg13_gcc_release.a(protimer.o)
                0x0000fc18                PROTIMER_ClearRxEnable
 .text.PROTIMER_GetTime
                0x0000fc28       0x38 C:\Users\jains\SimplicityStudio\v4_workspace\BLE_server\platform\radio\rail_lib\autogen\librail_release\librail_efr32xg13_gcc_release.a(protimer.o)
                0x0000fc28                PROTIMER_GetTime
 .text.PROTIMER_GetCCTime
                0x0000fc60       0x44 C:\Users\jains\SimplicityStudio\v4_workspace\BLE_server\platform\radio\rail_lib\autogen\librail_release\librail_efr32xg13_gcc_release.a(protimer.o)
                0x0000fc60                PROTIMER_GetCCTime
 .text.PROTIMER_LBTStop
                0x0000fca4       0x18 C:\Users\jains\SimplicityStudio\v4_workspace\BLE_server\platform\radio\rail_lib\autogen\librail_release\librail_efr32xg13_gcc_release.a(protimer.o)
                0x0000fca4                PROTIMER_LBTStop
 .text.PROTIMER_PrecntOverflowToUs
                0x0000fcbc       0x34 C:\Users\jains\SimplicityStudio\v4_workspace\BLE_server\platform\radio\rail_lib\autogen\librail_release\librail_efr32xg13_gcc_release.a(protimer.o)
                0x0000fcbc                PROTIMER_PrecntOverflowToUs
 .text.PROTIMER_GetUsTime
                0x0000fcf0       0x18 C:\Users\jains\SimplicityStudio\v4_workspace\BLE_server\platform\radio\rail_lib\autogen\librail_release\librail_efr32xg13_gcc_release.a(protimer.o)
                0x0000fcf0                PROTIMER_GetUsTime
 .text.PROTIMER_GetUsFromRawWrap
                0x0000fd08       0x2e C:\Users\jains\SimplicityStudio\v4_workspace\BLE_server\platform\radio\rail_lib\autogen\librail_release\librail_efr32xg13_gcc_release.a(protimer.o)
                0x0000fd08                PROTIMER_GetUsFromRawWrap
 *fill*         0x0000fd36        0x2 
 .text.PROTIMER_UsToPrecntOverflow
                0x0000fd38       0x40 C:\Users\jains\SimplicityStudio\v4_workspace\BLE_server\platform\radio\rail_lib\autogen\librail_release\librail_efr32xg13_gcc_release.a(protimer.o)
                0x0000fd38                PROTIMER_UsToPrecntOverflow
 .text.PROTIMER_CCTimerStart
                0x0000fd78      0x1a8 C:\Users\jains\SimplicityStudio\v4_workspace\BLE_server\platform\radio\rail_lib\autogen\librail_release\librail_efr32xg13_gcc_release.a(protimer.o)
                0x0000fd78                PROTIMER_CCTimerStart
 .text.PROTIMER_ScheduleTxEnable
                0x0000ff20       0x28 C:\Users\jains\SimplicityStudio\v4_workspace\BLE_server\platform\radio\rail_lib\autogen\librail_release\librail_efr32xg13_gcc_release.a(protimer.o)
                0x0000ff20                PROTIMER_ScheduleTxEnable
 .text.PROTIMER_ScheduleRxEnable
                0x0000ff48       0x28 C:\Users\jains\SimplicityStudio\v4_workspace\BLE_server\platform\radio\rail_lib\autogen\librail_release\librail_efr32xg13_gcc_release.a(protimer.o)
                0x0000ff48                PROTIMER_ScheduleRxEnable
 .text.PROTIMER_ScheduleRxDisable
                0x0000ff70       0x34 C:\Users\jains\SimplicityStudio\v4_workspace\BLE_server\platform\radio\rail_lib\autogen\librail_release\librail_efr32xg13_gcc_release.a(protimer.o)
                0x0000ff70                PROTIMER_ScheduleRxDisable
 .text.PROTIMER_DelayUs
                0x0000ffa4       0x16 C:\Users\jains\SimplicityStudio\v4_workspace\BLE_server\platform\radio\rail_lib\autogen\librail_release\librail_efr32xg13_gcc_release.a(protimer.o)
                0x0000ffa4                PROTIMER_DelayUs
 *fill*         0x0000ffba        0x2 
 .text.PTI_EnableAppendedInfo
                0x0000ffbc       0x18 C:\Users\jains\SimplicityStudio\v4_workspace\BLE_server\platform\radio\rail_lib\autogen\librail_release\librail_efr32xg13_gcc_release.a(pti.o)
                0x0000ffbc                PTI_EnableAppendedInfo
 .text.PTI_Enable
                0x0000ffd4       0x50 C:\Users\jains\SimplicityStudio\v4_workspace\BLE_server\platform\radio\rail_lib\autogen\librail_release\librail_efr32xg13_gcc_release.a(pti.o)
                0x0000ffd4                PTI_Enable
 .text.PTI_AuxdataOutput
                0x00010024       0x1c C:\Users\jains\SimplicityStudio\v4_workspace\BLE_server\platform\radio\rail_lib\autogen\librail_release\librail_efr32xg13_gcc_release.a(pti.o)
                0x00010024                PTI_AuxdataOutput
 .text.PTI_EnableSyncword
                0x00010040       0x18 C:\Users\jains\SimplicityStudio\v4_workspace\BLE_server\platform\radio\rail_lib\autogen\librail_release\librail_efr32xg13_gcc_release.a(pti.o)
                0x00010040                PTI_EnableSyncword
 .text.RADIO_SetAndForgetWrite
                0x00010058       0x74 C:\Users\jains\SimplicityStudio\v4_workspace\BLE_server\platform\radio\rail_lib\autogen\librail_release\librail_efr32xg13_gcc_release.a(radio.o)
                0x00010058                RADIO_SetAndForgetWrite
 .text.RADIO_RewriteCcTableData
                0x000100cc       0x34 C:\Users\jains\SimplicityStudio\v4_workspace\BLE_server\platform\radio\rail_lib\autogen\librail_release\librail_efr32xg13_gcc_release.a(radio.o)
                0x000100cc                RADIO_RewriteCcTableData
 .text.RADIO_SeqInit
                0x00010100       0x64 C:\Users\jains\SimplicityStudio\v4_workspace\BLE_server\platform\radio\rail_lib\autogen\librail_release\librail_efr32xg13_gcc_release.a(radio.o)
                0x00010100                RADIO_SeqInit
 .text.RADIO_ClockEnable
                0x00010164       0x14 C:\Users\jains\SimplicityStudio\v4_workspace\BLE_server\platform\radio\rail_lib\autogen\librail_release\librail_efr32xg13_gcc_release.a(radio.o)
                0x00010164                RADIO_ClockEnable
 .text.RADIO_Init
                0x00010178       0x5c C:\Users\jains\SimplicityStudio\v4_workspace\BLE_server\platform\radio\rail_lib\autogen\librail_release\librail_efr32xg13_gcc_release.a(radio.o)
                0x00010178                RADIO_Init
 .text.RADIO_ClockPrescGet
                0x000101d4       0x10 C:\Users\jains\SimplicityStudio\v4_workspace\BLE_server\platform\radio\rail_lib\autogen\librail_release\librail_efr32xg13_gcc_release.a(radio.o)
                0x000101d4                RADIO_ClockPrescGet
 .text.RADIO_ClockFreqGet
                0x000101e4       0x14 C:\Users\jains\SimplicityStudio\v4_workspace\BLE_server\platform\radio\rail_lib\autogen\librail_release\librail_efr32xg13_gcc_release.a(radio.o)
                0x000101e4                RADIO_ClockFreqGet
 .text.RADIO_Config
                0x000101f8       0xb0 C:\Users\jains\SimplicityStudio\v4_workspace\BLE_server\platform\radio\rail_lib\autogen\librail_release\librail_efr32xg13_gcc_release.a(radio.o)
                0x000101f8                RADIO_Config
 .text.RADIO_IsRxOnForRssi
                0x000102a8       0x18 C:\Users\jains\SimplicityStudio\v4_workspace\BLE_server\platform\radio\rail_lib\autogen\librail_release\librail_efr32xg13_gcc_release.a(radio.o)
                0x000102a8                RADIO_IsRxOnForRssi
 .text.RADIO_RxTrailDataLength
                0x000102c0       0x3c C:\Users\jains\SimplicityStudio\v4_workspace\BLE_server\platform\radio\rail_lib\autogen\librail_release\librail_efr32xg13_gcc_release.a(radio.o)
                0x000102c0                RADIO_RxTrailDataLength
 .text.RADIO_ComputeTxBaudrate
                0x000102fc       0x24 C:\Users\jains\SimplicityStudio\v4_workspace\BLE_server\platform\radio\rail_lib\autogen\librail_release\librail_efr32xg13_gcc_release.a(radio.o)
                0x000102fc                RADIO_ComputeTxBaudrate
 .text.RADIO_ComputeTxSymbolRate
                0x00010320       0x54 C:\Users\jains\SimplicityStudio\v4_workspace\BLE_server\platform\radio\rail_lib\autogen\librail_release\librail_efr32xg13_gcc_release.a(radio.o)
                0x00010320                RADIO_ComputeTxSymbolRate
 .text.RADIO_ComputeTxBitRate
                0x00010374       0x44 C:\Users\jains\SimplicityStudio\v4_workspace\BLE_server\platform\radio\rail_lib\autogen\librail_release\librail_efr32xg13_gcc_release.a(radio.o)
                0x00010374                RADIO_ComputeTxBitRate
 .text.RADIO_GetRssi
                0x000103b8       0x64 C:\Users\jains\SimplicityStudio\v4_workspace\BLE_server\platform\radio\rail_lib\autogen\librail_release\librail_efr32xg13_gcc_release.a(radio.o)
                0x000103b8                RADIO_GetRssi
 .text.RADIO_SetCRCInitVal
                0x0001041c       0x10 C:\Users\jains\SimplicityStudio\v4_workspace\BLE_server\platform\radio\rail_lib\autogen\librail_release\librail_efr32xg13_gcc_release.a(radio.o)
                0x0001041c                RADIO_SetCRCInitVal
 .text.RADIO_RACClearRxOverflow
                0x0001042c       0x20 C:\Users\jains\SimplicityStudio\v4_workspace\BLE_server\platform\radio\rail_lib\autogen\librail_release\librail_efr32xg13_gcc_release.a(radio.o)
                0x0001042c                RADIO_RACClearRxOverflow
 .text.RFSENSE_IRQHandler
                0x0001044c       0x10 C:\Users\jains\SimplicityStudio\v4_workspace\BLE_server\platform\radio\rail_lib\autogen\librail_release\librail_efr32xg13_gcc_release.a(rfsense.o)
                0x0001044c                RFSENSE_IRQHandler
 .text.RTCCSYNC_RTCCClockFreqGet
                0x0001045c       0x44 C:\Users\jains\SimplicityStudio\v4_workspace\BLE_server\platform\radio\rail_lib\autogen\librail_release\librail_efr32xg13_gcc_release.a(rtccsync.o)
 .text.PRORTC_IRQHandler
                0x000104a0       0x10 C:\Users\jains\SimplicityStudio\v4_workspace\BLE_server\platform\radio\rail_lib\autogen\librail_release\librail_efr32xg13_gcc_release.a(rtccsync.o)
                0x000104a0                PRORTC_IRQHandler
 .text.RTCCSYNC_Init
                0x000104b0       0x88 C:\Users\jains\SimplicityStudio\v4_workspace\BLE_server\platform\radio\rail_lib\autogen\librail_release\librail_efr32xg13_gcc_release.a(rtccsync.o)
                0x000104b0                RTCCSYNC_Init
 .text.RTCCSYNC_PreSleep
                0x00010538      0x2a0 C:\Users\jains\SimplicityStudio\v4_workspace\BLE_server\platform\radio\rail_lib\autogen\librail_release\librail_efr32xg13_gcc_release.a(rtccsync.o)
                0x00010538                RTCCSYNC_PreSleep
 .text.RTCCSYNC_PostWakeUp
                0x000107d8      0x1b8 C:\Users\jains\SimplicityStudio\v4_workspace\BLE_server\platform\radio\rail_lib\autogen\librail_release\librail_efr32xg13_gcc_release.a(rtccsync.o)
                0x000107d8                RTCCSYNC_PostWakeUp
 .text.SYNTH_RfFreqGet
                0x00010990        0xc C:\Users\jains\SimplicityStudio\v4_workspace\BLE_server\platform\radio\rail_lib\autogen\librail_release\librail_efr32xg13_gcc_release.a(synth.o)
                0x00010990                SYNTH_RfFreqGet
 .text.SYNTH_ChSpacingGet
                0x0001099c        0xc C:\Users\jains\SimplicityStudio\v4_workspace\BLE_server\platform\radio\rail_lib\autogen\librail_release\librail_efr32xg13_gcc_release.a(synth.o)
                0x0001099c                SYNTH_ChSpacingGet
 .text.SYNTH_LoDivGet
                0x000109a8       0x20 C:\Users\jains\SimplicityStudio\v4_workspace\BLE_server\platform\radio\rail_lib\autogen\librail_release\librail_efr32xg13_gcc_release.a(synth.o)
                0x000109a8                SYNTH_LoDivGet
 .text.SYNTH_Is2p4GHz
                0x000109c8       0x14 C:\Users\jains\SimplicityStudio\v4_workspace\BLE_server\platform\radio\rail_lib\autogen\librail_release\librail_efr32xg13_gcc_release.a(synth.o)
                0x000109c8                SYNTH_Is2p4GHz
 .text.SYNTH_VcoRangeIsValid
                0x000109dc       0x30 C:\Users\jains\SimplicityStudio\v4_workspace\BLE_server\platform\radio\rail_lib\autogen\librail_release\librail_efr32xg13_gcc_release.a(synth.o)
                0x000109dc                SYNTH_VcoRangeIsValid
 .text.SYNTH_RetimeLimitsConfig
                0x00010a0c       0x64 C:\Users\jains\SimplicityStudio\v4_workspace\BLE_server\platform\radio\rail_lib\autogen\librail_release\librail_efr32xg13_gcc_release.a(synth.o)
                0x00010a0c                SYNTH_RetimeLimitsConfig
 .text.SYNTH_RetimeClkConfig
                0x00010a70       0xb4 C:\Users\jains\SimplicityStudio\v4_workspace\BLE_server\platform\radio\rail_lib\autogen\librail_release\librail_efr32xg13_gcc_release.a(synth.o)
                0x00010a70                SYNTH_RetimeClkConfig
 .text.SYNTH_Config
                0x00010b24      0x104 C:\Users\jains\SimplicityStudio\v4_workspace\BLE_server\platform\radio\rail_lib\autogen\librail_release\librail_efr32xg13_gcc_release.a(synth.o)
                0x00010b24                SYNTH_Config
 .text.SYNTH_ChannelSet
                0x00010c28       0x40 C:\Users\jains\SimplicityStudio\v4_workspace\BLE_server\platform\radio\rail_lib\autogen\librail_release\librail_efr32xg13_gcc_release.a(synth.o)
                0x00010c28                SYNTH_ChannelSet
 .text.SYNTH_DCDCRetimeClkSet
                0x00010c68       0x68 C:\Users\jains\SimplicityStudio\v4_workspace\BLE_server\platform\radio\rail_lib\autogen\librail_release\librail_efr32xg13_gcc_release.a(synth.o)
                0x00010c68                SYNTH_DCDCRetimeClkSet
 .text.SYNTH_DCDCRetimeEnable
                0x00010cd0       0x18 C:\Users\jains\SimplicityStudio\v4_workspace\BLE_server\platform\radio\rail_lib\autogen\librail_release\librail_efr32xg13_gcc_release.a(synth.o)
                0x00010cd0                SYNTH_DCDCRetimeEnable
 .text.SYNTH_DCDCRetimeDisable
                0x00010ce8       0x18 C:\Users\jains\SimplicityStudio\v4_workspace\BLE_server\platform\radio\rail_lib\autogen\librail_release\librail_efr32xg13_gcc_release.a(synth.o)
                0x00010ce8                SYNTH_DCDCRetimeDisable
 .text.SYNTH_KvnFreqCompensationEnable
                0x00010d00        0xc C:\Users\jains\SimplicityStudio\v4_workspace\BLE_server\platform\radio\rail_lib\autogen\librail_release\librail_efr32xg13_gcc_release.a(synth.o)
                0x00010d00                SYNTH_KvnFreqCompensationEnable
 .text.TEMPCAL_Init
                0x00010d0c       0x38 C:\Users\jains\SimplicityStudio\v4_workspace\BLE_server\platform\radio\rail_lib\autogen\librail_release\librail_efr32xg13_gcc_release.a(tempcal.o)
                0x00010d0c                TEMPCAL_Init
 .text.TIMING_NsToStimerTickCalc
                0x00010d44       0x2c C:\Users\jains\SimplicityStudio\v4_workspace\BLE_server\platform\radio\rail_lib\autogen\librail_release\librail_efr32xg13_gcc_release.a(timings.o)
 .text.TIMING_Recalculate
                0x00010d70      0x1ec C:\Users\jains\SimplicityStudio\v4_workspace\BLE_server\platform\radio\rail_lib\autogen\librail_release\librail_efr32xg13_gcc_release.a(timings.o)
 .text.TIMING_InitStimer
                0x00010f5c       0x8c C:\Users\jains\SimplicityStudio\v4_workspace\BLE_server\platform\radio\rail_lib\autogen\librail_release\librail_efr32xg13_gcc_release.a(timings.o)
                0x00010f5c                TIMING_InitStimer
 .text.TIMING_SeqTimingInit
                0x00010fe8       0x90 C:\Users\jains\SimplicityStudio\v4_workspace\BLE_server\platform\radio\rail_lib\autogen\librail_release\librail_efr32xg13_gcc_release.a(timings.o)
                0x00010fe8                TIMING_SeqTimingInit
 .text.TIMING_SetTransitionTime
                0x00011078       0x18 C:\Users\jains\SimplicityStudio\v4_workspace\BLE_server\platform\radio\rail_lib\autogen\librail_release\librail_efr32xg13_gcc_release.a(timings.o)
                0x00011078                TIMING_SetTransitionTime
 .text.TIMING_RxSearchTimeSet
                0x00011090       0x10 C:\Users\jains\SimplicityStudio\v4_workspace\BLE_server\platform\radio\rail_lib\autogen\librail_release\librail_efr32xg13_gcc_release.a(timings.o)
                0x00011090                TIMING_RxSearchTimeSet
 .text.TIMING_TxToRxSearchTimeSet
                0x000110a0       0x10 C:\Users\jains\SimplicityStudio\v4_workspace\BLE_server\platform\radio\rail_lib\autogen\librail_release\librail_efr32xg13_gcc_release.a(timings.o)
                0x000110a0                TIMING_TxToRxSearchTimeSet
 .text.TIMING_RecalculateAll
                0x000110b0        0x6 C:\Users\jains\SimplicityStudio\v4_workspace\BLE_server\platform\radio\rail_lib\autogen\librail_release\librail_efr32xg13_gcc_release.a(timings.o)
                0x000110b0                TIMING_RecalculateAll
 .text.TIMING_RecalculatePaRampChanged
                0x000110b6        0x6 C:\Users\jains\SimplicityStudio\v4_workspace\BLE_server\platform\radio\rail_lib\autogen\librail_release\librail_efr32xg13_gcc_release.a(timings.o)
                0x000110b6                TIMING_RecalculatePaRampChanged
 .text.TIMING_RecalculateViterbiChanged
                0x000110bc        0x6 C:\Users\jains\SimplicityStudio\v4_workspace\BLE_server\platform\radio\rail_lib\autogen\librail_release\librail_efr32xg13_gcc_release.a(timings.o)
                0x000110bc                TIMING_RecalculateViterbiChanged
 .text.TIMING_SetChainDelays
                0x000110c2        0x8 C:\Users\jains\SimplicityStudio\v4_workspace\BLE_server\platform\radio\rail_lib\autogen\librail_release\librail_efr32xg13_gcc_release.a(timings.o)
                0x000110c2                TIMING_SetChainDelays
 *fill*         0x000110ca        0x2 
 .text.TIMING_CalcAdjustUs
                0x000110cc       0x40 C:\Users\jains\SimplicityStudio\v4_workspace\BLE_server\platform\radio\rail_lib\autogen\librail_release\librail_efr32xg13_gcc_release.a(timings.o)
                0x000110cc                TIMING_CalcAdjustUs
 .text.TIMING_PacketBits
                0x0001110c       0x14 C:\Users\jains\SimplicityStudio\v4_workspace\BLE_server\platform\radio\rail_lib\autogen\librail_release\librail_efr32xg13_gcc_release.a(timings.o)
                0x0001110c                TIMING_PacketBits
 .text.TIMING_PreambleSyncBits
                0x00011120       0x38 C:\Users\jains\SimplicityStudio\v4_workspace\BLE_server\platform\radio\rail_lib\autogen\librail_release\librail_efr32xg13_gcc_release.a(timings.o)
                0x00011120                TIMING_PreambleSyncBits
 .text.TIMING_CalcRxTimeStampUs
                0x00011158       0x66 C:\Users\jains\SimplicityStudio\v4_workspace\BLE_server\platform\radio\rail_lib\autogen\librail_release\librail_efr32xg13_gcc_release.a(timings.o)
                0x00011158                TIMING_CalcRxTimeStampUs
 *fill*         0x000111be        0x2 
 .text.TIMING_AdjustRxTimeStampUs
                0x000111c0       0x40 C:\Users\jains\SimplicityStudio\v4_workspace\BLE_server\platform\radio\rail_lib\autogen\librail_release\librail_efr32xg13_gcc_release.a(timings.o)
                0x000111c0                TIMING_AdjustRxTimeStampUs
 .text.RFRAND_GetRadioEntropy
                0x00011200      0x100 C:\Users\jains\SimplicityStudio\v4_workspace\BLE_server\platform\radio\rail_lib\autogen\librail_release\librail_efr32xg13_gcc_release.a(rf_rand.o)
                0x00011200                RFRAND_GetRadioEntropy
 .text.RFRAND_SeedProtimerRandom
                0x00011300       0x3c C:\Users\jains\SimplicityStudio\v4_workspace\BLE_server\platform\radio\rail_lib\autogen\librail_release\librail_efr32xg13_gcc_release.a(rf_rand.o)
                0x00011300                RFRAND_SeedProtimerRandom
 .text.RAIL_GetTxPowerCurve
                0x0001133c       0x14 C:\Users\jains\SimplicityStudio\v4_workspace\BLE_server\platform\radio\rail_lib\autogen\librail_release\librail_efr32xg13_gcc_release.a(pa_conversions_efr32.o)
                0x0001133c                RAIL_GetTxPowerCurve
 .text.RAIL_InitTxPowerCurves
                0x00011350       0x2c C:\Users\jains\SimplicityStudio\v4_workspace\BLE_server\platform\radio\rail_lib\autogen\librail_release\librail_efr32xg13_gcc_release.a(pa_conversions_efr32.o)
                0x00011350                RAIL_InitTxPowerCurves
 .text.RAIL_ConvertDbmToRaw
                0x0001137c       0xd8 C:\Users\jains\SimplicityStudio\v4_workspace\BLE_server\platform\radio\rail_lib\autogen\librail_release\librail_efr32xg13_gcc_release.a(pa_conversions_efr32.o)