Archive member included to satisfy reference by file (symbol)

C:\Users\jains\SimplicityStudio\v4_workspace\LETIMER_0\platform\radio\rail_lib\autogen\librail_release\librail_efr32xg13_gcc_release.a(rail_pti.o)
                              ./pti.o (RAIL_ConfigPti)
C:\Users\jains\SimplicityStudio\v4_workspace\LETIMER_0\platform\radio\rail_lib\autogen\librail_release\librail_efr32xg13_gcc_release.a(rail_rf_hal.o)
                              C:\Users\jains\SimplicityStudio\v4_workspace\LETIMER_0\platform\radio\rail_lib\autogen\librail_release\librail_efr32xg13_gcc_release.a(rail_pti.o) (RFHAL_ConfigPti)
C:\Users\jains\SimplicityStudio\v4_workspace\LETIMER_0\platform\radio\rail_lib\autogen\librail_release\librail_efr32xg13_gcc_release.a(rail_ieee802154_rf_hal.o)
                              C:\Users\jains\SimplicityStudio\v4_workspace\LETIMER_0\platform\radio\rail_lib\autogen\librail_release\librail_efr32xg13_gcc_release.a(rail_rf_hal.o) (RFHAL_IEEE802154IsEnabled)
C:\Users\jains\SimplicityStudio\v4_workspace\LETIMER_0\platform\radio\rail_lib\autogen\librail_release\librail_efr32xg13_gcc_release.a(ieee802154_efr32xg13_configurator_out.o)
                              C:\Users\jains\SimplicityStudio\v4_workspace\LETIMER_0\platform\radio\rail_lib\autogen\librail_release\librail_efr32xg13_gcc_release.a(rail_ieee802154_rf_hal.o) (ieee802154_coherent_min)
C:\Users\jains\SimplicityStudio\v4_workspace\LETIMER_0\platform\radio\rail_lib\autogen\librail_release\librail_efr32xg13_gcc_release.a(ieee802154_gb868_efr32xg13_configurator_out.o)
                              C:\Users\jains\SimplicityStudio\v4_workspace\LETIMER_0\platform\radio\rail_lib\autogen\librail_release\librail_efr32xg13_gcc_release.a(rail_ieee802154_rf_hal.o) (ieee802154_gb868_config_915_min)
C:\Users\jains\SimplicityStudio\v4_workspace\LETIMER_0\platform\radio\rail_lib\autogen\librail_release\librail_efr32xg13_gcc_release.a(rail_ble_rf_hal.o)
                              C:\Users\jains\SimplicityStudio\v4_workspace\LETIMER_0\platform\radio\rail_lib\autogen\librail_release\librail_efr32xg13_gcc_release.a(rail_rf_hal.o) (RFHAL_IsBleLongRangeEnabled)
C:\Users\jains\SimplicityStudio\v4_workspace\LETIMER_0\platform\radio\rail_lib\autogen\librail_release\librail_efr32xg13_gcc_release.a(ble_efr32xg13_configurator_out.o)
                              C:\Users\jains\SimplicityStudio\v4_workspace\LETIMER_0\platform\radio\rail_lib\autogen\librail_release\librail_efr32xg13_gcc_release.a(rail_ble_rf_hal.o) (ble_viterbi2M_min)
C:\Users\jains\SimplicityStudio\v4_workspace\LETIMER_0\platform\radio\rail_lib\autogen\librail_release\librail_efr32xg13_gcc_release.a(rail_singleprotocol.o)
                              C:\Users\jains\SimplicityStudio\v4_workspace\LETIMER_0\platform\radio\rail_lib\autogen\librail_release\librail_efr32xg13_gcc_release.a(rail_rf_hal.o) (RAIL_ActiveHandle)
C:\Users\jains\SimplicityStudio\v4_workspace\LETIMER_0\platform\radio\rail_lib\autogen\librail_release\librail_efr32xg13_gcc_release.a(rail_rf.o)
                              C:\Users\jains\SimplicityStudio\v4_workspace\LETIMER_0\platform\radio\rail_lib\autogen\librail_release\librail_efr32xg13_gcc_release.a(rail_singleprotocol.o) (RAILCore_Init)
C:\Users\jains\SimplicityStudio\v4_workspace\LETIMER_0\platform\radio\rail_lib\autogen\librail_release\librail_efr32xg13_gcc_release.a(rail_rx.o)
                              C:\Users\jains\SimplicityStudio\v4_workspace\LETIMER_0\platform\radio\rail_lib\autogen\librail_release\librail_efr32xg13_gcc_release.a(rail_rf_hal.o) (RAILCore_StartRx)
C:\Users\jains\SimplicityStudio\v4_workspace\LETIMER_0\platform\radio\rail_lib\autogen\librail_release\librail_efr32xg13_gcc_release.a(rail_tx.o)
                              C:\Users\jains\SimplicityStudio\v4_workspace\LETIMER_0\platform\radio\rail_lib\autogen\librail_release\librail_efr32xg13_gcc_release.a(rail_singleprotocol.o) (RAILCore_StartTxStream)
C:\Users\jains\SimplicityStudio\v4_workspace\LETIMER_0\platform\radio\rail_lib\autogen\librail_release\librail_efr32xg13_gcc_release.a(rail_calibration.o)
                              C:\Users\jains\SimplicityStudio\v4_workspace\LETIMER_0\platform\radio\rail_lib\autogen\librail_release\librail_efr32xg13_gcc_release.a(rail_rf_hal.o) (RAILInt_PendCal)
C:\Users\jains\SimplicityStudio\v4_workspace\LETIMER_0\platform\radio\rail_lib\autogen\librail_release\librail_efr32xg13_gcc_release.a(rail_data.o)
                              C:\Users\jains\SimplicityStudio\v4_workspace\LETIMER_0\platform\radio\rail_lib\autogen\librail_release\librail_efr32xg13_gcc_release.a(rail_rf_hal.o) (RAILCb_SetupRxFifo)
C:\Users\jains\SimplicityStudio\v4_workspace\LETIMER_0\platform\radio\rail_lib\autogen\librail_release\librail_efr32xg13_gcc_release.a(rail_assert.o)
                              C:\Users\jains\SimplicityStudio\v4_workspace\LETIMER_0\platform\radio\rail_lib\autogen\librail_release\librail_efr32xg13_gcc_release.a(rail_rf.o) (RAILInt_Assert)
[...]
Memory Configuration

Name             Origin             Length             Attributes
FLASH_BOOTLOADER 0x0fe10000         0x00004000         xr
FLASH            0x00000000         0x0007f000         xr
RAM              0x20000000         0x00010000         xrw
*default*        0x00000000         0xffffffff

Linker script and memory map

LOAD c:/siliconlabs/simplicitystudio/v4/developer/toolchains/gnu_arm/7.2_2017q4/bin/../lib/gcc/arm-none-eabi/7.2.1/thumb/v7e-m/fpv4-sp/softfp/crti.o
LOAD c:/siliconlabs/simplicitystudio/v4/developer/toolchains/gnu_arm/7.2_2017q4/bin/../lib/gcc/arm-none-eabi/7.2.1/thumb/v7e-m/fpv4-sp/softfp/crtbegin.o
LOAD c:/siliconlabs/simplicitystudio/v4/developer/toolchains/gnu_arm/7.2_2017q4/bin/../lib/gcc/arm-none-eabi/7.2.1/../../../../arm-none-eabi/lib/thumb/v7e-m/fpv4-sp/softfp/crt0.o
START GROUP
LOAD ./application_properties.o
LOAD ./gatt_db.o
LOAD ./init_app.o
LOAD ./init_board.o
LOAD ./init_mcu.o
LOAD ./main.o
LOAD ./pti.o
LOAD ./hardware/kit/common/bsp/bsp_stk.o
LOAD ./hardware/kit/common/drivers/i2cspm.o
LOAD ./hardware/kit/common/drivers/mx25flash_spi.o
LOAD ./hardware/kit/common/drivers/si7013.o
LOAD ./hardware/kit/common/drivers/tempsens.o
LOAD ./hardware/kit/common/drivers/udelay.o
LOAD ./platform/Device/SiliconLabs/EFR32BG13P/Source/GCC/startup_efr32bg13p.o
LOAD ./platform/Device/SiliconLabs/EFR32BG13P/Source/system_efr32bg13p.o
LOAD ./platform/emdrv/sleep/src/sleep.o
LOAD ./platform/emlib/src/em_acmp.o
LOAD ./platform/emlib/src/em_adc.o
LOAD ./platform/emlib/src/em_aes.o
LOAD ./platform/emlib/src/em_assert.o
LOAD ./platform/emlib/src/em_burtc.o
LOAD ./platform/emlib/src/em_can.o
LOAD ./platform/emlib/src/em_cmu.o
LOAD ./platform/emlib/src/em_core.o
LOAD ./platform/emlib/src/em_cryotimer.o
LOAD ./platform/emlib/src/em_crypto.o
LOAD ./platform/emlib/src/em_csen.o
LOAD ./platform/emlib/src/em_dac.o
LOAD ./platform/emlib/src/em_dbg.o
LOAD ./platform/emlib/src/em_dma.o
LOAD ./platform/emlib/src/em_ebi.o
LOAD ./platform/emlib/src/em_emu.o
LOAD ./platform/emlib/src/em_gpcrc.o
LOAD ./platform/emlib/src/em_gpio.o
LOAD ./platform/emlib/src/em_i2c.o
LOAD ./platform/emlib/src/em_idac.o
LOAD ./platform/emlib/src/em_int.o
LOAD ./platform/emlib/src/em_lcd.o
LOAD ./platform/emlib/src/em_ldma.o
LOAD ./platform/emlib/src/em_lesense.o
LOAD ./platform/emlib/src/em_letimer.o
LOAD ./platform/emlib/src/em_leuart.o
LOAD ./platform/emlib/src/em_mpu.o
LOAD ./platform/emlib/src/em_msc.o
LOAD ./platform/emlib/src/em_opamp.o
LOAD ./platform/emlib/src/em_pcnt.o
LOAD ./platform/emlib/src/em_prs.o
LOAD ./platform/emlib/src/em_qspi.o
LOAD ./platform/emlib/src/em_rmu.o
LOAD ./platform/emlib/src/em_rtc.o
LOAD ./platform/emlib/src/em_rtcc.o
LOAD ./platform/emlib/src/em_system.o
LOAD ./platform/emlib/src/em_timer.o
LOAD ./platform/emlib/src/em_usart.o
LOAD ./platform/emlib/src/em_vcmp.o
LOAD ./platform/emlib/src/em_vdac.o
LOAD ./platform/emlib/src/em_wdog.o
LOAD ./src/cmu.o
LOAD ./src/gpio.o
LOAD ./src/letimer0.o
LOAD ./src/sleepy.o
LOAD C:\Users\jains\SimplicityStudio\v4_workspace\LETIMER_0\platform\radio\rail_lib\autogen\librail_release\librail_efr32xg13_gcc_release.a
LOAD C:\Users\jains\SimplicityStudio\v4_workspace\LETIMER_0\protocol\bluetooth\lib\EFR32BG13P\GCC\binapploader.o
LOAD C:\Users\jains\SimplicityStudio\v4_workspace\LETIMER_0\protocol\bluetooth\lib\EFR32BG13P\GCC\libbluetooth.a
LOAD C:\Users\jains\SimplicityStudio\v4_workspace\LETIMER_0\protocol\bluetooth\lib\EFR32BG13P\GCC\libpsstore.a
LOAD C:\Users\jains\SimplicityStudio\v4_workspace\LETIMER_0\protocol\bluetooth\lib\EFR32BG13P\GCC\libmbedtls.a
LOAD c:/siliconlabs/simplicitystudio/v4/developer/toolchains/gnu_arm/7.2_2017q4/bin/../lib/gcc/arm-none-eabi/7.2.1/../../../../arm-none-eabi/lib/thumb/v7e-m/fpv4-sp/softfp\libm.a
END GROUP
START GROUP
LOAD c:/siliconlabs/simplicitystudio/v4/developer/toolchains/gnu_arm/7.2_2017q4/bin/../lib/gcc/arm-none-eabi/7.2.1/thumb/v7e-m/fpv4-sp/softfp\libgcc.a
LOAD c:/siliconlabs/simplicitystudio/v4/developer/toolchains/gnu_arm/7.2_2017q4/bin/../lib/gcc/arm-none-eabi/7.2.1/../../../../arm-none-eabi/lib/thumb/v7e-m/fpv4-sp/softfp\libc_nano.a
LOAD c:/siliconlabs/simplicitystudio/v4/developer/toolchains/gnu_arm/7.2_2017q4/bin/../lib/gcc/arm-none-eabi/7.2.1/../../../../arm-none-eabi/lib/thumb/v7e-m/fpv4-sp/softfp\libnosys.a
END GROUP
START GROUP
LOAD c:/siliconlabs/simplicitystudio/v4/developer/toolchains/gnu_arm/7.2_2017q4/bin/../lib/gcc/arm-none-eabi/7.2.1/thumb/v7e-m/fpv4-sp/softfp\libgcc.a
LOAD c:/siliconlabs/simplicitystudio/v4/developer/toolchains/gnu_arm/7.2_2017q4/bin/../lib/gcc/arm-none-eabi/7.2.1/../../../../arm-none-eabi/lib/thumb/v7e-m/fpv4-sp/softfp\libg_nano.a
LOAD c:/siliconlabs/simplicitystudio/v4/developer/toolchains/gnu_arm/7.2_2017q4/bin/../lib/gcc/arm-none-eabi/7.2.1/../../../../arm-none-eabi/lib/thumb/v7e-m/fpv4-sp/softfp\libc_nano.a
END GROUP
START GROUP
LOAD c:/siliconlabs/simplicitystudio/v4/developer/toolchains/gnu_arm/7.2_2017q4/bin/../lib/gcc/arm-none-eabi/7.2.1/thumb/v7e-m/fpv4-sp/softfp\libgcc.a
LOAD c:/siliconlabs/simplicitystudio/v4/developer/toolchains/gnu_arm/7.2_2017q4/bin/../lib/gcc/arm-none-eabi/7.2.1/../../../../arm-none-eabi/lib/thumb/v7e-m/fpv4-sp/softfp\libc_nano.a
END GROUP
LOAD c:/siliconlabs/simplicitystudio/v4/developer/toolchains/gnu_arm/7.2_2017q4/bin/../lib/gcc/arm-none-eabi/7.2.1/thumb/v7e-m/fpv4-sp/softfp/crtend.o
LOAD c:/siliconlabs/simplicitystudio/v4/developer/toolchains/gnu_arm/7.2_2017q4/bin/../lib/gcc/arm-none-eabi/7.2.1/thumb/v7e-m/fpv4-sp/softfp/crtn.o

.text_bootloader
                0x0fe10000        0x0
 *(.binbootloader*)
                0x0fe10000                . = ALIGN (0x4000)

.text_apploader
                0x00000000     0x8fc0
 *(.binapploader*)
 .binapploader  0x00000000     0x8fc0 C:\Users\jains\SimplicityStudio\v4_workspace\LETIMER_0\protocol\bluetooth\lib\EFR32BG13P\GCC\binapploader.o

.text_signature
                0x00008fc0       0x40
                0x00009000                . = ALIGN (0x800)
 *fill*         0x00008fc0       0x40 
                0x00009000                __text_start__ = .

.text_application
                0x00009000    0x202e0
 *(.vectors)
 .vectors       0x00009000       0xfc ./platform/Device/SiliconLabs/EFR32BG13P/Source/GCC/startup_efr32bg13p.o
                0x00009000                __Vectors
                0x000090fc                __Vectors_End = .
                0x000000fc                __Vectors_Size = (__Vectors_End - __Vectors)
                0x000090fc                __end__ = .
 *(.application_properties)
 .application_properties
                0x000090fc       0x38 ./application_properties.o
                0x000090fc                applicationProperties
 *(.gecko_configuration)
 *(.xo_configuration)
 *(.gatt_header)
 .gatt_header   0x00009134       0x34 ./gatt_db.o
                0x00009134                bg_gattdb_data
 *(.gatt_data)
 .gatt_data     0x00009168      0x1c6 ./gatt_db.o
                0x00009168                bg_gattdb_data_adv_uuid128_map
                0x0000916c                bg_gattdb_data_adv_uuid16_map
                0x00009170                bg_gattdb_data_attributes_dynamic_mapping_map
                0x00009178                bg_gattdb_data_attributes_map
                0x0000925c                bg_gattdb_data_attribute_field_0
                0x00009260                bg_gattdb_data_attribute_field_1
                0x00009268                bg_gattdb_data_attribute_field_2
                0x00009270                bg_gattdb_data_attribute_field_4
                0x00009274                bg_gattdb_data_attribute_field_5
                0x0000927c                bg_gattdb_data_attribute_field_6
                0x00009284                bg_gattdb_data_attribute_field_7
                0x0000928c                bg_gattdb_data_attribute_field_8
                0x00009290                bg_gattdb_data_attribute_field_9
                0x00009294                bg_gattdb_data_attribute_field_10
                0x0000929c                bg_gattdb_data_attribute_field_11
                0x000092ac                bg_gattdb_data_attribute_field_12
                0x000092b0                bg_gattdb_data_attribute_field_13
                0x000092b8                bg_gattdb_data_attribute_field_14
                0x000092c0                bg_gattdb_data_attribute_field_16
                0x000092d4                bg_gattdb_data_attribute_field_17
                0x000092ec                bg_gattdb_data_attribute_field_18
                0x000092f4                bg_gattdb_data_uuidtable_128_map
                0x00009314                bg_gattdb_data_uuidtable_16_map
 *(.text*)
 *fill*         0x0000932e        0x2 
 .text          0x00009330       0x40 c:/siliconlabs/simplicitystudio/v4/developer/toolchains/gnu_arm/7.2_2017q4/bin/../lib/gcc/arm-none-eabi/7.2.1/thumb/v7e-m/fpv4-sp/softfp/crtbegin.o
 .text          0x00009370       0x74 c:/siliconlabs/simplicitystudio/v4/developer/toolchains/gnu_arm/7.2_2017q4/bin/../lib/gcc/arm-none-eabi/7.2.1/../../../../arm-none-eabi/lib/thumb/v7e-m/fpv4-sp/softfp/crt0.o
                0x00009370                _start
                0x00009370                _mainCRTStartup
 .text.initBoard
                0x000093e4       0x48 ./init_board.o
                0x000093e4                initBoard
 .text.initMcu  0x0000942c      0x104 ./init_mcu.o
                0x0000942c                initMcu
 .text.main     0x00009530       0x54 ./main.o
                0x00009530                main
 .text.Wait_Flash_WarmUp
                0x00009584       0x1e ./hardware/kit/common/drivers/mx25flash_spi.o
                0x00009584                Wait_Flash_WarmUp
 *fill*         0x000095a2        0x2 
 .text.MX25_init
                0x000095a4       0x90 ./hardware/kit/common/drivers/mx25flash_spi.o
                0x000095a4                MX25_init
 .text.InsertDummyCycle
                0x00009634       0x20 ./hardware/kit/common/drivers/mx25flash_spi.o
                0x00009634                InsertDummyCycle
 .text.SendByte
                0x00009654       0x14 ./hardware/kit/common/drivers/mx25flash_spi.o
                0x00009654                SendByte
 .text.MX25_DP  0x00009668       0x38 ./hardware/kit/common/drivers/mx25flash_spi.o
                0x00009668                MX25_DP
 .text.Default_Handler
                0x000096a0        0x2 ./platform/Device/SiliconLabs/EFR32BG13P/Source/GCC/startup_efr32bg13p.o
                0x000096a0                DebugMon_Handler
                0x000096a0                USART0_TX_IRQHandler
                0x000096a0                I2C0_IRQHandler
                0x000096a0                HardFault_Handler
                0x000096a0                SysTick_Handler
                0x000096a0                USART1_RX_IRQHandler
                0x000096a0                PendSV_Handler
                0x000096a0                NMI_Handler
                0x000096a0                I2C1_IRQHandler
                0x000096a0                WTIMER0_IRQHandler
                0x000096a0                CRYPTO0_IRQHandler
                0x000096a0                WDOG0_IRQHandler
                0x000096a0                USART1_TX_IRQHandler
                0x000096a0                SMU_IRQHandler
                0x000096a0                MSC_IRQHandler
                0x000096a0                ADC0_IRQHandler
                0x000096a0                UsageFault_Handler
                0x000096a0                WDOG1_IRQHandler
                0x000096a0                LEUART0_IRQHandler
                0x000096a0                FPUEH_IRQHandler
                0x000096a0                GPIO_EVEN_IRQHandler
                0x000096a0                VDAC0_IRQHandler
                0x000096a0                LDMA_IRQHandler
                0x000096a0                CSEN_IRQHandler
                0x000096a0                CRYPTO1_IRQHandler
                0x000096a0                TIMER0_IRQHandler
                0x000096a0                TIMER1_IRQHandler
                0x000096a0                TRNG0_IRQHandler
                0x000096a0                USART2_RX_IRQHandler
                0x000096a0                Default_Handler
                0x000096a0                EMU_IRQHandler
                0x000096a0                CRYOTIMER_IRQHandler
                0x000096a0                PCNT0_IRQHandler
                0x000096a0                ACMP0_IRQHandler
                0x000096a0                USART0_RX_IRQHandler
                0x000096a0                MemManage_Handler
                0x000096a0                SVC_Handler
                0x000096a0                RTCC_IRQHandler
                0x000096a0                CMU_IRQHandler
                0x000096a0                GPIO_ODD_IRQHandler
                0x000096a0                LESENSE_IRQHandler
                0x000096a0                BusFault_Handler
                0x000096a0                USART2_TX_IRQHandler
                0x000096a0                IDAC0_IRQHandler
 *fill*         0x000096a2        0x2 
 .text.Reset_Handler
                0x000096a4       0x2c ./platform/Device/SiliconLabs/EFR32BG13P/Source/GCC/startup_efr32bg13p.o
                0x000096a4                Reset_Handler
 .text.SystemMaxCoreClockGet
                0x000096d0        0x8 ./platform/Device/SiliconLabs/EFR32BG13P/Source/system_efr32bg13p.o
                0x000096d0                SystemMaxCoreClockGet
 .text.SystemHFClockGet
                0x000096d8       0x50 ./platform/Device/SiliconLabs/EFR32BG13P/Source/system_efr32bg13p.o
                0x000096d8                SystemHFClockGet
 .text.SystemCoreClockGet
                0x00009728       0x24 ./platform/Device/SiliconLabs/EFR32BG13P/Source/system_efr32bg13p.o
                0x00009728                SystemCoreClockGet
 .text.SystemHFXOClockGet
                0x0000974c        0xc ./platform/Device/SiliconLabs/EFR32BG13P/Source/system_efr32bg13p.o
                0x0000974c                SystemHFXOClockGet
 .text.SystemHFXOClockSet
                0x00009758       0x24 ./platform/Device/SiliconLabs/EFR32BG13P/Source/system_efr32bg13p.o
                0x00009758                SystemHFXOClockSet
 .text.SystemInit
                0x0000977c       0x14 ./platform/Device/SiliconLabs/EFR32BG13P/Source/system_efr32bg13p.o
                0x0000977c                SystemInit
 .text.SystemLFRCOClockGet
                0x00009790        0x6 ./platform/Device/SiliconLabs/EFR32BG13P/Source/system_efr32bg13p.o
                0x00009790                SystemLFRCOClockGet
 .text.SystemULFRCOClockGet
                0x00009796        0x6 ./platform/Device/SiliconLabs/EFR32BG13P/Source/system_efr32bg13p.o
                0x00009796                SystemULFRCOClockGet
 .text.SystemLFXOClockGet
                0x0000979c        0xc ./platform/Device/SiliconLabs/EFR32BG13P/Source/system_efr32bg13p.o
                0x0000979c                SystemLFXOClockGet
 .text.SystemLFXOClockSet
                0x000097a8       0x24 ./platform/Device/SiliconLabs/EFR32BG13P/Source/system_efr32bg13p.o
                0x000097a8                SystemLFXOClockSet
 .text.sleepCallbackWrapper
                0x000097cc       0x14 ./platform/emdrv/sleep/src/sleep.o
 .text.SLEEP_Init
                0x000097e0       0x44 ./platform/emdrv/sleep/src/sleep.o
                0x000097e0                SLEEP_Init
 .text.SLEEP_SleepBlockBegin
                0x00009824       0x28 ./platform/emdrv/sleep/src/sleep.o
                0x00009824                SLEEP_SleepBlockBegin
 .text.setHfLeConfig
                0x0000984c       0x44 ./platform/emlib/src/em_cmu.o
 .text.flashWaitStateControl
                0x00009890       0x54 ./platform/emlib/src/em_cmu.o
 .text.flashWaitStateMax
                0x000098e4       0x24 ./platform/emlib/src/em_cmu.o
 .text.CMU_UpdateWaitStates
                0x00009908       0x20 ./platform/emlib/src/em_cmu.o
                0x00009908                CMU_UpdateWaitStates
 .text.CMU_ClockEnable
                0x00009928       0x8c ./platform/emlib/src/em_cmu.o
                0x00009928                CMU_ClockEnable
 .text.CMU_ClockSelectGet
                0x000099b4       0xf4 ./platform/emlib/src/em_cmu.o
                0x000099b4                CMU_ClockSelectGet
 .text.lfClkGet
                0x00009aa8       0x8c ./platform/emlib/src/em_cmu.o
 .text.CMU_ClockFreqGet
                0x00009b34      0x1c4 ./platform/emlib/src/em_cmu.o
                0x00009b34                CMU_ClockFreqGet
 .text.CMU_ClockPrescSet
                0x00009cf8      0x268 ./platform/emlib/src/em_cmu.o
                0x00009cf8                CMU_ClockPrescSet
 .text.CMU_ClockDivSet
                0x00009f60        0xa ./platform/emlib/src/em_cmu.o
                0x00009f60                CMU_ClockDivSet
 *fill*         0x00009f6a        0x2 
 .text.CMU_HFXOAutostartEnable
                0x00009f6c       0x64 ./platform/emlib/src/em_cmu.o
                0x00009f6c                CMU_HFXOAutostartEnable
 .text.CMU_OscillatorTuningSet
                0x00009fd0       0xac ./platform/emlib/src/em_cmu.o
                0x00009fd0                CMU_OscillatorTuningSet
 .text.CMU_OscillatorTuningWait
                0x0000a07c       0x50 ./platform/emlib/src/em_cmu.o
                0x0000a07c                CMU_OscillatorTuningWait
 .text.CMU_OscillatorTuningOptimize
                0x0000a0cc       0x2c ./platform/emlib/src/em_cmu.o
                0x0000a0cc                CMU_OscillatorTuningOptimize
 .text.CMU_OscillatorEnable
                0x0000a0f8      0x11c ./platform/emlib/src/em_cmu.o
                0x0000a0f8                CMU_OscillatorEnable
 .text.CMU_ClockSelectSet
                0x0000a214      0x1c4 ./platform/emlib/src/em_cmu.o
                0x0000a214                CMU_ClockSelectSet
 .text.CMU_HFXOInit
                0x0000a3d8       0x7c ./platform/emlib/src/em_cmu.o
                0x0000a3d8                CMU_HFXOInit
 .text.CMU_LFXOInit
                0x0000a454       0x40 ./platform/emlib/src/em_cmu.o
                0x0000a454                CMU_LFXOInit
 .text.CORE_EnterCritical
                0x0000a494        0x8 ./platform/emlib/src/em_core.o
                0x0000a494                CORE_EnterCritical
 .text.CORE_ExitCritical
                0x0000a49c        0x6 ./platform/emlib/src/em_core.o
                0x0000a49c                CORE_ExitCritical
 .text.CORE_AtomicDisableIrq
                0x0000a4a2        0x4 ./platform/emlib/src/em_core.o
                0x0000a4a2                CORE_AtomicDisableIrq
 .text.CORE_AtomicEnableIrq
                0x0000a4a6        0x4 ./platform/emlib/src/em_core.o
                0x0000a4a6                CORE_AtomicEnableIrq
 .text.CORE_EnterAtomic
                0x0000a4aa        0x8 ./platform/emlib/src/em_core.o
                0x0000a4aa                CORE_EnterAtomic
 .text.CORE_ExitAtomic
                0x0000a4b2        0x6 ./platform/emlib/src/em_core.o
                0x0000a4b2                CORE_ExitAtomic
 .text.CORE_SetNvicRamTableHandler
                0x0000a4b8       0x10 ./platform/emlib/src/em_core.o
                0x0000a4b8                CORE_SetNvicRamTableHandler
 .text.CORE_InitNvicVectorTable
                0x0000a4c8       0x58 ./platform/emlib/src/em_core.o
                0x0000a4c8                CORE_InitNvicVectorTable
 .text.CRYPTO_ModulusSet
                0x0000a520       0x2e ./platform/emlib/src/em_crypto.o
                0x0000a520                CRYPTO_ModulusSet
 .text.CRYPTO_KeyRead
                0x0000a54e       0x2c ./platform/emlib/src/em_crypto.o
                0x0000a54e                CRYPTO_KeyRead
 *fill*         0x0000a57a        0x2 
 .text.vScaleDownEM23Setup
                0x0000a57c       0x34 ./platform/emlib/src/em_emu.o
 .text.vScaleAfterWakeup
                0x0000a5b0       0x30 ./platform/emlib/src/em_emu.o
 .text.lpGetDevinfoVrefLowHigh
                0x0000a5e0       0xbc ./platform/emlib/src/em_emu.o
 .text.emState  0x0000a69c       0xfc ./platform/emlib/src/em_emu.o
 .text.EMU_EnterEM2
                0x0000a798       0x38 ./platform/emlib/src/em_emu.o
                0x0000a798                EMU_EnterEM2
 .text.EMU_EnterEM3
                0x0000a7d0       0x5c ./platform/emlib/src/em_emu.o
                0x0000a7d0                EMU_EnterEM3
 .text.EMU_VScaleEM01
                0x0000a82c       0x70 ./platform/emlib/src/em_emu.o
                0x0000a82c                EMU_VScaleEM01
 .text.EMU_VScaleEM01ByClock
                0x0000a89c       0x48 ./platform/emlib/src/em_emu.o
                0x0000a89c                EMU_VScaleEM01ByClock
 .text.EMU_EM01Init
                0x0000a8e4       0x18 ./platform/emlib/src/em_emu.o
                0x0000a8e4                EMU_EM01Init
 .text.EMU_EM23Init
                0x0000a8fc       0x18 ./platform/emlib/src/em_emu.o
                0x0000a8fc                EMU_EM23Init
 .text.EMU_DCDCModeSet
                0x0000a914       0x9c ./platform/emlib/src/em_emu.o
                0x0000a914                EMU_DCDCModeSet
 .text.EMU_DCDCOutputVoltageSet
                0x0000a9b0      0x1e0 ./platform/emlib/src/em_emu.o
                0x0000a9b0                EMU_DCDCOutputVoltageSet
 .text.EMU_DCDCOptimizeSlice
                0x0000ab90      0x10c ./platform/emlib/src/em_emu.o
                0x0000ab90                EMU_DCDCOptimizeSlice
 .text.EMU_DCDCLnRcoBandSet
                0x0000ac9c       0x28 ./platform/emlib/src/em_emu.o
                0x0000ac9c                EMU_DCDCLnRcoBandSet
 .text.EMU_DCDCInit
                0x0000acc4       0xf0 ./platform/emlib/src/em_emu.o
                0x0000acc4                EMU_DCDCInit
 .text.GPIO_DriveStrengthSet
                0x0000adb4       0x20 ./platform/emlib/src/em_gpio.o
                0x0000adb4                GPIO_DriveStrengthSet
 .text.GPIO_PinModeSet
                0x0000add4       0xb4 ./platform/emlib/src/em_gpio.o
                0x0000add4                GPIO_PinModeSet
 .text.LETIMER_CompareSet
                0x0000ae88       0x12 ./platform/emlib/src/em_letimer.o
                0x0000ae88                LETIMER_CompareSet
 .text.LETIMER_Init
                0x0000ae9a       0x66 ./platform/emlib/src/em_letimer.o
                0x0000ae9a                LETIMER_Init
 .text.MSC_Init
                0x0000af00       0x20 ./platform/emlib/src/em_msc.o
                0x0000af00                MSC_Init
 .text.MSC_Deinit
                0x0000af20       0x14 ./platform/emlib/src/em_msc.o
                0x0000af20                MSC_Deinit
 .text.RMU_ResetCauseClear
                0x0000af34        0xc ./platform/emlib/src/em_rmu.o
                0x0000af34                RMU_ResetCauseClear
 .text.RMU_ResetCauseGet
                0x0000af40       0x68 ./platform/emlib/src/em_rmu.o
                0x0000af40                RMU_ResetCauseGet
 .text.RTCC_Init
                0x0000afa8       0x64 ./platform/emlib/src/em_rtcc.o
                0x0000afa8                RTCC_Init
 .text.SYSTEM_ChipRevisionGet
                0x0000b00c       0x34 ./platform/emlib/src/em_system.o
                0x0000b00c                SYSTEM_ChipRevisionGet
 .text.USART_BaudrateSyncSet
                0x0000b040       0x24 ./platform/emlib/src/em_usart.o
                0x0000b040                USART_BaudrateSyncSet
 .text.USART_Reset
                0x0000b064       0x5c ./platform/emlib/src/em_usart.o
                0x0000b064                USART_Reset
 .text.USART_InitSync
                0x0000b0c0       0x82 ./platform/emlib/src/em_usart.o
                0x0000b0c0                USART_InitSync
 .text.USART_SpiTransfer
                0x0000b142       0x18 ./platform/emlib/src/em_usart.o
                0x0000b142                USART_SpiTransfer
 *fill*         0x0000b15a        0x2 
 .text.cmu_init
                0x0000b15c       0x48 ./src/cmu.o
                0x0000b15c                cmu_init
 .text.gpio_init
                0x0000b1a4       0x30 ./src/gpio.o
                0x0000b1a4                gpio_init
 *fill*         0x0000b1d4        0x4 
 .text.letimer_setup
                0x0000b1d8       0xe4 ./src/letimer0.o
                0x0000b1d8                letimer_setup
 .text.LETIMER0_IRQHandler
                0x0000b2bc       0x4c ./src/letimer0.o
                0x0000b2bc                LETIMER0_IRQHandler
 .text.sleepy   0x0000b308       0x54 ./src/sleepy.o
                0x0000b308                sleepy
 .text.BlockSleep
                0x0000b35c       0x20 ./src/sleepy.o
                0x0000b35c                BlockSleep
 .text.eventDefault
                0x0000b37c        0x2 C:\Users\jains\SimplicityStudio\v4_workspace\LETIMER_0\platform\radio\rail_lib\autogen\librail_release\librail_efr32xg13_gcc_release.a(rail_rf_hal.o)
 *fill*         0x0000b37e        0x2 
 .text.RFHAL_NotifyUserOfIrCal
                0x0000b380       0x78 C:\Users\jains\SimplicityStudio\v4_workspace\LETIMER_0\platform\radio\rail_lib\autogen\librail_release\librail_efr32xg13_gcc_release.a(rail_rf_hal.o)
 .text.GENERIC_PHY_EventCallback
                0x0000b3f8      0x194 C:\Users\jains\SimplicityStudio\v4_workspace\LETIMER_0\platform\radio\rail_lib\autogen\librail_release\librail_efr32xg13_gcc_release.a(rail_rf_hal.o)
                0x0000b3f8                GENERIC_PHY_EventCallback
 .text.RFHAL_IntEnable
                0x0000b58c       0x58 C:\Users\jains\SimplicityStudio\v4_workspace\LETIMER_0\platform\radio\rail_lib\autogen\librail_release\librail_efr32xg13_gcc_release.a(rail_rf_hal.o)
                0x0000b58c                RFHAL_IntEnable
 .text.RFHAL_SetEventCallback
                0x0000b5e4       0x18 C:\Users\jains\SimplicityStudio\v4_workspace\LETIMER_0\platform\radio\rail_lib\autogen\librail_release\librail_efr32xg13_gcc_release.a(rail_rf_hal.o)
                0x0000b5e4                RFHAL_SetEventCallback
 .text.RFHAL_SetPtiProtocol
                0x0000b5fc       0x20 C:\Users\jains\SimplicityStudio\v4_workspace\LETIMER_0\platform\radio\rail_lib\autogen\librail_release\librail_efr32xg13_gcc_release.a(rail_rf_hal.o)
                0x0000b5fc                RFHAL_SetPtiProtocol
 .text.RFHAL_Idle
                0x0000b61c       0x2a C:\Users\jains\SimplicityStudio\v4_workspace\LETIMER_0\platform\radio\rail_lib\autogen\librail_release\librail_efr32xg13_gcc_release.a(rail_rf_hal.o)
                0x0000b61c                RFHAL_Idle
 *fill*         0x0000b646        0x2 
 .text.RFHAL_GetRadioState
                0x0000b648       0x48 C:\Users\jains\SimplicityStudio\v4_workspace\LETIMER_0\platform\radio\rail_lib\autogen\librail_release\librail_efr32xg13_gcc_release.a(rail_rf_hal.o)
                0x0000b648                RFHAL_GetRadioState
 .text.RFHAL_OkToTransmit
                0x0000b690       0x18 C:\Users\jains\SimplicityStudio\v4_workspace\LETIMER_0\platform\radio\rail_lib\autogen\librail_release\librail_efr32xg13_gcc_release.a(rail_rf_hal.o)
                0x0000b690                RFHAL_OkToTransmit
 .text.RFHAL_ScheduleRx
                0x0000b6a8       0x5a C:\Users\jains\SimplicityStudio\v4_workspace\LETIMER_0\platform\radio\rail_lib\autogen\librail_release\librail_efr32xg13_gcc_release.a(rail_rf_hal.o)
                0x0000b6a8                RFHAL_ScheduleRx
 *fill*         0x0000b702        0x2 
 .text.RFHAL_EnableRxRawCapture
                0x0000b704       0x58 C:\Users\jains\SimplicityStudio\v4_workspace\LETIMER_0\platform\radio\rail_lib\autogen\librail_release\librail_efr32xg13_gcc_release.a(rail_rf_hal.o)
                0x0000b704                RFHAL_EnableRxRawCapture
 .text.RFHAL_DisableRxRawCapture
                0x0000b75c       0x50 C:\Users\jains\SimplicityStudio\v4_workspace\LETIMER_0\platform\radio\rail_lib\autogen\librail_release\librail_efr32xg13_gcc_release.a(rail_rf_hal.o)
                0x0000b75c                RFHAL_DisableRxRawCapture
 .text.RFHAL_AcceptCrcErrors
                0x0000b7ac       0x18 C:\Users\jains\SimplicityStudio\v4_workspace\LETIMER_0\platform\radio\rail_lib\autogen\librail_release\librail_efr32xg13_gcc_release.a(rail_rf_hal.o)
                0x0000b7ac                RFHAL_AcceptCrcErrors
 .text.RFHAL_ConfigRxOptions
                0x0000b7c4      0x124 C:\Users\jains\SimplicityStudio\v4_workspace\LETIMER_0\platform\radio\rail_lib\autogen\librail_release\librail_efr32xg13_gcc_release.a(rail_rf_hal.o)
                0x0000b7c4                RFHAL_ConfigRxOptions
 .text.RFHAL_GetTimer
                0x0000b8e8        0xc C:\Users\jains\SimplicityStudio\v4_workspace\LETIMER_0\platform\radio\rail_lib\autogen\librail_release\librail_efr32xg13_gcc_release.a(rail_rf_hal.o)
                0x0000b8e8                RFHAL_GetTimer
 .text.RFHAL_CancelTimer
                0x0000b8f4       0x28 C:\Users\jains\SimplicityStudio\v4_workspace\LETIMER_0\platform\radio\rail_lib\autogen\librail_release\librail_efr32xg13_gcc_release.a(rail_rf_hal.o)
                0x0000b8f4                RFHAL_CancelTimer
 .text.RFHAL_SetTimer
                0x0000b91c       0x7c C:\Users\jains\SimplicityStudio\v4_workspace\LETIMER_0\platform\radio\rail_lib\autogen\librail_release\librail_efr32xg13_gcc_release.a(rail_rf_hal.o)
                0x0000b91c                RFHAL_SetTimer
 .text.RFHAL_IsTimerExpired
                0x0000b998       0x1c C:\Users\jains\SimplicityStudio\v4_workspace\LETIMER_0\platform\radio\rail_lib\autogen\librail_release\librail_efr32xg13_gcc_release.a(rail_rf_hal.o)
                0x0000b998                RFHAL_IsTimerExpired
 .text.RFHAL_IsTimerRunning
                0x0000b9b4        0x6 C:\Users\jains\SimplicityStudio\v4_workspace\LETIMER_0\platform\radio\rail_lib\autogen\librail_release\librail_efr32xg13_gcc_release.a(rail_rf_hal.o)
                0x0000b9b4                RFHAL_IsTimerRunning
 *fill*         0x0000b9ba        0x2 
 .text.RFHAL_CalcBitRate
                0x0000b9bc        0xc C:\Users\jains\SimplicityStudio\v4_workspace\LETIMER_0\platform\radio\rail_lib\autogen\librail_release\librail_efr32xg13_gcc_release.a(rail_rf_hal.o)
                0x0000b9bc                RFHAL_CalcBitRate
 .text.RFHAL_GetBitRate
                0x0000b9c8       0x22 C:\Users\jains\SimplicityStudio\v4_workspace\LETIMER_0\platform\radio\rail_lib\autogen\librail_release\librail_efr32xg13_gcc_release.a(rail_rf_hal.o)
                0x0000b9c8                RFHAL_GetBitRate
 *fill*         0x0000b9ea        0x2 
 .text.RFHAL_SetTxTransitions
                0x0000b9ec       0x1c C:\Users\jains\SimplicityStudio\v4_workspace\LETIMER_0\platform\radio\rail_lib\autogen\librail_release\librail_efr32xg13_gcc_release.a(rail_rf_hal.o)
                0x0000b9ec                RFHAL_SetTxTransitions
 .text.RFHAL_SetRxTransitions
                0x0000ba08       0x1c C:\Users\jains\SimplicityStudio\v4_workspace\LETIMER_0\platform\radio\rail_lib\autogen\librail_release\librail_efr32xg13_gcc_release.a(rail_rf_hal.o)
                0x0000ba08                RFHAL_SetRxTransitions
 .text.RFHAL_SetCRCInitVal
                0x0000ba24        0x4 C:\Users\jains\SimplicityStudio\v4_workspace\LETIMER_0\platform\radio\rail_lib\autogen\librail_release\librail_efr32xg13_gcc_release.a(rail_rf_hal.o)
                0x0000ba24                RFHAL_SetCRCInitVal
 .text.RFHAL_ConfigTxPower
                0x0000ba28        0xc C:\Users\jains\SimplicityStudio\v4_workspace\LETIMER_0\platform\radio\rail_lib\autogen\librail_release\librail_efr32xg13_gcc_release.a(rail_rf_hal.o)
                0x0000ba28                RFHAL_ConfigTxPower
 .text.RFHAL_SetTxPowerUnchecked
                0x0000ba34       0x18 C:\Users\jains\SimplicityStudio\v4_workspace\LETIMER_0\platform\radio\rail_lib\autogen\librail_release\librail_efr32xg13_gcc_release.a(rail_rf_hal.o)
                0x0000ba34                RFHAL_SetTxPowerUnchecked
 .text.RFHAL_SetTxPower
                0x0000ba4c       0x40 C:\Users\jains\SimplicityStudio\v4_workspace\LETIMER_0\platform\radio\rail_lib\autogen\librail_release\librail_efr32xg13_gcc_release.a(rail_rf_hal.o)
                0x0000ba4c                RFHAL_SetTxPower
 .text.RFHAL_GetTxPowerConfig
                0x0000ba8c        0xc C:\Users\jains\SimplicityStudio\v4_workspace\LETIMER_0\platform\radio\rail_lib\autogen\librail_release\librail_efr32xg13_gcc_release.a(rail_rf_hal.o)
                0x0000ba8c                RFHAL_GetTxPowerConfig
 .text.RFHAL_GetTxPower
                0x0000ba98        0x4 C:\Users\jains\SimplicityStudio\v4_workspace\LETIMER_0\platform\radio\rail_lib\autogen\librail_release\librail_efr32xg13_gcc_release.a(rail_rf_hal.o)
                0x0000ba98                RFHAL_GetTxPower
 .text.RFHAL_SetChannel
                0x0000ba9c       0xc4 C:\Users\jains\SimplicityStudio\v4_workspace\LETIMER_0\platform\radio\rail_lib\autogen\librail_release\librail_efr32xg13_gcc_release.a(rail_rf_hal.o)
                0x0000ba9c                RFHAL_SetChannel
 .text.RFHAL_IsAutoAckEnabled
                0x0000bb60        0x6 C:\Users\jains\SimplicityStudio\v4_workspace\LETIMER_0\platform\radio\rail_lib\autogen\librail_release\librail_efr32xg13_gcc_release.a(rail_rf_hal.o)
                0x0000bb60                RFHAL_IsAutoAckEnabled
 *fill*         0x0000bb66        0x2 
 .text.RFHAL_AutoAckWaitForAck
                0x0000bb68       0x18 C:\Users\jains\SimplicityStudio\v4_workspace\LETIMER_0\platform\radio\rail_lib\autogen\librail_release\librail_efr32xg13_gcc_release.a(rail_rf_hal.o)
                0x0000bb68                RFHAL_AutoAckWaitForAck
 .text.preTxOps
                0x0000bb80       0xf4 C:\Users\jains\SimplicityStudio\v4_workspace\LETIMER_0\platform\radio\rail_lib\autogen\librail_release\librail_efr32xg13_gcc_release.a(rail_rf_hal.o)
 .text.RFHAL_StartTx
                0x0000bc74       0x12 C:\Users\jains\SimplicityStudio\v4_workspace\LETIMER_0\platform\radio\rail_lib\autogen\librail_release\librail_efr32xg13_gcc_release.a(rail_rf_hal.o)
                0x0000bc74                RFHAL_StartTx
 .text.RFHAL_StartScheduledTx
                0x0000bc86       0x3c C:\Users\jains\SimplicityStudio\v4_workspace\LETIMER_0\platform\radio\rail_lib\autogen\librail_release\librail_efr32xg13_gcc_release.a(rail_rf_hal.o)
                0x0000bc86                RFHAL_StartScheduledTx
 *fill*         0x0000bcc2        0x2 
 .text.RFHAL_GetRxPacketInfo
                0x0000bcc4       0x48 C:\Users\jains\SimplicityStudio\v4_workspace\LETIMER_0\platform\radio\rail_lib\autogen\librail_release\librail_efr32xg13_gcc_release.a(rail_rf_hal.o)
                0x0000bcc4                RFHAL_GetRxPacketInfo
 .text.RFHAL_GetRxPacketDetailsAlt
                0x0000bd0c       0x98 C:\Users\jains\SimplicityStudio\v4_workspace\LETIMER_0\platform\radio\rail_lib\autogen\librail_release\librail_efr32xg13_gcc_release.a(rail_rf_hal.o)
                0x0000bd0c                RFHAL_GetRxPacketDetailsAlt
 .text.RFHAL_GetRxPacketDetails
                0x0000bda4       0x22 C:\Users\jains\SimplicityStudio\v4_workspace\LETIMER_0\platform\radio\rail_lib\autogen\librail_release\librail_efr32xg13_gcc_release.a(rail_rf_hal.o)
                0x0000bda4                RFHAL_GetRxPacketDetails
 .text.RFHAL_SetTxBuffer
                0x0000bdc6       0x34 C:\Users\jains\SimplicityStudio\v4_workspace\LETIMER_0\platform\radio\rail_lib\autogen\librail_release\librail_efr32xg13_gcc_release.a(rail_rf_hal.o)
                0x0000bdc6                RFHAL_SetTxBuffer
 .text.RFHAL_SetRxBuffer
                0x0000bdfa       0x2c C:\Users\jains\SimplicityStudio\v4_workspace\LETIMER_0\platform\radio\rail_lib\autogen\librail_release\librail_efr32xg13_gcc_release.a(rail_rf_hal.o)
                0x0000bdfa                RFHAL_SetRxBuffer
 *fill*         0x0000be26        0x2 
 .text.RFHAL_ResetTxFifo
                0x0000be28       0x2c C:\Users\jains\SimplicityStudio\v4_workspace\LETIMER_0\platform\radio\rail_lib\autogen\librail_release\librail_efr32xg13_gcc_release.a(rail_rf_hal.o)
                0x0000be28                RFHAL_ResetTxFifo
 .text.RFHAL_WriteTxFifo
                0x0000be54       0x4c C:\Users\jains\SimplicityStudio\v4_workspace\LETIMER_0\platform\radio\rail_lib\autogen\librail_release\librail_efr32xg13_gcc_release.a(rail_rf_hal.o)
                0x0000be54                RFHAL_WriteTxFifo
 .text.RFHAL_ResetRxFifo
                0x0000bea0       0x40 C:\Users\jains\SimplicityStudio\v4_workspace\LETIMER_0\platform\radio\rail_lib\autogen\librail_release\librail_efr32xg13_gcc_release.a(rail_rf_hal.o)
                0x0000bea0                RFHAL_ResetRxFifo
 .text.RFHAL_ConfigData
                0x0000bee0       0x7c C:\Users\jains\SimplicityStudio\v4_workspace\LETIMER_0\platform\radio\rail_lib\autogen\librail_release\librail_efr32xg13_gcc_release.a(rail_rf_hal.o)
                0x0000bee0                RFHAL_ConfigData
 .text.RFHAL_SetAbortScheduledTxDuringRx
                0x0000bf5c       0x18 C:\Users\jains\SimplicityStudio\v4_workspace\LETIMER_0\platform\radio\rail_lib\autogen\librail_release\librail_efr32xg13_gcc_release.a(rail_rf_hal.o)
                0x0000bf5c                RFHAL_SetAbortScheduledTxDuringRx
 .text.RFHAL_ConfigRadio
                0x0000bf74       0xac C:\Users\jains\SimplicityStudio\v4_workspace\LETIMER_0\platform\radio\rail_lib\autogen\librail_release\librail_efr32xg13_gcc_release.a(rail_rf_hal.o)
                0x0000bf74                RFHAL_ConfigRadio
 .text.RFHAL_ConfigFrameTypeLength
                0x0000c020       0x70 C:\Users\jains\SimplicityStudio\v4_workspace\LETIMER_0\platform\radio\rail_lib\autogen\librail_release\librail_efr32xg13_gcc_release.a(rail_rf_hal.o)
                0x0000c020                RFHAL_ConfigFrameTypeLength
 .text.RFHAL_GetTime
                0x0000c090        0x4 C:\Users\jains\SimplicityStudio\v4_workspace\LETIMER_0\platform\radio\rail_lib\autogen\librail_release\librail_efr32xg13_gcc_release.a(rail_rf_hal.o)
                0x0000c090                RFHAL_GetTime
 .text.RFHAL_ResetAddressFilter
                0x0000c094       0x10 C:\Users\jains\SimplicityStudio\v4_workspace\LETIMER_0\platform\radio\rail_lib\autogen\librail_release\librail_efr32xg13_gcc_release.a(rail_rf_hal.o)
                0x0000c094                RFHAL_ResetAddressFilter
 .text.RFHAL_Init
                0x0000c0a4       0xa8 C:\Users\jains\SimplicityStudio\v4_workspace\LETIMER_0\platform\radio\rail_lib\autogen\librail_release\librail_efr32xg13_gcc_release.a(rail_rf_hal.o)
                0x0000c0a4                RFHAL_Init
 .text.RFHAL_GetRadioEntropy
                0x0000c14c        0x4 C:\Users\jains\SimplicityStudio\v4_workspace\LETIMER_0\platform\radio\rail_lib\autogen\librail_release\librail_efr32xg13_gcc_release.a(rail_rf_hal.o)
                0x0000c14c                RFHAL_GetRadioEntropy
 .text.RFHAL_SetStateTiming
                0x0000c150       0x56 C:\Users\jains\SimplicityStudio\v4_workspace\LETIMER_0\platform\radio\rail_lib\autogen\librail_release\librail_efr32xg13_gcc_release.a(rail_rf_hal.o)
                0x0000c150                RFHAL_SetStateTiming
 .text.RFHAL_IEEE802154IsEnabled
                0x0000c1a6        0x6 C:\Users\jains\SimplicityStudio\v4_workspace\LETIMER_0\platform\radio\rail_lib\autogen\librail_release\librail_efr32xg13_gcc_release.a(rail_ieee802154_rf_hal.o)
                0x0000c1a6                RFHAL_IEEE802154IsEnabled
 .text.RFHAL_ConfigBle2MbpsViterbi
                0x0000c1ac       0x28 C:\Users\jains\SimplicityStudio\v4_workspace\LETIMER_0\platform\radio\rail_lib\autogen\librail_release\librail_efr32xg13_gcc_release.a(rail_ble_rf_hal.o)
                0x0000c1ac                RFHAL_ConfigBle2MbpsViterbi
 .text.RFHAL_ConfigBle1MbpsViterbi
                0x0000c1d4       0x28 C:\Users\jains\SimplicityStudio\v4_workspace\LETIMER_0\platform\radio\rail_lib\autogen\librail_release\librail_efr32xg13_gcc_release.a(rail_ble_rf_hal.o)
                0x0000c1d4                RFHAL_ConfigBle1MbpsViterbi
 .text.RFHAL_ConfigBleCoded
                0x0000c1fc       0x34 C:\Users\jains\SimplicityStudio\v4_workspace\LETIMER_0\platform\radio\rail_lib\autogen\librail_release\librail_efr32xg13_gcc_release.a(rail_ble_rf_hal.o)
                0x0000c1fc                RFHAL_ConfigBleCoded
 .text.RFHAL_BleReinit
                0x0000c230       0x1c C:\Users\jains\SimplicityStudio\v4_workspace\LETIMER_0\platform\radio\rail_lib\autogen\librail_release\librail_efr32xg13_gcc_release.a(rail_ble_rf_hal.o)
                0x0000c230                RFHAL_BleReinit
 .text.RFHAL_BleInit
                0x0000c24c       0x12 C:\Users\jains\SimplicityStudio\v4_workspace\LETIMER_0\platform\radio\rail_lib\autogen\librail_release\librail_efr32xg13_gcc_release.a(rail_ble_rf_hal.o)
                0x0000c24c                RFHAL_BleInit
 *fill*         0x0000c25e        0x2 
 .text.RFHAL_IsBleLongRangeEnabled
                0x0000c260       0x18 C:\Users\jains\SimplicityStudio\v4_workspace\LETIMER_0\platform\radio\rail_lib\autogen\librail_release\librail_efr32xg13_gcc_release.a(rail_ble_rf_hal.o)
                0x0000c260                RFHAL_IsBleLongRangeEnabled
 .text.RFHAL_BLEPreambleSyncWordSet
                0x0000c278       0x44 C:\Users\jains\SimplicityStudio\v4_workspace\LETIMER_0\platform\radio\rail_lib\autogen\librail_release\librail_efr32xg13_gcc_release.a(rail_ble_rf_hal.o)
                0x0000c278                RFHAL_BLEPreambleSyncWordSet
 .text.RFHAL_BLEWhiteningSet
                0x0000c2bc       0x68 C:\Users\jains\SimplicityStudio\v4_workspace\LETIMER_0\platform\radio\rail_lib\autogen\librail_release\librail_efr32xg13_gcc_release.a(rail_ble_rf_hal.o)
                0x0000c2bc                RFHAL_BLEWhiteningSet
 .text.setMultiTimer
                0x0000c324        0x4 C:\Users\jains\SimplicityStudio\v4_workspace\LETIMER_0\platform\radio\rail_lib\autogen\librail_release\librail_efr32xg13_gcc_release.a(rail_singleprotocol.o)
 .text.cancelMultiTimer
                0x0000c328        0x4 C:\Users\jains\SimplicityStudio\v4_workspace\LETIMER_0\platform\radio\rail_lib\autogen\librail_release\librail_efr32xg13_gcc_release.a(rail_singleprotocol.o)
 .text.isMultiTimerExpired
                0x0000c32c        0x4 C:\Users\jains\SimplicityStudio\v4_workspace\LETIMER_0\platform\radio\rail_lib\autogen\librail_release\librail_efr32xg13_gcc_release.a(rail_singleprotocol.o)
 .text.getMultiTimer
                0x0000c330        0x4 C:\Users\jains\SimplicityStudio\v4_workspace\LETIMER_0\platform\radio\rail_lib\autogen\librail_release\librail_efr32xg13_gcc_release.a(rail_singleprotocol.o)
 .text.getActiveTimerCb
                0x0000c334       0x18 C:\Users\jains\SimplicityStudio\v4_workspace\LETIMER_0\platform\radio\rail_lib\autogen\librail_release\librail_efr32xg13_gcc_release.a(rail_singleprotocol.o)
 .text.isMultiTimerRunning
                0x0000c34c        0x4 C:\Users\jains\SimplicityStudio\v4_workspace\LETIMER_0\platform\radio\rail_lib\autogen\librail_release\librail_efr32xg13_gcc_release.a(rail_singleprotocol.o)
 .text.RAIL_Init
                0x0000c350       0x20 C:\Users\jains\SimplicityStudio\v4_workspace\LETIMER_0\platform\radio\rail_lib\autogen\librail_release\librail_efr32xg13_gcc_release.a(rail_singleprotocol.o)
                0x0000c350                RAIL_Init
 .text.RAIL_GetSchedulerStatus
                0x0000c370        0x4 C:\Users\jains\SimplicityStudio\v4_workspace\LETIMER_0\platform\radio\rail_lib\autogen\librail_release\librail_efr32xg13_gcc_release.a(rail_singleprotocol.o)
                0x0000c370                RAIL_GetSchedulerStatus
 .text.RAIL_Idle
                0x0000c374        0x8 C:\Users\jains\SimplicityStudio\v4_workspace\LETIMER_0\platform\radio\rail_lib\autogen\librail_release\librail_efr32xg13_gcc_release.a(rail_singleprotocol.o)
                0x0000c374                RAIL_Idle
 .text.RAIL_YieldRadio
                0x0000c37c        0x2 C:\Users\jains\SimplicityStudio\v4_workspace\LETIMER_0\platform\radio\rail_lib\autogen\librail_release\librail_efr32xg13_gcc_release.a(rail_singleprotocol.o)
                0x0000c37c                RAIL_YieldRadio
 .text.RAIL_GetRadioEntropy
                0x0000c37e        0x8 C:\Users\jains\SimplicityStudio\v4_workspace\LETIMER_0\platform\radio\rail_lib\autogen\librail_release\librail_efr32xg13_gcc_release.a(rail_singleprotocol.o)
                0x0000c37e                RAIL_GetRadioEntropy
 .text.RAIL_SetTimer
                0x0000c386       0x1c C:\Users\jains\SimplicityStudio\v4_workspace\LETIMER_0\platform\radio\rail_lib\autogen\librail_release\librail_efr32xg13_gcc_release.a(rail_singleprotocol.o)
                0x0000c386                RAIL_SetTimer
 .text.RAIL_CancelTimer
                0x0000c3a2        0xe C:\Users\jains\SimplicityStudio\v4_workspace\LETIMER_0\platform\radio\rail_lib\autogen\librail_release\librail_efr32xg13_gcc_release.a(rail_singleprotocol.o)
                0x0000c3a2                RAIL_CancelTimer
 .text.RAIL_StartTx
                0x0000c3b0        0x6 C:\Users\jains\SimplicityStudio\v4_workspace\LETIMER_0\platform\radio\rail_lib\autogen\librail_release\librail_efr32xg13_gcc_release.a(rail_singleprotocol.o)
                0x0000c3b0                RAIL_StartTx
 .text.RAIL_StartScheduledTx
                0x0000c3b6        0x6 C:\Users\jains\SimplicityStudio\v4_workspace\LETIMER_0\platform\radio\rail_lib\autogen\librail_release\librail_efr32xg13_gcc_release.a(rail_singleprotocol.o)
                0x0000c3b6                RAIL_StartScheduledTx
 .text.RAIL_ScheduleRx
                0x0000c3bc        0x6 C:\Users\jains\SimplicityStudio\v4_workspace\LETIMER_0\platform\radio\rail_lib\autogen\librail_release\librail_efr32xg13_gcc_release.a(rail_singleprotocol.o)
                0x0000c3bc                RAIL_ScheduleRx
 .text.radioConfigChangedDefault
                0x0000c3c2        0x2 C:\Users\jains\SimplicityStudio\v4_workspace\LETIMER_0\platform\radio\rail_lib\autogen\librail_release\librail_efr32xg13_gcc_release.a(rail_rf.o)
 .text.isTransitionState
                0x0000c3c4       0x12 C:\Users\jains\SimplicityStudio\v4_workspace\LETIMER_0\platform\radio\rail_lib\autogen\librail_release\librail_efr32xg13_gcc_release.a(rail_rf.o)
 .text.RAILCore_Init
                0x0000c3d6       0x12 C:\Users\jains\SimplicityStudio\v4_workspace\LETIMER_0\platform\radio\rail_lib\autogen\librail_release\librail_efr32xg13_gcc_release.a(rail_rf.o)
                0x0000c3d6                RAILCore_Init
 .text.RAILInt_SetCallbackConfig
                0x0000c3e8       0x20 C:\Users\jains\SimplicityStudio\v4_workspace\LETIMER_0\platform\radio\rail_lib\autogen\librail_release\librail_efr32xg13_gcc_release.a(rail_rf.o)
                0x0000c3e8                RAILInt_SetCallbackConfig
 .text.RAILCore_Idle
                0x0000c408       0x14 C:\Users\jains\SimplicityStudio\v4_workspace\LETIMER_0\platform\radio\rail_lib\autogen\librail_release\librail_efr32xg13_gcc_release.a(rail_rf.o)
                0x0000c408                RAILCore_Idle
 .text.RAILCb_CalcBitRate
                0x0000c41c        0x6 C:\Users\jains\SimplicityStudio\v4_workspace\LETIMER_0\platform\radio\rail_lib\autogen\librail_release\librail_efr32xg13_gcc_release.a(rail_rf.o)
                0x0000c41c                RAILCb_CalcBitRate
 .text.RAIL_SetStateTiming
                0x0000c422        0x6 C:\Users\jains\SimplicityStudio\v4_workspace\LETIMER_0\platform\radio\rail_lib\autogen\librail_release\librail_efr32xg13_gcc_release.a(rail_rf.o)
                0x0000c422                RAIL_SetStateTiming
 .text.RAILInt_IsPowerInRange
                0x0000c428       0x3c C:\Users\jains\SimplicityStudio\v4_workspace\LETIMER_0\platform\radio\rail_lib\autogen\librail_release\librail_efr32xg13_gcc_release.a(rail_rf.o)
                0x0000c428                RAILInt_IsPowerInRange
 .text.RAILInt_SetChannel
                0x0000c464      0x1c0 C:\Users\jains\SimplicityStudio\v4_workspace\LETIMER_0\platform\radio\rail_lib\autogen\librail_release\librail_efr32xg13_gcc_release.a(rail_rf.o)
                0x0000c464                RAILInt_SetChannel
 .text.RAILCore_ConfigChannels
                0x0000c624       0x60 C:\Users\jains\SimplicityStudio\v4_workspace\LETIMER_0\platform\radio\rail_lib\autogen\librail_release\librail_efr32xg13_gcc_release.a(rail_rf.o)
                0x0000c624                RAILCore_ConfigChannels
 .text.RAILInt_GetChannel
                0x0000c684        0x4 C:\Users\jains\SimplicityStudio\v4_workspace\LETIMER_0\platform\radio\rail_lib\autogen\librail_release\librail_efr32xg13_gcc_release.a(rail_rf.o)
                0x0000c684                RAILInt_GetChannel
 .text.RAILCore_SetTxTransitions
                0x0000c688       0x3c C:\Users\jains\SimplicityStudio\v4_workspace\LETIMER_0\platform\radio\rail_lib\autogen\librail_release\librail_efr32xg13_gcc_release.a(rail_rf.o)
                0x0000c688                RAILCore_SetTxTransitions
 .text.RAIL_SetTxTransitions
                0x0000c6c4        0x6 C:\Users\jains\SimplicityStudio\v4_workspace\LETIMER_0\platform\radio\rail_lib\autogen\librail_release\librail_efr32xg13_gcc_release.a(rail_rf.o)
                0x0000c6c4                RAIL_SetTxTransitions
 .text.RAILCore_SetRxTransitions
                0x0000c6ca       0x38 C:\Users\jains\SimplicityStudio\v4_workspace\LETIMER_0\platform\radio\rail_lib\autogen\librail_release\librail_efr32xg13_gcc_release.a(rail_rf.o)
                0x0000c6ca                RAILCore_SetRxTransitions
 .text.RAIL_SetRxTransitions
                0x0000c702        0x6 C:\Users\jains\SimplicityStudio\v4_workspace\LETIMER_0\platform\radio\rail_lib\autogen\librail_release\librail_efr32xg13_gcc_release.a(rail_rf.o)
                0x0000c702                RAIL_SetRxTransitions
 .text.RAIL_ConfigEvents
                0x0000c708        0x6 C:\Users\jains\SimplicityStudio\v4_workspace\LETIMER_0\platform\radio\rail_lib\autogen\librail_release\librail_efr32xg13_gcc_release.a(rail_rf.o)
                0x0000c708                RAIL_ConfigEvents
 .text.RAIL_ConfigRxOptions
                0x0000c70e        0x6 C:\Users\jains\SimplicityStudio\v4_workspace\LETIMER_0\platform\radio\rail_lib\autogen\librail_release\librail_efr32xg13_gcc_release.a(rail_rx.o)
                0x0000c70e                RAIL_ConfigRxOptions
 .text.RAILCore_ScheduleRx
                0x0000c714       0x2c C:\Users\jains\SimplicityStudio\v4_workspace\LETIMER_0\platform\radio\rail_lib\autogen\librail_release\librail_efr32xg13_gcc_release.a(rail_rx.o)
                0x0000c714                RAILCore_ScheduleRx
 .text.RAILCb_ConfigFrameTypeLength
                0x0000c740        0x6 C:\Users\jains\SimplicityStudio\v4_workspace\LETIMER_0\platform\radio\rail_lib\autogen\librail_release\librail_efr32xg13_gcc_release.a(rail_rx.o)
                0x0000c740                RAILCb_ConfigFrameTypeLength
 .text.RAIL_SetTxPower
                0x0000c746        0x6 C:\Users\jains\SimplicityStudio\v4_workspace\LETIMER_0\platform\radio\rail_lib\autogen\librail_release\librail_efr32xg13_gcc_release.a(rail_tx.o)
                0x0000c746                RAIL_SetTxPower
 .text.RAIL_ConfigTxPower
                0x0000c74c       0x1c C:\Users\jains\SimplicityStudio\v4_workspace\LETIMER_0\platform\radio\rail_lib\autogen\librail_release\librail_efr32xg13_gcc_release.a(rail_tx.o)
                0x0000c74c                RAIL_ConfigTxPower
 .text.RAILInt_PendCal
                0x0000c768       0x24 C:\Users\jains\SimplicityStudio\v4_workspace\LETIMER_0\platform\radio\rail_lib\autogen\librail_release\librail_efr32xg13_gcc_release.a(rail_calibration.o)
                0x0000c768                RAILInt_PendCal
 .text.RAIL_WriteTxFifo
                0x0000c78c        0x6 C:\Users\jains\SimplicityStudio\v4_workspace\LETIMER_0\platform\radio\rail_lib\autogen\librail_release\librail_efr32xg13_gcc_release.a(rail_data.o)
                0x0000c78c                RAIL_WriteTxFifo
 .text.RAIL_SetTxFifo
                0x0000c792        0x6 C:\Users\jains\SimplicityStudio\v4_workspace\LETIMER_0\platform\radio\rail_lib\autogen\librail_release\librail_efr32xg13_gcc_release.a(rail_data.o)
                0x0000c792                RAIL_SetTxFifo
 .text.RAIL_SetRxFifo
                0x0000c798        0x6 C:\Users\jains\SimplicityStudio\v4_workspace\LETIMER_0\platform\radio\rail_lib\autogen\librail_release\librail_efr32xg13_gcc_release.a(rail_data.o)
                0x0000c798                RAIL_SetRxFifo
 *fill*         0x0000c79e        0x2 
 .text.RAILCb_SetupRxFifo
                0x0000c7a0       0x30 C:\Users\jains\SimplicityStudio\v4_workspace\LETIMER_0\platform\radio\rail_lib\autogen\librail_release\librail_efr32xg13_gcc_release.a(rail_data.o)
                0x0000c7a0                RAILCb_SetupRxFifo
 .text.RAIL_GetRxPacketInfo
                0x0000c7d0        0x8 C:\Users\jains\SimplicityStudio\v4_workspace\LETIMER_0\platform\radio\rail_lib\autogen\librail_release\librail_efr32xg13_gcc_release.a(rail_data.o)
                0x0000c7d0                RAIL_GetRxPacketInfo
 .text.RAIL_GetRxPacketDetails
                0x0000c7d8        0x6 C:\Users\jains\SimplicityStudio\v4_workspace\LETIMER_0\platform\radio\rail_lib\autogen\librail_release\librail_efr32xg13_gcc_release.a(rail_data.o)
                0x0000c7d8                RAIL_GetRxPacketDetails
 .text.RAIL_ResetFifo
                0x0000c7de       0x1e C:\Users\jains\SimplicityStudio\v4_workspace\LETIMER_0\platform\radio\rail_lib\autogen\librail_release\librail_efr32xg13_gcc_release.a(rail_data.o)
                0x0000c7de                RAIL_ResetFifo
 .text.RAILCb_AssertFailed
                0x0000c7fc       0x14 C:\Users\jains\SimplicityStudio\v4_workspace\LETIMER_0\platform\radio\rail_lib\autogen\librail_release\librail_efr32xg13_gcc_release.a(rail_assert.o)
                0x0000c7fc                RAILCb_AssertFailed
 .text.RAILInt_Assert
                0x0000c810       0x1c C:\Users\jains\SimplicityStudio\v4_workspace\LETIMER_0\platform\radio\rail_lib\autogen\librail_release\librail_efr32xg13_gcc_release.a(rail_assert.o)
                0x0000c810                RAILInt_Assert
 .text.RAIL_GetTime
                0x0000c82c        0x4 C:\Users\jains\SimplicityStudio\v4_workspace\LETIMER_0\platform\radio\rail_lib\autogen\librail_release\librail_efr32xg13_gcc_release.a(rail_timer.o)
                0x0000c82c                RAIL_GetTime
 .text.checkAndAddRxLenOverflowEntry.part.0
                0x0000c830       0x2c C:\Users\jains\SimplicityStudio\v4_workspace\LETIMER_0\platform\radio\rail_lib\autogen\librail_release\librail_efr32xg13_gcc_release.a(bufc.o)
 .text.BUFC_ReadHelper
                0x0000c85c       0x7a C:\Users\jains\SimplicityStudio\v4_workspace\LETIMER_0\platform\radio\rail_lib\autogen\librail_release\librail_efr32xg13_gcc_release.a(bufc.o)
 *fill*         0x0000c8d6        0x2 
 .text.BUFC_SetTxBuffer
                0x0000c8d8       0x38 C:\Users\jains\SimplicityStudio\v4_workspace\LETIMER_0\platform\radio\rail_lib\autogen\librail_release\librail_efr32xg13_gcc_release.a(bufc.o)
                0x0000c8d8                BUFC_SetTxBuffer
 .text.BUFC_SetRxBuffer
                0x0000c910       0x1c C:\Users\jains\SimplicityStudio\v4_workspace\LETIMER_0\platform\radio\rail_lib\autogen\librail_release\librail_efr32xg13_gcc_release.a(bufc.o)
                0x0000c910                BUFC_SetRxBuffer
 .text.BUFC_WriteBuffer
                0x0000c92c       0xb0 C:\Users\jains\SimplicityStudio\v4_workspace\LETIMER_0\platform\radio\rail_lib\autogen\librail_release\librail_efr32xg13_gcc_release.a(bufc.o)
                0x0000c92c                BUFC_WriteBuffer
 .text.BUFC_Peek
                0x0000c9dc       0x12 C:\Users\jains\SimplicityStudio\v4_workspace\LETIMER_0\platform\radio\rail_lib\autogen\librail_release\librail_efr32xg13_gcc_release.a(bufc.o)
                0x0000c9dc                BUFC_Peek
 .text.BUFC_PeekByte
                0x0000c9ee       0x46 C:\Users\jains\SimplicityStudio\v4_workspace\LETIMER_0\platform\radio\rail_lib\autogen\librail_release\librail_efr32xg13_gcc_release.a(bufc.o)
                0x0000c9ee                BUFC_PeekByte
 .text.BUFC_GetSpaceAvailable
                0x0000ca34       0x24 C:\Users\jains\SimplicityStudio\v4_workspace\LETIMER_0\platform\radio\rail_lib\autogen\librail_release\librail_efr32xg13_gcc_release.a(bufc.o)
                0x0000ca34                BUFC_GetSpaceAvailable
 .text.BUFC_GetBytesAvailable
                0x0000ca58       0x14 C:\Users\jains\SimplicityStudio\v4_workspace\LETIMER_0\platform\radio\rail_lib\autogen\librail_release\librail_efr32xg13_gcc_release.a(bufc.o)
                0x0000ca58                BUFC_GetBytesAvailable
 .text.BUFC_TxAckBufferSet
                0x0000ca6c       0x2c C:\Users\jains\SimplicityStudio\v4_workspace\LETIMER_0\platform\radio\rail_lib\autogen\librail_release\librail_efr32xg13_gcc_release.a(bufc.o)
                0x0000ca6c                BUFC_TxAckBufferSet
 .text.BUFC_RxBufferReset
                0x0000ca98       0x5c C:\Users\jains\SimplicityStudio\v4_workspace\LETIMER_0\platform\radio\rail_lib\autogen\librail_release\librail_efr32xg13_gcc_release.a(bufc.o)
                0x0000ca98                BUFC_RxBufferReset
 .text.BUFC_Init
                0x0000caf4       0x50 C:\Users\jains\SimplicityStudio\v4_workspace\LETIMER_0\platform\radio\rail_lib\autogen\librail_release\librail_efr32xg13_gcc_release.a(bufc.o)
                0x0000caf4                BUFC_Init
 .text.BUFC_ReleaseRxPacket
                0x0000cb44      0x118 C:\Users\jains\SimplicityStudio\v4_workspace\LETIMER_0\platform\radio\rail_lib\autogen\librail_release\librail_efr32xg13_gcc_release.a(bufc.o)
                0x0000cb44                BUFC_ReleaseRxPacket
 .text.BUFC_StartRxLenThrEvent
                0x0000cc5c       0x50 C:\Users\jains\SimplicityStudio\v4_workspace\LETIMER_0\platform\radio\rail_lib\autogen\librail_release\librail_efr32xg13_gcc_release.a(bufc.o)
                0x0000cc5c                BUFC_StartRxLenThrEvent
 .text.BUFC_EndRxLenThrEvent
                0x0000ccac       0x1c C:\Users\jains\SimplicityStudio\v4_workspace\LETIMER_0\platform\radio\rail_lib\autogen\librail_release\librail_efr32xg13_gcc_release.a(bufc.o)
                0x0000ccac                BUFC_EndRxLenThrEvent
 .text.BUFC_HandleRxLenOvfEvent
                0x0000ccc8       0x30 C:\Users\jains\SimplicityStudio\v4_workspace\LETIMER_0\platform\radio\rail_lib\autogen\librail_release\librail_efr32xg13_gcc_release.a(bufc.o)
                0x0000ccc8                BUFC_HandleRxLenOvfEvent
 .text.BUFC_GetRxPacketInfo
                0x0000ccf8      0x168 C:\Users\jains\SimplicityStudio\v4_workspace\LETIMER_0\platform\radio\rail_lib\autogen\librail_release\librail_efr32xg13_gcc_release.a(bufc.o)
                0x0000ccf8                BUFC_GetRxPacketInfo
 .text.IRCAL_Set
                0x0000ce60       0x1c C:\Users\jains\SimplicityStudio\v4_workspace\LETIMER_0\platform\radio\rail_lib\autogen\librail_release\librail_efr32xg13_gcc_release.a(ir_cal.o)
                0x0000ce60                IRCAL_Set
 .text.getRampTimeFromLevelAndRate
                0x0000ce7c       0x20 C:\Users\jains\SimplicityStudio\v4_workspace\LETIMER_0\platform\radio\rail_lib\autogen\librail_release\librail_efr32xg13_gcc_release.a(pa.o)
 .text.PA_ProtectPa
                0x0000ce9c       0xa0 C:\Users\jains\SimplicityStudio\v4_workspace\LETIMER_0\platform\radio\rail_lib\autogen\librail_release\librail_efr32xg13_gcc_release.a(pa.o)
 .text.PA_GetTxPowerConfig
                0x0000cf3c       0x14 C:\Users\jains\SimplicityStudio\v4_workspace\LETIMER_0\platform\radio\rail_lib\autogen\librail_release\librail_efr32xg13_gcc_release.a(pa.o)
                0x0000cf3c                PA_GetTxPowerConfig
 .text.PA_GetPowerLevel
                0x0000cf50        0xc C:\Users\jains\SimplicityStudio\v4_workspace\LETIMER_0\platform\radio\rail_lib\autogen\librail_release\librail_efr32xg13_gcc_release.a(pa.o)
                0x0000cf50                PA_GetPowerLevel
 .text.PA_SetPowerLevel
                0x0000cf5c      0x178 C:\Users\jains\SimplicityStudio\v4_workspace\LETIMER_0\platform\radio\rail_lib\autogen\librail_release\librail_efr32xg13_gcc_release.a(pa.o)
                0x0000cf5c                PA_SetPowerLevel
 .text.PA_RunPeakDetectorHigh
                0x0000d0d4       0x40 C:\Users\jains\SimplicityStudio\v4_workspace\LETIMER_0\platform\radio\rail_lib\autogen\librail_release\librail_efr32xg13_gcc_release.a(pa.o)
                0x0000d0d4                PA_RunPeakDetectorHigh
 .text.PA_RunPeakDetectorLow
                0x0000d114        0x2 C:\Users\jains\SimplicityStudio\v4_workspace\LETIMER_0\platform\radio\rail_lib\autogen\librail_release\librail_efr32xg13_gcc_release.a(pa.o)
                0x0000d114                PA_RunPeakDetectorLow
 *fill*         0x0000d116        0x2 
 .text.PA_RunBatHigh
                0x0000d118       0x2c C:\Users\jains\SimplicityStudio\v4_workspace\LETIMER_0\platform\radio\rail_lib\autogen\librail_release\librail_efr32xg13_gcc_release.a(pa.o)
                0x0000d118                PA_RunBatHigh
 .text.PA_GetRampTime
                0x0000d144        0xc C:\Users\jains\SimplicityStudio\v4_workspace\LETIMER_0\platform\radio\rail_lib\autogen\librail_release\librail_efr32xg13_gcc_release.a(pa.o)
                0x0000d144                PA_GetRampTime
 .text.PA_CalcRampTime
                0x0000d150       0x3c C:\Users\jains\SimplicityStudio\v4_workspace\LETIMER_0\platform\radio\rail_lib\autogen\librail_release\librail_efr32xg13_gcc_release.a(pa.o)
                0x0000d150                PA_CalcRampTime
 .text.PA_SetRampTime
                0x0000d18c      0x100 C:\Users\jains\SimplicityStudio\v4_workspace\LETIMER_0\platform\radio\rail_lib\autogen\librail_release\librail_efr32xg13_gcc_release.a(pa.o)
                0x0000d18c                PA_SetRampTime
 .text.PA_SetCTune
                0x0000d28c       0x34 C:\Users\jains\SimplicityStudio\v4_workspace\LETIMER_0\platform\radio\rail_lib\autogen\librail_release\librail_efr32xg13_gcc_release.a(pa.o)
                0x0000d28c                PA_SetCTune
 .text.PA_SelectBand
                0x0000d2c0       0x38 C:\Users\jains\SimplicityStudio\v4_workspace\LETIMER_0\platform\radio\rail_lib\autogen\librail_release\librail_efr32xg13_gcc_release.a(pa.o)
                0x0000d2c0                PA_SelectBand
 .text.PA_Config
                0x0000d2f8      0x114 C:\Users\jains\SimplicityStudio\v4_workspace\LETIMER_0\platform\radio\rail_lib\autogen\librail_release\librail_efr32xg13_gcc_release.a(pa.o)
                0x0000d2f8                PA_Config
 .text.PA_UpdateConfig
                0x0000d40c       0x38 C:\Users\jains\SimplicityStudio\v4_workspace\LETIMER_0\platform\radio\rail_lib\autogen\librail_release\librail_efr32xg13_gcc_release.a(pa.o)
                0x0000d40c                PA_UpdateConfig
 .text.PROTIMER_Init
                0x0000d444       0xe4 C:\Users\jains\SimplicityStudio\v4_workspace\LETIMER_0\platform\radio\rail_lib\autogen\librail_release\librail_efr32xg13_gcc_release.a(protimer.o)
                0x0000d444                PROTIMER_Init
 .text.PROTIMER_Start
                0x0000d528       0x1c C:\Users\jains\SimplicityStudio\v4_workspace\LETIMER_0\platform\radio\rail_lib\autogen\librail_release\librail_efr32xg13_gcc_release.a(protimer.o)
                0x0000d528                PROTIMER_Start
 .text.PROTIMER_ElapsedTime
                0x0000d544       0x40 C:\Users\jains\SimplicityStudio\v4_workspace\LETIMER_0\platform\radio\rail_lib\autogen\librail_release\librail_efr32xg13_gcc_release.a(protimer.o)
                0x0000d544                PROTIMER_ElapsedTime
 .text.PROTIMER_CCTimerStop
                0x0000d584       0x20 C:\Users\jains\SimplicityStudio\v4_workspace\LETIMER_0\platform\radio\rail_lib\autogen\librail_release\librail_efr32xg13_gcc_release.a(protimer.o)
                0x0000d584                PROTIMER_CCTimerStop
 .text.PROTIMER_CCTimerIsEnabled
                0x0000d5a4       0x14 C:\Users\jains\SimplicityStudio\v4_workspace\LETIMER_0\platform\radio\rail_lib\autogen\librail_release\librail_efr32xg13_gcc_release.a(protimer.o)
                0x0000d5a4                PROTIMER_CCTimerIsEnabled
 .text.PROTIMER_CCTimerCapture
                0x0000d5b8       0x18 C:\Users\jains\SimplicityStudio\v4_workspace\LETIMER_0\platform\radio\rail_lib\autogen\librail_release\librail_efr32xg13_gcc_release.a(protimer.o)
                0x0000d5b8                PROTIMER_CCTimerCapture
 .text.PROTIMER_ClearRxEnable
                0x0000d5d0       0x10 C:\Users\jains\SimplicityStudio\v4_workspace\LETIMER_0\platform\radio\rail_lib\autogen\librail_release\librail_efr32xg13_gcc_release.a(protimer.o)
                0x0000d5d0                PROTIMER_ClearRxEnable
 .text.PROTIMER_GetTime
                0x0000d5e0       0x38 C:\Users\jains\SimplicityStudio\v4_workspace\LETIMER_0\platform\radio\rail_lib\autogen\librail_release\librail_efr32xg13_gcc_release.a(protimer.o)
                0x0000d5e0                PROTIMER_GetTime
 .text.PROTIMER_LBTStop
                0x0000d618       0x18 C:\Users\jains\SimplicityStudio\v4_workspace\LETIMER_0\platform\radio\rail_lib\autogen\librail_release\librail_efr32xg13_gcc_release.a(protimer.o)
                0x0000d618                PROTIMER_LBTStop
 .text.PROTIMER_PrecntOverflowToUs
                0x0000d630       0x34 C:\Users\jains\SimplicityStudio\v4_workspace\LETIMER_0\platform\radio\rail_lib\autogen\librail_release\librail_efr32xg13_gcc_release.a(protimer.o)
                0x0000d630                PROTIMER_PrecntOverflowToUs
 .text.PROTIMER_GetUsTime
                0x0000d664       0x18 C:\Users\jains\SimplicityStudio\v4_workspace\LETIMER_0\platform\radio\rail_lib\autogen\librail_release\librail_efr32xg13_gcc_release.a(protimer.o)
                0x0000d664                PROTIMER_GetUsTime
 .text.PROTIMER_GetUsFromRawWrap
                0x0000d67c       0x2e C:\Users\jains\SimplicityStudio\v4_workspace\LETIMER_0\platform\radio\rail_lib\autogen\librail_release\librail_efr32xg13_gcc_release.a(protimer.o)
                0x0000d67c                PROTIMER_GetUsFromRawWrap
 *fill*         0x0000d6aa        0x2 
 .text.PROTIMER_UsToPrecntOverflow
                0x0000d6ac       0x40 C:\Users\jains\SimplicityStudio\v4_workspace\LETIMER_0\platform\radio\rail_lib\autogen\librail_release\librail_efr32xg13_gcc_release.a(protimer.o)
                0x0000d6ac                PROTIMER_UsToPrecntOverflow
 .text.PROTIMER_CCTimerStart
                0x0000d6ec      0x1a8 C:\Users\jains\SimplicityStudio\v4_workspace\LETIMER_0\platform\radio\rail_lib\autogen\librail_release\librail_efr32xg13_gcc_release.a(protimer.o)
                0x0000d6ec                PROTIMER_CCTimerStart
 .text.PROTIMER_ScheduleTxEnable
                0x0000d894       0x28 C:\Users\jains\SimplicityStudio\v4_workspace\LETIMER_0\platform\radio\rail_lib\autogen\librail_release\librail_efr32xg13_gcc_release.a(protimer.o)
                0x0000d894                PROTIMER_ScheduleTxEnable
 .text.PROTIMER_ScheduleRxEnable
                0x0000d8bc       0x28 C:\Users\jains\SimplicityStudio\v4_workspace\LETIMER_0\platform\radio\rail_lib\autogen\librail_release\librail_efr32xg13_gcc_release.a(protimer.o)
                0x0000d8bc                PROTIMER_ScheduleRxEnable
 .text.PROTIMER_ScheduleRxDisable
                0x0000d8e4       0x34 C:\Users\jains\SimplicityStudio\v4_workspace\LETIMER_0\platform\radio\rail_lib\autogen\librail_release\librail_efr32xg13_gcc_release.a(protimer.o)
                0x0000d8e4                PROTIMER_ScheduleRxDisable
 .text.PROTIMER_DelayUs
                0x0000d918       0x16 C:\Users\jains\SimplicityStudio\v4_workspace\LETIMER_0\platform\radio\rail_lib\autogen\librail_release\librail_efr32xg13_gcc_release.a(protimer.o)
                0x0000d918                PROTIMER_DelayUs
 *fill*         0x0000d92e        0x2 
 .text.PTI_EnableAppendedInfo
                0x0000d930       0x18 C:\Users\jains\SimplicityStudio\v4_workspace\LETIMER_0\platform\radio\rail_lib\autogen\librail_release\librail_efr32xg13_gcc_release.a(pti.o)
                0x0000d930                PTI_EnableAppendedInfo
 .text.PTI_Enable
                0x0000d948       0x50 C:\Users\jains\SimplicityStudio\v4_workspace\LETIMER_0\platform\radio\rail_lib\autogen\librail_release\librail_efr32xg13_gcc_release.a(pti.o)
                0x0000d948                PTI_Enable
 .text.PTI_AuxdataOutput
                0x0000d998       0x1c C:\Users\jains\SimplicityStudio\v4_workspace\LETIMER_0\platform\radio\rail_lib\autogen\librail_release\librail_efr32xg13_gcc_release.a(pti.o)
                0x0000d998                PTI_AuxdataOutput
 .text.PTI_EnableSyncword
                0x0000d9b4       0x18 C:\Users\jains\SimplicityStudio\v4_workspace\LETIMER_0\platform\radio\rail_lib\autogen\librail_release\librail_efr32xg13_gcc_release.a(pti.o)
                0x0000d9b4                PTI_EnableSyncword
 .text.RADIO_SetAndForgetWrite
                0x0000d9cc       0x74 C:\Users\jains\SimplicityStudio\v4_workspace\LETIMER_0\platform\radio\rail_lib\autogen\librail_release\librail_efr32xg13_gcc_release.a(radio.o)
                0x0000d9cc                RADIO_SetAndForgetWrite
 .text.RADIO_RewriteCcTableData
                0x0000da40       0x34 C:\Users\jains\SimplicityStudio\v4_workspace\LETIMER_0\platform\radio\rail_lib\autogen\librail_release\librail_efr32xg13_gcc_release.a(radio.o)
                0x0000da40                RADIO_RewriteCcTableData
 .text.RADIO_SeqInit
                0x0000da74       0x64 C:\Users\jains\SimplicityStudio\v4_workspace\LETIMER_0\platform\radio\rail_lib\autogen\librail_release\librail_efr32xg13_gcc_release.a(radio.o)
                0x0000da74                RADIO_SeqInit
 .text.RADIO_ClockEnable
                0x0000dad8       0x14 C:\Users\jains\SimplicityStudio\v4_workspace\LETIMER_0\platform\radio\rail_lib\autogen\librail_release\librail_efr32xg13_gcc_release.a(radio.o)
                0x0000dad8                RADIO_ClockEnable
 .text.RADIO_Init
                0x0000daec       0x5c C:\Users\jains\SimplicityStudio\v4_workspace\LETIMER_0\platform\radio\rail_lib\autogen\librail_release\librail_efr32xg13_gcc_release.a(radio.o)
                0x0000daec                RADIO_Init
 .text.RADIO_ClockPrescGet
                0x0000db48       0x10 C:\Users\jains\SimplicityStudio\v4_workspace\LETIMER_0\platform\radio\rail_lib\autogen\librail_release\librail_efr32xg13_gcc_release.a(radio.o)
                0x0000db48                RADIO_ClockPrescGet
 .text.RADIO_ClockFreqGet
                0x0000db58       0x14 C:\Users\jains\SimplicityStudio\v4_workspace\LETIMER_0\platform\radio\rail_lib\autogen\librail_release\librail_efr32xg13_gcc_release.a(radio.o)
                0x0000db58                RADIO_ClockFreqGet
 .text.RADIO_Config
                0x0000db6c       0xb0 C:\Users\jains\SimplicityStudio\v4_workspace\LETIMER_0\platform\radio\rail_lib\autogen\librail_release\librail_efr32xg13_gcc_release.a(radio.o)
                0x0000db6c                RADIO_Config
 .text.RADIO_IsRxOnForRssi
                0x0000dc1c       0x18 C:\Users\jains\SimplicityStudio\v4_workspace\LETIMER_0\platform\radio\rail_lib\autogen\librail_release\librail_efr32xg13_gcc_release.a(radio.o)
                0x0000dc1c                RADIO_IsRxOnForRssi
 .text.RADIO_RxTrailDataLength
                0x0000dc34       0x3c C:\Users\jains\SimplicityStudio\v4_workspace\LETIMER_0\platform\radio\rail_lib\autogen\librail_release\librail_efr32xg13_gcc_release.a(radio.o)
                0x0000dc34                RADIO_RxTrailDataLength
 .text.RADIO_ComputeTxBaudrate
                0x0000dc70       0x24 C:\Users\jains\SimplicityStudio\v4_workspace\LETIMER_0\platform\radio\rail_lib\autogen\librail_release\librail_efr32xg13_gcc_release.a(radio.o)
                0x0000dc70                RADIO_ComputeTxBaudrate
 .text.RADIO_ComputeTxSymbolRate
                0x0000dc94       0x54 C:\Users\jains\SimplicityStudio\v4_workspace\LETIMER_0\platform\radio\rail_lib\autogen\librail_release\librail_efr32xg13_gcc_release.a(radio.o)
                0x0000dc94                RADIO_ComputeTxSymbolRate
 .text.RADIO_ComputeTxBitRate
                0x0000dce8       0x44 C:\Users\jains\SimplicityStudio\v4_workspace\LETIMER_0\platform\radio\rail_lib\autogen\librail_release\librail_efr32xg13_gcc_release.a(radio.o)
                0x0000dce8                RADIO_ComputeTxBitRate
 .text.RADIO_GetRssi
                0x0000dd2c       0x64 C:\Users\jains\SimplicityStudio\v4_workspace\LETIMER_0\platform\radio\rail_lib\autogen\librail_release\librail_efr32xg13_gcc_release.a(radio.o)
                0x0000dd2c                RADIO_GetRssi
 .text.RADIO_SetCRCInitVal
                0x0000dd90       0x10 C:\Users\jains\SimplicityStudio\v4_workspace\LETIMER_0\platform\radio\rail_lib\autogen\librail_release\librail_efr32xg13_gcc_release.a(radio.o)
                0x0000dd90                RADIO_SetCRCInitVal
 .text.RADIO_RACClearRxOverflow
                0x0000dda0       0x20 C:\Users\jains\SimplicityStudio\v4_workspace\LETIMER_0\platform\radio\rail_lib\autogen\librail_release\librail_efr32xg13_gcc_release.a(radio.o)
                0x0000dda0                RADIO_RACClearRxOverflow
 .text.RFSENSE_IRQHandler
                0x0000ddc0       0x10 C:\Users\jains\SimplicityStudio\v4_workspace\LETIMER_0\platform\radio\rail_lib\autogen\librail_release\librail_efr32xg13_gcc_release.a(rfsense.o)
                0x0000ddc0                RFSENSE_IRQHandler
 .text.PRORTC_IRQHandler
                0x0000ddd0       0x10 C:\Users\jains\SimplicityStudio\v4_workspace\LETIMER_0\platform\radio\rail_lib\autogen\librail_release\librail_efr32xg13_gcc_release.a(rtccsync.o)
                0x0000ddd0                PRORTC_IRQHandler
 .text.RTCCSYNC_Init
                0x0000dde0       0x88 C:\Users\jains\SimplicityStudio\v4_workspace\LETIMER_0\platform\radio\rail_lib\autogen\librail_release\librail_efr32xg13_gcc_release.a(rtccsync.o)
                0x0000dde0                RTCCSYNC_Init
 .text.SYNTH_RfFreqGet
                0x0000de68        0xc C:\Users\jains\SimplicityStudio\v4_workspace\LETIMER_0\platform\radio\rail_lib\autogen\librail_release\librail_efr32xg13_gcc_release.a(synth.o)
                0x0000de68                SYNTH_RfFreqGet
 .text.SYNTH_ChSpacingGet
                0x0000de74        0xc C:\Users\jains\SimplicityStudio\v4_workspace\LETIMER_0\platform\radio\rail_lib\autogen\librail_release\librail_efr32xg13_gcc_release.a(synth.o)
                0x0000de74                SYNTH_ChSpacingGet
 .text.SYNTH_LoDivGet
                0x0000de80       0x20 C:\Users\jains\SimplicityStudio\v4_workspace\LETIMER_0\platform\radio\rail_lib\autogen\librail_release\librail_efr32xg13_gcc_release.a(synth.o)
                0x0000de80                SYNTH_LoDivGet
 .text.SYNTH_Is2p4GHz
                0x0000dea0       0x14 C:\Users\jains\SimplicityStudio\v4_workspace\LETIMER_0\platform\radio\rail_lib\autogen\librail_release\librail_efr32xg13_gcc_release.a(synth.o)
                0x0000dea0                SYNTH_Is2p4GHz
 .text.SYNTH_VcoRangeIsValid
                0x0000deb4       0x30 C:\Users\jains\SimplicityStudio\v4_workspace\LETIMER_0\platform\radio\rail_lib\autogen\librail_release\librail_efr32xg13_gcc_release.a(synth.o)
                0x0000deb4                SYNTH_VcoRangeIsValid
 .text.SYNTH_RetimeLimitsConfig
                0x0000dee4       0x64 C:\Users\jains\SimplicityStudio\v4_workspace\LETIMER_0\platform\radio\rail_lib\autogen\librail_release\librail_efr32xg13_gcc_release.a(synth.o)
                0x0000dee4                SYNTH_RetimeLimitsConfig
 .text.SYNTH_RetimeClkConfig
                0x0000df48       0xb4 C:\Users\jains\SimplicityStudio\v4_workspace\LETIMER_0\platform\radio\rail_lib\autogen\librail_release\librail_efr32xg13_gcc_release.a(synth.o)
                0x0000df48                SYNTH_RetimeClkConfig
 .text.SYNTH_Config
                0x0000dffc      0x104 C:\Users\jains\SimplicityStudio\v4_workspace\LETIMER_0\platform\radio\rail_lib\autogen\librail_release\librail_efr32xg13_gcc_release.a(synth.o)
                0x0000dffc                SYNTH_Config
 .text.SYNTH_ChannelSet
                0x0000e100       0x40 C:\Users\jains\SimplicityStudio\v4_workspace\LETIMER_0\platform\radio\rail_lib\autogen\librail_release\librail_efr32xg13_gcc_release.a(synth.o)
                0x0000e100                SYNTH_ChannelSet
 .text.SYNTH_DCDCRetimeClkSet
                0x0000e140       0x68 C:\Users\jains\SimplicityStudio\v4_workspace\LETIMER_0\platform\radio\rail_lib\autogen\librail_release\librail_efr32xg13_gcc_release.a(synth.o)
                0x0000e140                SYNTH_DCDCRetimeClkSet
 .text.SYNTH_DCDCRetimeEnable
                0x0000e1a8       0x18 C:\Users\jains\SimplicityStudio\v4_workspace\LETIMER_0\platform\radio\rail_lib\autogen\librail_release\librail_efr32xg13_gcc_release.a(synth.o)
                0x0000e1a8                SYNTH_DCDCRetimeEnable
 .text.SYNTH_DCDCRetimeDisable
                0x0000e1c0       0x18 C:\Users\jains\SimplicityStudio\v4_workspace\LETIMER_0\platform\radio\rail_lib\autogen\librail_release\librail_efr32xg13_gcc_release.a(synth.o)
                0x0000e1c0                SYNTH_DCDCRetimeDisable
 .text.SYNTH_KvnFreqCompensationEnable
                0x0000e1d8        0xc C:\Users\jains\SimplicityStudio\v4_workspace\LETIMER_0\platform\radio\rail_lib\autogen\librail_release\librail_efr32xg13_gcc_release.a(synth.o)
                0x0000e1d8                SYNTH_KvnFreqCompensationEnable
 .text.TEMPCAL_Init
                0x0000e1e4       0x38 C:\Users\jains\SimplicityStudio\v4_workspace\LETIMER_0\platform\radio\rail_lib\autogen\librail_release\librail_efr32xg13_gcc_release.a(tempcal.o)
                0x0000e1e4                TEMPCAL_Init
 .text.TIMING_NsToStimerTickCalc
                0x0000e21c       0x2c C:\Users\jains\SimplicityStudio\v4_workspace\LETIMER_0\platform\radio\rail_lib\autogen\librail_release\librail_efr32xg13_gcc_release.a(timings.o)
 .text.TIMING_Recalculate
                0x0000e248      0x1ec C:\Users\jains\SimplicityStudio\v4_workspace\LETIMER_0\platform\radio\rail_lib\autogen\librail_release\librail_efr32xg13_gcc_release.a(timings.o)
 .text.TIMING_InitStimer
                0x0000e434       0x8c C:\Users\jains\SimplicityStudio\v4_workspace\LETIMER_0\platform\radio\rail_lib\autogen\librail_release\librail_efr32xg13_gcc_release.a(timings.o)
                0x0000e434                TIMING_InitStimer
 .text.TIMING_SeqTimingInit
                0x0000e4c0       0x90 C:\Users\jains\SimplicityStudio\v4_workspace\LETIMER_0\platform\radio\rail_lib\autogen\librail_release\librail_efr32xg13_gcc_release.a(timings.o)
                0x0000e4c0                TIMING_SeqTimingInit
 .text.TIMING_SetTransitionTime
                0x0000e550       0x18 C:\Users\jains\SimplicityStudio\v4_workspace\LETIMER_0\platform\radio\rail_lib\autogen\librail_release\librail_efr32xg13_gcc_release.a(timings.o)
                0x0000e550                TIMING_SetTransitionTime
 .text.TIMING_RxSearchTimeSet
                0x0000e568       0x10 C:\Users\jains\SimplicityStudio\v4_workspace\LETIMER_0\platform\radio\rail_lib\autogen\librail_release\librail_efr32xg13_gcc_release.a(timings.o)
                0x0000e568                TIMING_RxSearchTimeSet
 .text.TIMING_TxToRxSearchTimeSet
                0x0000e578       0x10 C:\Users\jains\SimplicityStudio\v4_workspace\LETIMER_0\platform\radio\rail_lib\autogen\librail_release\librail_efr32xg13_gcc_release.a(timings.o)
                0x0000e578                TIMING_TxToRxSearchTimeSet
 .text.TIMING_RecalculateAll
                0x0000e588        0x6 C:\Users\jains\SimplicityStudio\v4_workspace\LETIMER_0\platform\radio\rail_lib\autogen\librail_release\librail_efr32xg13_gcc_release.a(timings.o)
                0x0000e588                TIMING_RecalculateAll
 .text.TIMING_RecalculatePaRampChanged
                0x0000e58e        0x6 C:\Users\jains\SimplicityStudio\v4_workspace\LETIMER_0\platform\radio\rail_lib\autogen\librail_release\librail_efr32xg13_gcc_release.a(timings.o)
                0x0000e58e                TIMING_RecalculatePaRampChanged
 .text.TIMING_RecalculateViterbiChanged
                0x0000e594        0x6 C:\Users\jains\SimplicityStudio\v4_workspace\LETIMER_0\platform\radio\rail_lib\autogen\librail_release\librail_efr32xg13_gcc_release.a(timings.o)
                0x0000e594                TIMING_RecalculateViterbiChanged
 .text.TIMING_SetChainDelays
                0x0000e59a        0x8 C:\Users\jains\SimplicityStudio\v4_workspace\LETIMER_0\platform\radio\rail_lib\autogen\librail_release\librail_efr32xg13_gcc_release.a(timings.o)
                0x0000e59a                TIMING_SetChainDelays
 *fill*         0x0000e5a2        0x2 
 .text.TIMING_CalcAdjustUs
                0x0000e5a4       0x40 C:\Users\jains\SimplicityStudio\v4_workspace\LETIMER_0\platform\radio\rail_lib\autogen\librail_release\librail_efr32xg13_gcc_release.a(timings.o)
                0x0000e5a4                TIMING_CalcAdjustUs
 .text.TIMING_PacketBits
                0x0000e5e4       0x14 C:\Users\jains\SimplicityStudio\v4_workspace\LETIMER_0\platform\radio\rail_lib\autogen\librail_release\librail_efr32xg13_gcc_release.a(timings.o)
                0x0000e5e4                TIMING_PacketBits
 .text.TIMING_PreambleSyncBits
                0x0000e5f8       0x38 C:\Users\jains\SimplicityStudio\v4_workspace\LETIMER_0\platform\radio\rail_lib\autogen\librail_release\librail_efr32xg13_gcc_release.a(timings.o)
                0x0000e5f8                TIMING_PreambleSyncBits
 .text.TIMING_CalcRxTimeStampUs
                0x0000e630       0x66 C:\Users\jains\SimplicityStudio\v4_workspace\LETIMER_0\platform\radio\rail_lib\autogen\librail_release\librail_efr32xg13_gcc_release.a(timings.o)
                0x0000e630                TIMING_CalcRxTimeStampUs
 *fill*         0x0000e696        0x2 
 .text.TIMING_AdjustRxTimeStampUs
                0x0000e698       0x40 C:\Users\jains\SimplicityStudio\v4_workspace\LETIMER_0\platform\radio\rail_lib\autogen\librail_release\librail_efr32xg13_gcc_release.a(timings.o)
                0x0000e698                TIMING_AdjustRxTimeStampUs
 .text.RFRAND_GetRadioEntropy
                0x0000e6d8      0x100 C:\Users\jains\SimplicityStudio\v4_workspace\LETIMER_0\platform\radio\rail_lib\autogen\librail_release\librail_efr32xg13_gcc_release.a(rf_rand.o)
                0x0000e6d8                RFRAND_GetRadioEntropy
 .text.RFRAND_SeedProtimerRandom
                0x0000e7d8       0x3c C:\Users\jains\SimplicityStudio\v4_workspace\LETIMER_0\platform\radio\rail_lib\autogen\librail_release\librail_efr32xg13_gcc_release.a(rf_rand.o)
                0x0000e7d8                RFRAND_SeedProtimerRandom
 .text.RAIL_GetTxPowerCurve
                0x0000e814       0x14 C:\Users\jains\SimplicityStudio\v4_workspace\LETIMER_0\platform\radio\rail_lib\autogen\librail_release\librail_efr32xg13_gcc_release.a(pa_conversions_efr32.o)
                0x0000e814                RAIL_GetTxPowerCurve
 .text.RAIL_InitTxPowerCurves
                0x0000e828       0x2c C:\Users\jains\SimplicityStudio\v4_workspace\LETIMER_0\platform\radio\rail_lib\autogen\librail_release\librail_efr32xg13_gcc_release.a(pa_conversions_efr32.o)
                0x0000e828                RAIL_InitTxPowerCurves
 .text.RAIL_ConvertDbmToRaw
                0x0000e854       0xd8 C:\Users\jains\SimplicityStudio\v4_workspace\LETIMER_0\platform\radio\rail_lib\autogen\librail_release\librail_efr32xg13_gcc_release.a(pa_conversions_efr32.o)
                0x0000e854                RAIL_ConvertDbmToRaw
 .text.RAIL_ConvertRawToDbm
                0x0000e92c       0xb8 C:\Users\jains\SimplicityStudio\v4_workspace\LETIMER_0\platform\radio\rail_lib\autogen\librail_release\librail_efr32xg13_gcc_release.a(pa_conversions_efr32.o)
                0x0000e92c                RAIL_ConvertRawToDbm
 .text.GENERIC_PHY_EnableDisableInt
                0x0000e9e4       0x22 C:\Users\jains\SimplicityStudio\v4_workspace\LETIMER_0\platform\radio\rail_lib\autogen\librail_release\librail_efr32xg13_gcc_release.a(generic_phy.o)
 *fill*         0x0000ea06        0x2 
 .text.GENERIC_PHY_DisableRadioIrqs
                0x0000ea08       0x50 C:\Users\jains\SimplicityStudio\v4_workspace\LETIMER_0\platform\radio\rail_lib\autogen\librail_release\librail_efr32xg13_gcc_release.a(generic_phy.o)
 .text.GENERIC_PHY_ConfigureRollbackReporting
                0x0000ea58       0x68 C:\Users\jains\SimplicityStudio\v4_workspace\LETIMER_0\platform\radio\rail_lib\autogen\librail_release\librail_efr32xg13_gcc_release.a(generic_phy.o)
 .text.GENERIC_PHY_ClearPendedRxWindowEnd
                0x0000eac0       0x1c C:\Users\jains\SimplicityStudio\v4_workspace\LETIMER_0\platform\radio\rail_lib\autogen\librail_release\librail_efr32xg13_gcc_release.a(generic_phy.o)
 .text.GENERIC_PHY_RxOverflowHook
                0x0000eadc       0x34 C:\Users\jains\SimplicityStudio\v4_workspace\LETIMER_0\platform\radio\rail_lib\autogen\librail_release\librail_efr32xg13_gcc_release.a(generic_phy.o)
 .text.RADIO_RACRxAbort
                0x0000eb10       0x3c C:\Users\jains\SimplicityStudio\v4_workspace\LETIMER_0\platform\radio\rail_lib\autogen\librail_release\librail_efr32xg13_gcc_release.a(generic_phy.o)
 .text.GENERIC_PHY_CheckPendedRxWindowEnd
                0x0000eb4c       0x44 C:\Users\jains\SimplicityStudio\v4_workspace\LETIMER_0\platform\radio\rail_lib\autogen\librail_release\librail_efr32xg13_gcc_release.a(generic_phy.o)
 .text.GENERIC_PHY_ConfigureEvents
                0x0000eb90      0x2c8 C:\Users\jains\SimplicityStudio\v4_workspace\LETIMER_0\platform\radio\rail_lib\autogen\librail_release\librail_efr32xg13_gcc_release.a(generic_phy.o)
                0x0000eb90                GENERIC_PHY_ConfigureEvents
 .text.GENERIC_PHY_PacketTxCommon
                0x0000ee58       0x3c C:\Users\jains\SimplicityStudio\v4_workspace\LETIMER_0\platform\radio\rail_lib\autogen\librail_release\librail_efr32xg13_gcc_release.a(generic_phy.o)
                0x0000ee58                GENERIC_PHY_PacketTxCommon
 .text.GENERIC_PHY_PacketTx
                0x0000ee94       0x40 C:\Users\jains\SimplicityStudio\v4_workspace\LETIMER_0\platform\radio\rail_lib\autogen\librail_release\librail_efr32xg13_gcc_release.a(generic_phy.o)
                0x0000ee94                GENERIC_PHY_PacketTx
 .text.GENERIC_PHY_SchedulePacketRx
                0x0000eed4      0x100 C:\Users\jains\SimplicityStudio\v4_workspace\LETIMER_0\platform\radio\rail_lib\autogen\librail_release\librail_efr32xg13_gcc_release.a(generic_phy.o)
                0x0000eed4                GENERIC_PHY_SchedulePacketRx
 .text.GENERIC_PHY_SchedulePacketTx
                0x0000efd4       0x78 C:\Users\jains\SimplicityStudio\v4_workspace\LETIMER_0\platform\radio\rail_lib\autogen\librail_release\librail_efr32xg13_gcc_release.a(generic_phy.o)
                0x0000efd4                GENERIC_PHY_SchedulePacketTx
 .text.GENERIC_PHY_SeqAtomicLock
                0x0000f04c       0x30 C:\Users\jains\SimplicityStudio\v4_workspace\LETIMER_0\platform\radio\rail_lib\autogen\librail_release\librail_efr32xg13_gcc_release.a(generic_phy.o)
                0x0000f04c                GENERIC_PHY_SeqAtomicLock
 .text.GENERIC_PHY_RACConfig
                0x0000f07c       0x40 C:\Users\jains\SimplicityStudio\v4_workspace\LETIMER_0\platform\radio\rail_lib\autogen\librail_release\librail_efr32xg13_gcc_release.a(generic_phy.o)
                0x0000f07c                GENERIC_PHY_RACConfig
 .text.GENERIC_PHY_Init
                0x0000f0bc       0x70 C:\Users\jains\SimplicityStudio\v4_workspace\LETIMER_0\platform\radio\rail_lib\autogen\librail_release\librail_efr32xg13_gcc_release.a(generic_phy.o)
                0x0000f0bc                GENERIC_PHY_Init
 .text.GENERIC_PHY_ResetRxFifo
                0x0000f12c       0x30 C:\Users\jains\SimplicityStudio\v4_workspace\LETIMER_0\platform\radio\rail_lib\autogen\librail_release\librail_efr32xg13_gcc_release.a(generic_phy.o)
                0x0000f12c                GENERIC_PHY_ResetRxFifo
 .text.GENERIC_PHY_RadioIdle
                0x0000f15c      0x154 C:\Users\jains\SimplicityStudio\v4_workspace\LETIMER_0\platform\radio\rail_lib\autogen\librail_release\librail_efr32xg13_gcc_release.a(generic_phy.o)
                0x0000f15c                GENERIC_PHY_RadioIdle
 .text.FRC_IRQHandler
                0x0000f2b0      0x528 C:\Users\jains\SimplicityStudio\v4_workspace\LETIMER_0\platform\radio\rail_lib\autogen\librail_release\librail_efr32xg13_gcc_release.a(generic_phy.o)
                0x0000f2b0                FRC_IRQHandler
 .text.FRC_PRI_IRQHandler
                0x0000f7d8        0x4 C:\Users\jains\SimplicityStudio\v4_workspace\LETIMER_0\platform\radio\rail_lib\autogen\librail_release\librail_efr32xg13_gcc_release.a(generic_phy.o)
                0x0000f7d8                FRC_PRI_IRQHandler
 .text.BUFC_IRQHandler
                0x0000f7dc        0x4 C:\Users\jains\SimplicityStudio\v4_workspace\LETIMER_0\platform\radio\rail_lib\autogen\librail_release\librail_efr32xg13_gcc_release.a(generic_phy.o)
                0x0000f7dc                BUFC_IRQHandler
 .text.PROTIMER_IRQHandler
                0x0000f7e0        0x4 C:\Users\jains\SimplicityStudio\v4_workspace\LETIMER_0\platform\radio\rail_lib\autogen\librail_release\librail_efr32xg13_gcc_release.a(generic_phy.o)
                0x0000f7e0                PROTIMER_IRQHandler
 .text.RAC_SEQ_IRQHandler
                0x0000f7e4        0x4 C:\Users\jains\SimplicityStudio\v4_workspace\LETIMER_0\platform\radio\rail_lib\autogen\librail_release\librail_efr32xg13_gcc_release.a(generic_phy.o)
                0x0000f7e4                RAC_SEQ_IRQHandler
 .text.RAILCb_RadioStateChanged
                0x0000f7e8       0x14 C:\Users\jains\SimplicityStudio\v4_workspace\LETIMER_0\platform\radio\rail_lib\autogen\librail_release\librail_efr32xg13_gcc_release.a(generic_phy.o)
                0x0000f7e8                RAILCb_RadioStateChanged
 .text.RAC_RSM_IRQHandler
                0x0000f7fc       0x48 C:\Users\jains\SimplicityStudio\v4_workspace\LETIMER_0\platform\radio\rail_lib\autogen\librail_release\librail_efr32xg13_gcc_release.a(generic_phy.o)
                0x0000f7fc                RAC_RSM_IRQHandler
 .text.MODEM_IRQHandler
                0x0000f844        0x4 C:\Users\jains\SimplicityStudio\v4_workspace\LETIMER_0\platform\radio\rail_lib\autogen\librail_release\librail_efr32xg13_gcc_release.a(generic_phy.o)
                0x0000f844                MODEM_IRQHandler
 .text.AGC_IRQHandler
                0x0000f848       0x40 C:\Users\jains\SimplicityStudio\v4_workspace\LETIMER_0\platform\radio\rail_lib\autogen\librail_release\librail_efr32xg13_gcc_release.a(generic_phy.o)
                0x0000f848                AGC_IRQHandler
 .text.SYNTH_IRQHandler
                0x0000f888       0x10 C:\Users\jains\SimplicityStudio\v4_workspace\LETIMER_0\platform\radio\rail_lib\autogen\librail_release\librail_efr32xg13_gcc_release.a(generic_phy.o)
                0x0000f888                SYNTH_IRQHandler
 .text.GENERIC_PHY_SetFeatures
                0x0000f898       0x24 C:\Users\jains\SimplicityStudio\v4_workspace\LETIMER_0\platform\radio\rail_lib\autogen\librail_release\librail_efr32xg13_gcc_release.a(generic_phy.o)
                0x0000f898                GENERIC_PHY_SetFeatures
 .text.GENERIC_PHY_IsFeatureEnabled
                0x0000f8bc       0x14 C:\Users\jains\SimplicityStudio\v4_workspace\LETIMER_0\platform\radio\rail_lib\autogen\librail_release\librail_efr32xg13_gcc_release.a(generic_phy.o)
                0x0000f8bc                GENERIC_PHY_IsFeatureEnabled
 .text.CORTEX_UTILS_BitsetLowestSetBit
                0x0000f8d0       0x26 C:\Users\jains\SimplicityStudio\v4_workspace\LETIMER_0\platform\radio\rail_lib\autogen\librail_release\librail_efr32xg13_gcc_release.a(cortex_utils.o)
                0x0000f8d0                CORTEX_UTILS_BitsetLowestSetBit
 *fill*         0x0000f8f6        0x2 
 .text.gecko_init_alloc
                0x0000f8f8       0x38 C:\Users\jains\SimplicityStudio\v4_workspace\LETIMER_0\protocol\bluetooth\lib\EFR32BG13P\GCC\libbluetooth.a(bglib.c.obj)
                0x0000f8f8                gecko_init_alloc
 .text.user_signal_message_handler
                0x0000f930       0x2c C:\Users\jains\SimplicityStudio\v4_workspace\LETIMER_0\protocol\bluetooth\lib\EFR32BG13P\GCC\libbluetooth.a(bglib.c.obj)
 .text.set_ctune
                0x0000f95c       0x64 C:\Users\jains\SimplicityStudio\v4_workspace\LETIMER_0\protocol\bluetooth\lib\EFR32BG13P\GCC\libbluetooth.a(bglib.c.obj)
                0x0000f95c                set_ctune
 .text.check_ctune_override
                0x0000f9c0       0x2c C:\Users\jains\SimplicityStudio\v4_workspace\LETIMER_0\protocol\bluetooth\lib\EFR32BG13P\GCC\libbluetooth.a(bglib.c.obj)
                0x0000f9c0                check_ctune_override
 .text.gecko_stack_init
                0x0000f9ec      0x25c C:\Users\jains\SimplicityStudio\v4_workspace\LETIMER_0\protocol\bluetooth\lib\EFR32BG13P\GCC\libbluetooth.a(bglib.c.obj)
                0x0000f9ec                gecko_stack_init
 .text.gecko_stack_update_callback
                0x0000fc48       0x10 C:\Users\jains\SimplicityStudio\v4_workspace\LETIMER_0\protocol\bluetooth\lib\EFR32BG13P\GCC\libbluetooth.a(bglib.c.obj)
                0x0000fc48                gecko_stack_update_callback
 .text.gap_is_scanning_or_advertising.part.0
                0x0000fc58       0x2c C:\Users\jains\SimplicityStudio\v4_workspace\LETIMER_0\protocol\bluetooth\lib\EFR32BG13P\GCC\libbluetooth.a(gap.c.obj)
 .text.gap_is_resolvable
                0x0000fc84       0x18 C:\Users\jains\SimplicityStudio\v4_workspace\LETIMER_0\protocol\bluetooth\lib\EFR32BG13P\GCC\libbluetooth.a(gap.c.obj)
                0x0000fc84                gap_is_resolvable
 .text.gap_init
                0x0000fc9c       0x14 C:\Users\jains\SimplicityStudio\v4_workspace\LETIMER_0\protocol\bluetooth\lib\EFR32BG13P\GCC\libbluetooth.a(gap.c.obj)
                0x0000fc9c                gap_init
 .text.gap_reset_state
                0x0000fcb0       0xb8 C:\Users\jains\SimplicityStudio\v4_workspace\LETIMER_0\protocol\bluetooth\lib\EFR32BG13P\GCC\libbluetooth.a(gap.c.obj)